ARM Linker, 4.1 [Build 567] [Standard]

==============================================================================

Section Cross References

    ch563.o(.text) refers to ch563sock.o(i.CH563NET_ETHIsr) for CH563NET_ETHIsr
    ch563.o(.text) refers to ch563sock.o(i.CH563NET_TimeIsr) for CH563NET_TimeIsr
    ch563.o(.text) refers to plc.o(.text) for Proc_plc_code
    ch563.o(.text) refers to printf8.o(i.__0printf$8) for __2printf
    ch563.o(.text) refers to ch563sock.o(i.CH563NET_GetVer) for CH563NET_GetVer
    ch563.o(.text) refers to ch563sock.o(i.CH563NET_ConfigLIB) for CH563NET_ConfigLIB
    ch563.o(.text) refers to ch563sock.o(i.CH563NET_Init) for CH563NET_Init
    ch563.o(.text) refers to ch563sock.o(i.CH563NET_SocketRecvLen) for CH563NET_SocketRecvLen
    ch563.o(.text) refers to ch563sock.o(i.CH563NET_SocketRecv) for CH563NET_SocketRecv
    ch563.o(.text) refers to memcpya.o(.text) for __aeabi_memcpy
    ch563.o(.text) refers to main.o(.text) for Data_Process
    ch563.o(.text) refers to ch563sock.o(i.CH563NET_SocketSend) for CH563NET_SocketSend
    ch563.o(.text) refers to main.o(.data) for PLC_Count
    ch563.o(.text) refers to ch563sock.o(.data) for CH563NETConfig
    ch563.o(.text) refers to main.o(.bss) for FirstBuf_Tx
    ch563.o(.text) refers to ch563.o(.bss) for FirstBuf_Rx
    ch563.o(.text) refers to ch563.o(.data) for Front
    ch563.o(.text) refers to ch563sock.o(i.CH563NET_GetGlobalInt) for CH563NET_GetGlobalInt
    ch563.o(.text) refers to ch563sock.o(i.CH563NET_GetPHYStatus) for CH563NET_GetPHYStatus
    ch563.o(.text) refers to ch563sock.o(i.CH563NET_GetSocketInt) for CH563NET_GetSocketInt
    ch563.o(.text) refers to memseta.o(.text) for __aeabi_memclr4
    ch563.o(.text) refers to ch563sock.o(i.CH563NET_SocketCreat) for CH563NET_SocketCreat
    ch563.o(.text) refers to ch563sock.o(.bss) for CH563Inf
    ch563.o(.text) refers to ch563.o(.constdata) for DESIP
    main.o(.text) refers to uidiv.o(.text) for __aeabi_uidivmod
    main.o(.text) refers to eeprom.o(.text) for CH563_EEPROM_ERASE
    main.o(.text) refers to memcpya.o(.text) for __aeabi_memcpy
    main.o(.text) refers to idiv.o(.text) for __aeabi_idivmod
    main.o(.text) refers to ch563.o(.text) for CH563NET_LibInit
    main.o(.text) refers to printf8.o(i.__0printf$8) for __2printf
    main.o(.text) refers to ch563sock.o(i.CH563NET_MainTask) for CH563NET_MainTask
    main.o(.text) refers to ch563sock.o(i.CH563NET_QueryGlobalInt) for CH563NET_QueryGlobalInt
    main.o(.text) refers to ch563.o(.bss) for Buff_Rx
    main.o(.text) refers to ch563.o(.data) for IPAddr
    main.o(.text) refers to main.o(.bss) for EEPROM_CODE
    main.o(.text) refers to main.o(.data) for LENGH_TX
    main.o(.text) refers to plc.o(.bss) for EEPROM_BUFF
    main.o(.text) refers to ch563.o(.constdata) for MACAddr
    plc.o(.text) refers to plc.o(.bss) for EEPROM_BUFF
    plc.o(.text) refers to main.o(.bss) for EEPROM_CODE
    startup.o(RESET) refers to ch563.o(.text) for IRQ_Handler
    startup.o(RESET) refers to sysfreq.o(.text) for SysFreq
    startup.o(RESET) refers to entry.o(.ARM.Collect$$$$00000000) for __main
    startup.o(RESET) refers to startup.o(STACK) for Stack_Top
    eeprom.o(.text) refers to ISPXT563.O(.text) for EEPROM_READ
    ch563sock.o(i.CH563EtherNetIsr) refers to ch563sock.o(.bss) for .bss
    ch563sock.o(i.CH563FileCorrectTCBPcb) refers to ch563.o(.bss) for SocketInf
    ch563sock.o(i.CH563FileCorrectTCBPcb) refers to ch563sock.o(.data) for .data
    ch563sock.o(i.CH563IPClose) refers to netif.o(i.netif_remove) for netif_remove
    ch563sock.o(i.CH563IPClose) refers to ethernetif.o(.bss) for CH563NetIf
    ch563sock.o(i.CH563IPSetSocketRecvInit) refers to ch563sock.o(i.CH563ScokedIntHandle) for CH563ScokedIntHandle
    ch563sock.o(i.CH563IPSetSocketRecvInit) refers to ch563.o(.bss) for SocketInf
    ch563sock.o(i.CH563IPSetSocketRecvInit) refers to ch563sock.o(.data) for .data
    ch563sock.o(i.CH563NET_Aton) refers to inet.o(i.inet_aton) for inet_aton
    ch563sock.o(i.CH563NET_ConfigKeepLive) refers to ch563sock.o(.bss) for .bss
    ch563sock.o(i.CH563NET_ConfigLIB) refers to ch563sock.o(.bss) for .bss
    ch563sock.o(i.CH563NET_ETHIsr) refers to ftmac110.o(i.ftmac110_isr) for ftmac110_isr
    ch563sock.o(i.CH563NET_GetGlobalInt) refers to ch563sock.o(i.CH563NET_QueryGlobalInt) for CH563NET_QueryGlobalInt
    ch563sock.o(i.CH563NET_GetGlobalInt) refers to ch563sock.o(.bss) for .bss
    ch563sock.o(i.CH563NET_GetPHYStatus) refers to ch563sock.o(.bss) for .bss
    ch563sock.o(i.CH563NET_GetSocketInt) refers to ch563sock.o(.data) for .data
    ch563sock.o(i.CH563NET_GetSocketInt) refers to ch563.o(.bss) for SocketInf
    ch563sock.o(i.CH563NET_Init) refers to memseta.o(.text) for __aeabi_memclr4
    ch563sock.o(i.CH563NET_Init) refers to memcpya.o(.text) for __aeabi_memcpy
    ch563sock.o(i.CH563NET_Init) refers to ch563sock.o(i.CH563SocketInit) for CH563SocketInit
[...]
    .text                                    0x00001adc   Section        0  ISPXT563.O(.text)
    FLASH_ROM_BEG                            0x00001adc   ARM Code      32  ISPXT563.O(.text)
    FLASH_ROM_END                            0x00001afc   ARM Code      36  ISPXT563.O(.text)
    FLASH_ROM_OUT                            0x00001b20   ARM Code      32  ISPXT563.O(.text)
    FLASH_ROM_IN                             0x00001b40   ARM Code      32  ISPXT563.O(.text)
    FLASH_ROM_ADDR                           0x00001b60   ARM Code      44  ISPXT563.O(.text)
    FLASH_ROM_WR_EN                          0x00001b8c   ARM Code      32  ISPXT563.O(.text)
    FLASH_ROM_WAIT                           0x00001bac   ARM Code      76  ISPXT563.O(.text)
    FLASH_EEPRM_ERASE                        0x00001c7c   ARM Code     216  ISPXT563.O(.text)
    .text                                    0x0000212c   Section        0  uidiv.o(.text)
    .text                                    0x00002158   Section        0  idiv.o(.text)
    .text                                    0x00002180   Section        0  memcpya.o(.text)
    .text                                    0x000021a4   Section        0  memseta.o(.text)
    .text                                    0x000021cc   Section        0  uread4.o(.text)
    .text                                    0x000021e0   Section        0  uwrite4.o(.text)
    .text                                    0x000021f2   Section        0  uldiv.o(.text)
    .text                                    0x00002254   Section       32  init.o(.text)
    .text                                    0x00002274   Section        0  llshl.o(.text)
    .text                                    0x00002294   Section        0  llushr.o(.text)
    .text                                    0x000022b8   Section        0  __dczerorl.o(.text)
    i.CH395MACTXDMARealloc                   0x00002304   Section        0  ftmac110.o(i.CH395MACTXDMARealloc)
    i.CH563EtherNetIsr                       0x00002324   Section        0  ch563sock.o(i.CH563EtherNetIsr)
    i.CH563FileCorrectTCBPcb                 0x00002338   Section        0  ch563sock.o(i.CH563FileCorrectTCBPcb)
    i.CH563IPSetSocketRecvInit               0x000023a0   Section        0  ch563sock.o(i.CH563IPSetSocketRecvInit)
    i.CH563MACRxSuccHandle                   0x000023d8   Section        0  ethernetif.o(i.CH563MACRxSuccHandle)
    i.CH563NET_ConfigLIB                     0x00002490   Section        0  ch563sock.o(i.CH563NET_ConfigLIB)
    i.CH563NET_ETHIsr                        0x000024b0   Section        0  ch563sock.o(i.CH563NET_ETHIsr)
    i.CH563NET_GetGlobalInt                  0x000024bc   Section        0  ch563sock.o(i.CH563NET_GetGlobalInt)
    i.CH563NET_GetPHYStatus                  0x000024d0   Section        0  ch563sock.o(i.CH563NET_GetPHYStatus)
    i.CH563NET_GetSocketInt                  0x000024e0   Section        0  ch563sock.o(i.CH563NET_GetSocketInt)
    i.CH563NET_GetVer                        0x00002504   Section        0  ch563sock.o(i.CH563NET_GetVer)
    i.CH563NET_Init                          0x00002508   Section        0  ch563sock.o(i.CH563NET_Init)
    i.CH563NET_MainTask                      0x00002604   Section        0  ch563sock.o(i.CH563NET_MainTask)
    i.CH563NET_QueryGlobalInt                0x00002630   Section        0  ch563sock.o(i.CH563NET_QueryGlobalInt)
    i.CH563NET_SocketCreat                   0x00002670   Section        0  ch563sock.o(i.CH563NET_SocketCreat)
    i.CH563NET_SocketRecv                    0x00002814   Section        0  ch563sock.o(i.CH563NET_SocketRecv)
    i.CH563NET_SocketRecvLen                 0x000029b4   Section        0  ch563sock.o(i.CH563NET_SocketRecvLen)
    i.CH563NET_SocketSend                    0x000029cc   Section        0  ch563sock.o(i.CH563NET_SocketSend)
    i.CH563NET_TimeIsr                       0x00002a0c   Section        0  ch563sock.o(i.CH563NET_TimeIsr)
    i.CH563ScokedIntHandle                   0x00002a1c   Section        0  ch563sock.o(i.CH563ScokedIntHandle)
    i.CH563SocketInit                        0x00002a64   Section        0  ch563sock.o(i.CH563SocketInit)
    i.CH563TCPError                          0x00002a94   Section        0  ch563sock.o(i.CH563TCPError)
    i.ClearMacInterrupt                      0x00002a98   Section        0  ftmac110.o(i.ClearMacInterrupt)
    i.ErrorEncode                            0x00002aa4   Section        0  ch563sock.o(i.ErrorEncode)
    i.GetPHYStatus                           0x00002abc   Section        0  ftmac110.o(i.GetPHYStatus)
    i.InitCH563MAC                           0x00002b1c   Section        0  hal.o(i.InitCH563MAC)
    i.LwIPPeriodicHandle                     0x00002bcc   Section        0  ethernetif.o(i.LwIPPeriodicHandle)
    i.LwipArpCheck                           0x00002c98   Section        0  ch563sock.o(i.LwipArpCheck)
    i.LwipRemoveTcpPcb                       0x00002ca4   Section        0  ch563sock.o(i.LwipRemoveTcpPcb)
    i.LwipUnreachPort                        0x00002d14   Section        0  ch563sock.o(i.LwipUnreachPort)
    i.MemShortCopy                           0x00002d30   Section        0  ch563sock.o(i.MemShortCopy)
    i.QuaryEthRxDma                          0x00002d48   Section        0  ethernetif.o(i.QuaryEthRxDma)
    i.QueryPingEnable                        0x00002db4   Section        0  ch563sock.o(i.QueryPingEnable)
    i.RemoveTimeWaiTCP                       0x00002dc0   Section        0  tcp.o(i.RemoveTimeWaiTCP)
    i.SetupNetif                             0x00002df8   Section        0  ethernetif.o(i.SetupNetif)
    i.SocketIPRAWReceive                     0x00002e8c   Section        0  ch563sock.o(i.SocketIPRAWReceive)
    i.SocketIPRawSend                        0x00002f40   Section        0  ch563sock.o(i.SocketIPRawSend)
    i.SocketTcpSend                          0x00003010   Section        0  ch563sock.o(i.SocketTcpSend)
    i.SocketUdpReceive                       0x00003110   Section        0  ch563sock.o(i.SocketUdpReceive)
    i.SocketUdpSend                          0x000031d0   Section        0  ch563sock.o(i.SocketUdpSend)
    i.__0printf$8                            0x00003294   Section        0  printf8.o(i.__0printf$8)
    i.__ARM_common_switch8                   0x000032b4   Section        0  tcp.o(i.__ARM_common_switch8)
    i.__scatterload_copy                     0x000032cc   Section       28  handlers.o(i.__scatterload_copy)
    i.__scatterload_null                     0x000032e8   Section        4  handlers.o(i.__scatterload_null)
    i.__scatterload_zeroinit                 0x000032ec   Section       24  handlers.o(i.__scatterload_zeroinit)
    i._printf_core                           0x00003304   Section        0  printf8.o(i._printf_core)
    _printf_core                             0x00003305   Thumb Code  1076  printf8.o(i._printf_core)
    i._printf_post_padding                   0x00003738   Section        0  printf8.o(i._printf_post_padding)
    _printf_post_padding                     0x00003739   Thumb Code    32  printf8.o(i._printf_post_padding)
    i._printf_pre_padding                    0x00003758   Section        0  printf8.o(i._printf_pre_padding)
    _printf_pre_padding                      0x00003759   Thumb Code    42  printf8.o(i._printf_pre_padding)
    i.alloc_rxdes                            0x00003784   Section        0  ftmac110.o(i.alloc_rxdes)
    alloc_rxdes                              0x00003785   Thumb Code   120  ftmac110.o(i.alloc_rxdes)
    i.alloc_txdes                            0x00003808   Section        0  ftmac110.o(i.alloc_txdes)
    alloc_txdes                              0x00003809   Thumb Code    84  ftmac110.o(i.alloc_txdes)
    i.etharp_arp_input                       0x00003864   Section        0  etharp.o(i.etharp_arp_input)
    i.etharp_ip_input                        0x000039a8   Section        0  etharp.o(i.etharp_ip_input)
    i.etharp_output                          0x000039d8   Section        0  etharp.o(i.etharp_output)
    i.etharp_query                           0x00003aa4   Section        0  etharp.o(i.etharp_query)
    i.etharp_raw                             0x00003b54   Section        0  etharp.o(i.etharp_raw)
    etharp_raw                               0x00003b55   Thumb Code   178  etharp.o(i.etharp_raw)
    i.etharp_request                         0x00003c10   Section        0  etharp.o(i.etharp_request)
    i.etharp_send_ip                         0x00003c34   Section        0  etharp.o(i.etharp_send_ip)
    etharp_send_ip                           0x00003c35   Thumb Code    54  etharp.o(i.etharp_send_ip)
    i.etharp_tmr                             0x00003c6c   Section        0  etharp.o(i.etharp_tmr)
    i.ethernet_input                         0x00003cb8   Section        0  etharp.o(i.ethernet_input)
    i.ethernetif_init                        0x00003d14   Section        0  ethernetif.o(i.ethernetif_init)
    i.ethernetif_input                       0x00003d3c   Section        0  ethernetif.o(i.ethernetif_input)
    i.find_entry                             0x00003de8   Section        0  etharp.o(i.find_entry)
    find_entry                               0x00003de9   Thumb Code   280  etharp.o(i.find_entry)
    i.ftmac110_close                         0x00003f08   Section        0  ftmac110.o(i.ftmac110_close)
    ftmac110_close                           0x00003f09   Thumb Code    14  ftmac110.o(i.ftmac110_close)
    i.ftmac110_isr                           0x00003f1c   Section        0  ftmac110.o(i.ftmac110_isr)
    i.ftmac110_open                          0x00003f50   Section        0  ftmac110.o(i.ftmac110_open)
    ftmac110_open                            0x00003f51   Thumb Code    26  ftmac110.o(i.ftmac110_open)
    i.ftmac110_open_control                  0x00003f78   Section        0  ftmac110.o(i.ftmac110_open_control)
    ftmac110_open_control                    0x00003f79   Thumb Code   220  ftmac110.o(i.ftmac110_open_control)
    i.ftmac110_xmit                          0x00004068   Section        0  ftmac110.o(i.ftmac110_xmit)
    ftmac110_xmit                            0x00004069   Thumb Code    90  ftmac110.o(i.ftmac110_xmit)
    i.htonl                                  0x000040c8   Section        0  inet.o(i.htonl)
    i.htons                                  0x000040e2   Section        0  inet.o(i.htons)
    i.icmp_dest_unreach                      0x000040ec   Section        0  icmp.o(i.icmp_dest_unreach)
    i.icmp_input                             0x000040f8   Section        0  icmp.o(i.icmp_input)
    i.icmp_send_response                     0x000042e4   Section        0  icmp.o(i.icmp_send_response)
    icmp_send_response                       0x000042e5   Thumb Code   106  icmp.o(i.icmp_send_response)
    i.icmp_time_exceeded                     0x0000434e   Section        0  icmp.o(i.icmp_time_exceeded)
    i.inet_chksum                            0x0000435a   Section        0  inet_chksum.o(i.inet_chksum)
    i.inet_chksum_pbuf                       0x00004368   Section        0  inet_chksum.o(i.inet_chksum_pbuf)
    i.inet_chksum_pseudo                     0x000043bc   Section        0  inet_chksum.o(i.inet_chksum_pseudo)
    i.ip_addr_isbroadcast                    0x00004450   Section        0  ip_addr.o(i.ip_addr_isbroadcast)
    i.ip_frag                                0x0000448a   Section        0  ip_frag.o(i.ip_frag)
    i.ip_input                               0x000045ec   Section        0  ip.o(i.ip_input)
    i.ip_output                              0x00004850   Section        0  ip.o(i.ip_output)
    i.ip_output_if                           0x00004884   Section        0  ip.o(i.ip_output_if)
    i.ip_reass                               0x00004994   Section        0  ip_frag.o(i.ip_reass)
    i.ip_reass_chain_frag_into_datagram_and_validate 0x00004b6c   Section        0  ip_frag.o(i.ip_reass_chain_frag_into_datagram_and_validate)
    ip_reass_chain_frag_into_datagram_and_validate 0x00004b6d   Thumb Code   374  ip_frag.o(i.ip_reass_chain_frag_into_datagram_and_validate)
    i.ip_reass_dequeue_datagram              0x00004ce8   Section        0  ip_frag.o(i.ip_reass_dequeue_datagram)
    ip_reass_dequeue_datagram                0x00004ce9   Thumb Code    30  ip_frag.o(i.ip_reass_dequeue_datagram)
    i.ip_reass_free_complete_datagram        0x00004d0c   Section        0  ip_frag.o(i.ip_reass_free_complete_datagram)
    ip_reass_free_complete_datagram          0x00004d0d   Thumb Code   114  ip_frag.o(i.ip_reass_free_complete_datagram)
    i.ip_reass_tmr                           0x00004d84   Section        0  ip_frag.o(i.ip_reass_tmr)
    i.ip_route                               0x00004dc0   Section        0  ip.o(i.ip_route)
    i.low_level_init                         0x00004e14   Section        0  ethernetif.o(i.low_level_init)
    i.low_level_input                        0x00004ed4   Section        0  ethernetif.o(i.low_level_input)
    low_level_input                          0x00004ed5   Thumb Code   390  ethernetif.o(i.low_level_input)
    i.low_level_output                       0x00005070   Section        0  ethernetif.o(i.low_level_output)
    low_level_output                         0x00005071   Thumb Code   152  ethernetif.o(i.low_level_output)
    i.lwip_init                              0x00005124   Section        0  init.o(i.lwip_init)
    i.lwip_standard_chksum                   0x00005140   Section        0  inet_chksum.o(i.lwip_standard_chksum)
    lwip_standard_chksum                     0x00005141   Thumb Code    68  inet_chksum.o(i.lwip_standard_chksum)
    i.malloc_ftmac110_device                 0x00005184   Section        0  ftmac110.o(i.malloc_ftmac110_device)
    i.mem_free                               0x000051d4   Section        0  mem.o(i.mem_free)
    i.mem_init                               0x00005200   Section        0  mem.o(i.mem_init)
    i.mem_malloc                             0x00005254   Section        0  mem.o(i.mem_malloc)
    i.mem_realloc                            0x00005310   Section        0  mem.o(i.mem_realloc)
    i.memp_free                              0x000053f0   Section        0  memp.o(i.memp_free)
    i.memp_init                              0x00005404   Section        0  memp.o(i.memp_init)
    i.memp_malloc                            0x0000545c   Section        0  memp.o(i.memp_malloc)
    i.netif_add                              0x00005478   Section        0  netif.o(i.netif_add)
    i.netif_is_up                            0x000054c0   Section        0  netif.o(i.netif_is_up)
    i.netif_set_addr                         0x000054ca   Section        0  netif.o(i.netif_set_addr)
    i.netif_set_default                      0x000054e8   Section        0  netif.o(i.netif_set_default)
    i.netif_set_gw                           0x000054f4   Section        0  netif.o(i.netif_set_gw)
    i.netif_set_ipaddr                       0x0000550c   Section        0  netif.o(i.netif_set_ipaddr)
    i.netif_set_netmask                      0x00005594   Section        0  netif.o(i.netif_set_netmask)
    i.ntohl                                  0x000055aa   Section        0  inet.o(i.ntohl)
    i.ntohs                                  0x000055b2   Section        0  inet.o(i.ntohs)
    i.pbuf_alloc                             0x000055bc   Section        0  pbuf.o(i.pbuf_alloc)
    i.pbuf_cat                               0x000056d4   Section        0  pbuf.o(i.pbuf_cat)
    i.pbuf_chain                             0x000056fc   Section        0  pbuf.o(i.pbuf_chain)
    i.pbuf_clen                              0x0000570c   Section        0  pbuf.o(i.pbuf_clen)
    i.pbuf_copy                              0x00005720   Section        0  pbuf.o(i.pbuf_copy)
    i.pbuf_free                              0x000057bc   Section        0  pbuf.o(i.pbuf_free)
    i.pbuf_header                            0x00005802   Section        0  pbuf.o(i.pbuf_header)
    i.pbuf_realloc                           0x0000586c   Section        0  pbuf.o(i.pbuf_realloc)
    i.pbuf_ref                               0x000058c2   Section        0  pbuf.o(i.pbuf_ref)
    i.phyread16                              0x000058d0   Section        0  ftmac110.o(i.phyread16)
    phyread16                                0x000058d1   Thumb Code    52  ftmac110.o(i.phyread16)
    i.plug_holes                             0x00005908   Section        0  mem.o(i.plug_holes)
    plug_holes                               0x00005909   Thumb Code    80  mem.o(i.plug_holes)
    i.raw_bind                               0x0000595c   Section        0  raw.o(i.raw_bind)
    i.raw_connect                            0x00005974   Section        0  raw.o(i.raw_connect)
    i.raw_input                              0x0000598c   Section        0  raw.o(i.raw_input)
    i.raw_new                                0x000059fc   Section        0  raw.o(i.raw_new)
    i.raw_recv                               0x00005a28   Section        0  raw.o(i.raw_recv)
    i.raw_send                               0x00005a2e   Section        0  raw.o(i.raw_send)
    i.raw_sendto                             0x00005a38   Section        0  raw.o(i.raw_sendto)
    i.rpkt_finish_handler                    0x00005acc   Section        0  ftmac110.o(i.rpkt_finish_handler)
    i.tcp_abandon                            0x00005b54   Section        0  tcp.o(i.tcp_abandon)
    i.tcp_alloc                              0x00005bfc   Section        0  tcp.o(i.tcp_alloc)
    i.tcp_arg                                0x00005d18   Section        0  tcp.o(i.tcp_arg)
    i.tcp_bind                               0x00005d1c   Section        0  tcp.o(i.tcp_bind)
    i.tcp_close                              0x00005e2c   Section        0  tcp.o(i.tcp_close)
    i.tcp_eff_send_mss                       0x00005ee0   Section        0  tcp.o(i.tcp_eff_send_mss)
    i.tcp_enqueue                            0x00005f08   Section        0  tcp_out.o(i.tcp_enqueue)
    i.tcp_err                                0x000062e8   Section        0  tcp.o(i.tcp_err)
    i.tcp_fasttmr                            0x000062f0   Section        0  tcp.o(i.tcp_fasttmr)
    i.tcp_input                              0x00006358   Section        0  tcp_in.o(i.tcp_input)
    i.tcp_keepalive                          0x0000673c   Section        0  tcp_out.o(i.tcp_keepalive)
    i.tcp_listen_input                       0x00006798   Section        0  tcp_in.o(i.tcp_listen_input)
    tcp_listen_input                         0x00006799   Thumb Code   244  tcp_in.o(i.tcp_listen_input)
    i.tcp_new                                0x00006894   Section        0  tcp.o(i.tcp_new)
    i.tcp_new_port                           0x000068a0   Section        0  tcp.o(i.tcp_new_port)
    tcp_new_port                             0x000068a1   Thumb Code    88  tcp.o(i.tcp_new_port)
    i.tcp_next_iss                           0x00006900   Section        0  tcp.o(i.tcp_next_iss)
    i.tcp_oos_insert_segment                 0x00006910   Section        0  tcp_in.o(i.tcp_oos_insert_segment)
    tcp_oos_insert_segment                   0x00006911   Thumb Code   172  tcp_in.o(i.tcp_oos_insert_segment)
    i.tcp_output                             0x000069c4   Section        0  tcp_out.o(i.tcp_output)
    i.tcp_output_segment                     0x00006bbc   Section        0  tcp_out.o(i.tcp_output_segment)
    tcp_output_segment                       0x00006bbd   Thumb Code   224  tcp_out.o(i.tcp_output_segment)
    i.tcp_output_set_header                  0x00006ca4   Section        0  tcp_out.o(i.tcp_output_set_header)
    tcp_output_set_header                    0x00006ca5   Thumb Code   172  tcp_out.o(i.tcp_output_set_header)
    i.tcp_parseopt                           0x00006d54   Section        0  tcp_in.o(i.tcp_parseopt)
    tcp_parseopt                             0x00006d55   Thumb Code   138  tcp_in.o(i.tcp_parseopt)
    i.tcp_pcb_purge                          0x00006de8   Section        0  tcp.o(i.tcp_pcb_purge)
    i.tcp_pcb_remove                         0x00006e2c   Section        0  tcp.o(i.tcp_pcb_remove)
    i.tcp_process                            0x00006e88   Section        0  tcp_in.o(i.tcp_process)
    tcp_process                              0x00006e89   Thumb Code   832  tcp_in.o(i.tcp_process)
    i.tcp_receive                            0x000071dc   Section        0  tcp_in.o(i.tcp_receive)
    tcp_receive                              0x000071dd   Thumb Code  1838  tcp_in.o(i.tcp_receive)
    i.tcp_recv_null                          0x00007918   Section        0  tcp.o(i.tcp_recv_null)
    i.tcp_recved                             0x00007940   Section        0  tcp.o(i.tcp_recved)
    i.tcp_recved_socket                      0x00007980   Section        0  ch563sock.o(i.tcp_recved_socket)
    i.tcp_rexmit                             0x000079a6   Section        0  tcp_out.o(i.tcp_rexmit)
    i.tcp_rexmit_fast                        0x000079f6   Section        0  tcp_out.o(i.tcp_rexmit_fast)
    i.tcp_rexmit_rto                         0x00007a46   Section        0  tcp_out.o(i.tcp_rexmit_rto)
    i.tcp_rst                                0x00007a78   Section        0  tcp_out.o(i.tcp_rst)
    i.tcp_seg_copy                           0x00007b5c   Section        0  tcp.o(i.tcp_seg_copy)
    i.tcp_seg_free                           0x00007b80   Section        0  tcp.o(i.tcp_seg_free)
    i.tcp_segs_free                          0x00007ba2   Section        0  tcp.o(i.tcp_segs_free)
    i.tcp_send_ctrl                          0x00007bbe   Section        0  tcp_out.o(i.tcp_send_ctrl)
    i.tcp_send_empty_ack                     0x00007bd4   Section        0  tcp_out.o(i.tcp_send_empty_ack)
    i.tcp_slowtmr                            0x00007c44   Section        0  tcp.o(i.tcp_slowtmr)
    i.tcp_timewait_input                     0x00007eb8   Section        0  tcp_in.o(i.tcp_timewait_input)
    tcp_timewait_input                       0x00007eb9   Thumb Code   112  tcp_in.o(i.tcp_timewait_input)
    i.tcp_tmr                                0x00007f30   Section        0  tcp.o(i.tcp_tmr)
    i.tcp_update_rcv_ann_wnd                 0x00007f4c   Section        0  tcp.o(i.tcp_update_rcv_ann_wnd)
    i.tcp_write                              0x00007f88   Section        0  tcp_out.o(i.tcp_write)
    i.tcp_zero_window_probe                  0x00007fb8   Section        0  tcp_out.o(i.tcp_zero_window_probe)
    i.udp_bind                               0x0000807c   Section        0  udp.o(i.udp_bind)
    i.udp_connect                            0x0000811c   Section        0  udp.o(i.udp_connect)
    i.udp_input                              0x000081a4   Section        0  udp.o(i.udp_input)
    i.udp_new                                0x000083bc   Section        0  udp.o(i.udp_new)
    i.udp_recv                               0x000083d6   Section        0  udp.o(i.udp_recv)
    i.udp_send                               0x000083dc   Section        0  udp.o(i.udp_send)
    i.udp_sendto                             0x000083e8   Section        0  udp.o(i.udp_sendto)
    i.udp_sendto_if                          0x00008412   Section        0  udp.o(i.udp_sendto_if)
    i.update_arp_entry                       0x000084fc   Section        0  etharp.o(i.update_arp_entry)
    update_arp_entry                         0x000084fd   Thumb Code   130  etharp.o(i.update_arp_entry)
    .constdata                               0x00008584   Section       50  ch563.o(.constdata)
    .constdata                               0x000085b6   Section       16  ch563sock.o(.constdata)
    .constdata                               0x000085c6   Section       27  tcp.o(.constdata)
    .constdata                               0x000085e1   Section        4  ip_addr.o(.constdata)
    .constdata                               0x000085e5   Section       12  etharp.o(.constdata)
    .conststring                             0x000085f1   Section      104  tcp.o(.conststring)
    .data                                    0x00810000   Section       13  ch563.o(.data)
    .data                                    0x00810010   Section        8  main.o(.data)
    .data                                    0x00810018   Section       12  ch563sock.o(.data)
    .data                                    0x00810024   Section       12  netif.o(.data)
    netifnum                                 0x00810024   Data           1  netif.o(.data)
    .data                                    0x00810030   Section       76  tcp.o(.data)
    tcp_timer                                0x00810030   Data           1  tcp.o(.data)
    port                                     0x00810032   Data           2  tcp.o(.data)
    iss                                      0x00810034   Data           4  tcp.o(.data)
    .data                                    0x0081007c   Section        4  udp.o(.data)
    .data                                    0x00810080   Section       68  ethernetif.o(.data)
    MacRevcNull                              0x00810080   Data           1  ethernetif.o(.data)
    .data                                    0x008100c4   Section        8  etharp.o(.data)
    etharp_cached_entry                      0x008100c4   Data           1  etharp.o(.data)
    arp_table                                0x008100c8   Data           4  etharp.o(.data)
    .data                                    0x008100cc   Section        4  raw.o(.data)
    raw_pcbs                                 0x008100cc   Data           4  raw.o(.data)
    .data                                    0x008100d0   Section       12  ftmac110.o(.data)
    .data                                    0x008100dc   Section       20  mem.o(.data)
    mem_sem                                  0x008100dc   Data           1  mem.o(.data)
    ram_heap                                 0x008100e0   Data           4  mem.o(.data)
    ram                                      0x008100e4   Data           4  mem.o(.data)
    ram_end                                  0x008100e8   Data           4  mem.o(.data)
    lfree                                    0x008100ec   Data           4  mem.o(.data)
    .data                                    0x008100f0   Section       12  memp.o(.data)
    memp_num                                 0x008100f4   Data           4  memp.o(.data)
    memp_memory                              0x008100f8   Data           4  memp.o(.data)
    .data                                    0x008100fc   Section       28  tcp_in.o(.data)
    flags                                    0x008100fc   Data           1  tcp_in.o(.data)
    recv_flags                               0x008100fd   Data           1  tcp_in.o(.data)
    tcplen                                   0x008100fe   Data           2  tcp_in.o(.data)
    tcphdr                                   0x00810100   Data           4  tcp_in.o(.data)
    iphdr                                    0x00810104   Data           4  tcp_in.o(.data)
    seqno                                    0x00810108   Data           4  tcp_in.o(.data)
    ackno                                    0x0081010c   Data           4  tcp_in.o(.data)
    recv_data                                0x00810110   Data           4  tcp_in.o(.data)
    .data                                    0x00810118   Section       12  ip.o(.data)
    ip_id                                    0x00810118   Data           2  ip.o(.data)
    .data                                    0x00810124   Section        8  ip_frag.o(.data)
    ip_reass_pbufcount                       0x00810124   Data           2  ip_frag.o(.data)
    reassdatagrams                           0x00810128   Data           4  ip_frag.o(.data)
    .data                                    0x0081012c   Section        4  stdout.o(.data)
    .bss                                     0x00810130   Section    32192  ch563.o(.bss)
    .bss                                     0x00817ef0   Section     2228  main.o(.bss)
    .bss                                     0x008187a4   Section     1024  plc.o(.bss)
    .bss                                     0x00818ba4   Section      100  ch563sock.o(.bss)
    .bss                                     0x00818c10   Section     1844  ethernetif.o(.bss)
    .bss                                     0x00819344   Section       68  ftmac110.o(.bss)
    .bss                                     0x00819388   Section       32  memp.o(.bss)
    memp_tab                                 0x00819388   Data          32  memp.o(.bss)
    .bss                                     0x008193a8   Section       20  tcp_in.o(.bss)
    inseg                                    0x008193a8   Data          20  tcp_in.o(.bss)
    .bss                                     0x008193bc   Section       20  ch563net_nds.o(.bss)
    STACK                                    0x00820000   Section     1024  startup.o(STACK)
    Stack_Top                                0x00820000   Data        1024  startup.o(STACK)

    Global Symbols

    Symbol Name                              Value     Ov Type        Size  Object(Section)

    BuildAttributes$$THM_ISAv2$ARM_ISAv5$E$P$S$PE$A:L22$X:L11$S22$IEEE1$IW$USESV6$~STKCKD$USESV7$~SHL$OSPACE$ROPI$EBA8$MICROLIB$REQ8$PRES8$EABIv2 0x00000000   Number         0  anon$$obj.o ABSOLUTE
    Reset                                    0x00000000   ARM Code       0  startup.o(RESET)
    __ARM_use_no_argv                        0x00000000   Number         0  main.o ABSOLUTE
    _printf_a                                0x00000000   Number         0  stubs.o ABSOLUTE
    _printf_c                                0x00000000   Number         0  stubs.o ABSOLUTE
    _printf_charcount                        0x00000000   Number         0  stubs.o ABSOLUTE
    _printf_d                                0x00000000   Number         0  stubs.o ABSOLUTE
    _printf_e                                0x00000000   Number         0  stubs.o ABSOLUTE
    _printf_f                                0x00000000   Number         0  stubs.o ABSOLUTE
    _printf_flags                            0x00000000   Number         0  stubs.o ABSOLUTE
    _printf_fp_dec                           0x00000000   Number         0  stubs.o ABSOLUTE
    _printf_fp_hex                           0x00000000   Number         0  stubs.o ABSOLUTE
    _printf_g                                0x00000000   Number         0  stubs.o ABSOLUTE
    _printf_i                                0x00000000   Number         0  stubs.o ABSOLUTE
    _printf_int_dec                          0x00000000   Number         0  stubs.o ABSOLUTE
    _printf_l                                0x00000000   Number         0  stubs.o ABSOLUTE
    _printf_lc                               0x00000000   Number         0  stubs.o ABSOLUTE
    _printf_ll                               0x00000000   Number         0  stubs.o ABSOLUTE
    _printf_lld                              0x00000000   Number         0  stubs.o ABSOLUTE
    _printf_lli                              0x00000000   Number         0  stubs.o ABSOLUTE
    _printf_llo                              0x00000000   Number         0  stubs.o ABSOLUTE
    _printf_llu                              0x00000000   Number         0  stubs.o ABSOLUTE
    _printf_llx                              0x00000000   Number         0  stubs.o ABSOLUTE
    _printf_longlong_dec                     0x00000000   Number         0  stubs.o ABSOLUTE
    _printf_longlong_hex                     0x00000000   Number         0  stubs.o ABSOLUTE
    _printf_longlong_oct                     0x00000000   Number         0  stubs.o ABSOLUTE
    _printf_ls                               0x00000000   Number         0  stubs.o ABSOLUTE
    _printf_mbtowc                           0x00000000   Number         0  stubs.o ABSOLUTE
    _printf_n                                0x00000000   Number         0  stubs.o ABSOLUTE
    _printf_o                                0x00000000   Number         0  stubs.o ABSOLUTE
    _printf_p                                0x00000000   Number         0  stubs.o ABSOLUTE
    _printf_percent                          0x00000000   Number         0  stubs.o ABSOLUTE
    _printf_pre_padding                      0x00000000   Number         0  stubs.o ABSOLUTE
    _printf_return_value                     0x00000000   Number         0  stubs.o ABSOLUTE
    _printf_s                                0x00000000   Number         0  stubs.o ABSOLUTE
    _printf_sizespec                         0x00000000   Number         0  stubs.o ABSOLUTE
    _printf_str                              0x00000000   Number         0  stubs.o ABSOLUTE
    _printf_truncate_signed                  0x00000000   Number         0  stubs.o ABSOLUTE
    _printf_truncate_unsigned                0x00000000   Number         0  stubs.o ABSOLUTE
    _printf_u                                0x00000000   Number         0  stubs.o ABSOLUTE
    _printf_wc                               0x00000000   Number         0  stubs.o ABSOLUTE
    _printf_wctomb                           0x00000000   Number         0  stubs.o ABSOLUTE
    _printf_widthprec                        0x00000000   Number         0  stubs.o ABSOLUTE
    _printf_x                                0x00000000   Number         0  stubs.o ABSOLUTE
    __rt_div0                                0x00000030   ARM Code       0  startup.o(RESET)
    __main                                   0x00000090   ARM Code       0  entry.o(.ARM.Collect$$$$00000000)
    _main_stk                                0x00000090   ARM Code       0  entry2.o(.ARM.Collect$$$$00000001)
    _main_scatterload                        0x00000094   ARM Code       0  entry5.o(.ARM.Collect$$$$00000004)
    __main_after_scatterload                 0x00000098   ARM Code       0  entry5.o(.ARM.Collect$$$$00000004)
    _main_init                               0x00000098   ARM Code       0  entry7.o(.ARM.Collect$$$$00000007)
    IRQ_Handler                              0x000000a8   ARM Code     136  ch563.o(.text)
    FIQ_Handler                              0x00000130   ARM Code       8  ch563.o(.text)
    SysTimeInit                              0x00000138   ARM Code      56  ch563.o(.text)
    InitSysHal                               0x00000170   ARM Code      56  ch563.o(.text)
    mStopIfError                             0x000001a8   ARM Code      40  ch563.o(.text)
    CH563NET_LibInit                         0x000001d0   ARM Code     140  ch563.o(.text)
    CH563NET_HandleSockInt                   0x0000025c   ARM Code     496  ch563.o(.text)
    CH563NET_HandleGlobalInt                 0x0000044c   ARM Code     164  ch563.o(.text)
    CH563NET_CreatUpdSocket                  0x000004f0   ARM Code     112  ch563.o(.text)
    Init_GPIO                                0x000005cc   ARM Code     248  main.o(.text)
    mInitSTDIO                               0x000006c4   ARM Code     168  main.o(.text)
    fputc                                    0x0000076c   ARM Code      32  main.o(.text)
    CH563_EEPROM                             0x0000078c   ARM Code       4  main.o(.text)
    InitTIM1                                 0x00000790   ARM Code      92  main.o(.text)
    Data_Process                             0x000007ec   ARM Code    1328  main.o(.text)
    Reverse                                  0x00000d1c   ARM Code      64  main.o(.text)
    GetLocal_IP_ID                           0x00000d5c   ARM Code     100  main.o(.text)
    PLC_PowerOn_Init                         0x00000dc0   ARM Code      96  main.o(.text)
    main                                     0x00000e20   ARM Code     100  main.o(.text)
    GetValue                                 0x00000ee4   ARM Code     164  plc.o(.text)
    SetValue                                 0x00000f88   ARM Code     516  plc.o(.text)
    CntProcess                               0x0000118c   ARM Code     364  plc.o(.text)
    TimerProcess                             0x000012f8   ARM Code     316  plc.o(.text)
    Proc_plc_code                            0x00001434   ARM Code    1460  plc.o(.text)
    SysFreq                                  0x000019f8   ARM Code      64  sysfreq.o(.text)
    Delay_us                                 0x00001a38   ARM Code      44  sysfreq.o(.text)
    Delay_ms                                 0x00001a64   ARM Code      44  sysfreq.o(.text)
    CH563_EEPROM_READ                        0x00001a94   ARM Code      32  eeprom.o(.text)
    CH563_EEPROM_ERASE                       0x00001ab4   ARM Code      20  eeprom.o(.text)
    CH563_EEPROM_WRITE                       0x00001ac8   ARM Code      20  eeprom.o(.text)
    GET_UNIQUE_ID                            0x00001bf8   ARM Code      72  ISPXT563.O(.text)
    FLASH_ROM_PWR_DOWN                       0x00001c40   ARM Code      20  ISPXT563.O(.text)
    FLASH_ROM_PWR_UP                         0x00001c54   ARM Code      40  ISPXT563.O(.text)
    EEPROM_READ                              0x00001d54   ARM Code     108  ISPXT563.O(.text)
    EEPROM_ERASE                             0x00001dc0   ARM Code      32  ISPXT563.O(.text)
    EEPROM_WRITE                             0x00001de0   ARM Code     164  ISPXT563.O(.text)
    FLASH_ROM_ERASE                          0x00001e84   ARM Code      32  ISPXT563.O(.text)
    FLASH_ROM_WRITE                          0x00001ea4   ARM Code     288  ISPXT563.O(.text)
    FLASH_ROM_VERIFY                         0x00001fc4   ARM Code     232  ISPXT563.O(.text)
    ERASE_RESERVED                           0x000020ac   ARM Code      48  ISPXT563.O(.text)
    FLASH_ROM_LOCK                           0x000020dc   ARM Code      68  ISPXT563.O(.text)
    __aeabi_uidiv                            0x0000212d   Thumb Code     0  uidiv.o(.text)
    __aeabi_uidivmod                         0x0000212d   Thumb Code    44  uidiv.o(.text)
    __aeabi_idiv                             0x00002159   Thumb Code     0  idiv.o(.text)
    __aeabi_idivmod                          0x00002159   Thumb Code    40  idiv.o(.text)
    __aeabi_memcpy                           0x00002181   Thumb Code    36  memcpya.o(.text)
    __aeabi_memcpy4                          0x00002181   Thumb Code     0  memcpya.o(.text)
    __aeabi_memcpy8                          0x00002181   Thumb Code     0  memcpya.o(.text)
    __aeabi_memset                           0x000021a5   Thumb Code    16  memseta.o(.text)
    __aeabi_memset4                          0x000021a5   Thumb Code     0  memseta.o(.text)
    __aeabi_memset8                          0x000021a5   Thumb Code     0  memseta.o(.text)
    __aeabi_memclr                           0x000021b5   Thumb Code     4  memseta.o(.text)
    __aeabi_memclr4                          0x000021b5   Thumb Code     0  memseta.o(.text)
    __aeabi_memclr8                          0x000021b5   Thumb Code     0  memseta.o(.text)
    _memset$wrapper                          0x000021b9   Thumb Code    20  memseta.o(.text)
    __aeabi_uread4                           0x000021cd   Thumb Code    20  uread4.o(.text)
    __rt_uread4                              0x000021cd   Thumb Code     0  uread4.o(.text)
    _uread4                                  0x000021cd   Thumb Code     0  uread4.o(.text)
    __aeabi_uwrite4                          0x000021e1   Thumb Code    18  uwrite4.o(.text)
    __rt_uwrite4                             0x000021e1   Thumb Code     0  uwrite4.o(.text)
    _uwrite4                                 0x000021e1   Thumb Code     0  uwrite4.o(.text)
    __aeabi_uldivmod                         0x000021f3   Thumb Code    96  uldiv.o(.text)
    __scatterload                            0x00002255   Thumb Code    22  init.o(.text)
    __scatterload_rt2                        0x00002255   Thumb Code     0  init.o(.text)
    __aeabi_llsl                             0x00002275   Thumb Code    32  llshl.o(.text)
    _ll_shift_l                              0x00002275   Thumb Code     0  llshl.o(.text)
    __aeabi_llsr                             0x00002295   Thumb Code    34  llushr.o(.text)
    _ll_ushift_r                             0x00002295   Thumb Code     0  llushr.o(.text)
    __decompress                             0x000022b8   ARM Code       0  __dczerorl.o(.text)
    __decompress0                            0x000022b8   ARM Code      76  __dczerorl.o(.text)
    CH395MACTXDMARealloc                     0x00002305   Thumb Code    26  ftmac110.o(i.CH395MACTXDMARealloc)
    CH563EtherNetIsr                         0x00002325   Thumb Code    14  ch563sock.o(i.CH563EtherNetIsr)
    CH563FileCorrectTCBPcb                   0x00002339   Thumb Code    94  ch563sock.o(i.CH563FileCorrectTCBPcb)
    CH563IPSetSocketRecvInit                 0x000023a1   Thumb Code    48  ch563sock.o(i.CH563IPSetSocketRecvInit)
    CH563MACRxSuccHandle                     0x000023d9   Thumb Code   158  ethernetif.o(i.CH563MACRxSuccHandle)
    CH563NET_ConfigLIB                       0x00002491   Thumb Code    26  ch563sock.o(i.CH563NET_ConfigLIB)
    CH563NET_ETHIsr                          0x000024b1   Thumb Code    10  ch563sock.o(i.CH563NET_ETHIsr)
    CH563NET_GetGlobalInt                    0x000024bd   Thumb Code    14  ch563sock.o(i.CH563NET_GetGlobalInt)
    CH563NET_GetPHYStatus                    0x000024d1   Thumb Code    10  ch563sock.o(i.CH563NET_GetPHYStatus)
    CH563NET_GetSocketInt                    0x000024e1   Thumb Code    26  ch563sock.o(i.CH563NET_GetSocketInt)
    CH563NET_GetVer                          0x00002505   Thumb Code     4  ch563sock.o(i.CH563NET_GetVer)
    CH563NET_Init                            0x00002509   Thumb Code   232  ch563sock.o(i.CH563NET_Init)
    CH563NET_MainTask                        0x00002605   Thumb Code    34  ch563sock.o(i.CH563NET_MainTask)
    CH563NET_QueryGlobalInt                  0x00002631   Thumb Code    52  ch563sock.o(i.CH563NET_QueryGlobalInt)
    CH563NET_SocketCreat                     0x00002671   Thumb Code   386  ch563sock.o(i.CH563NET_SocketCreat)
    CH563NET_SocketRecv                      0x00002815   Thumb Code   406  ch563sock.o(i.CH563NET_SocketRecv)
    CH563NET_SocketRecvLen                   0x000029b5   Thumb Code    20  ch563sock.o(i.CH563NET_SocketRecvLen)
    CH563NET_SocketSend                      0x000029cd   Thumb Code    60  ch563sock.o(i.CH563NET_SocketSend)
    CH563NET_TimeIsr                         0x00002a0d   Thumb Code    10  ch563sock.o(i.CH563NET_TimeIsr)
    CH563ScokedIntHandle                     0x00002a1d   Thumb Code    72  ch563sock.o(i.CH563ScokedIntHandle)
    CH563SocketInit                          0x00002a65   Thumb Code    42  ch563sock.o(i.CH563SocketInit)
    CH563TCPError                            0x00002a95   Thumb Code     2  ch563sock.o(i.CH563TCPError)
    ClearMacInterrupt                        0x00002a99   Thumb Code     8  ftmac110.o(i.ClearMacInterrupt)
    ErrorEncode                              0x00002aa5   Thumb Code    20  ch563sock.o(i.ErrorEncode)
    GetPHYStatus                             0x00002abd   Thumb Code    84  ftmac110.o(i.GetPHYStatus)
    InitCH563MAC                             0x00002b1d   Thumb Code   158  hal.o(i.InitCH563MAC)
    LwIPPeriodicHandle                       0x00002bcd   Thumb Code   180  ethernetif.o(i.LwIPPeriodicHandle)
    LwipArpCheck                             0x00002c99   Thumb Code     8  ch563sock.o(i.LwipArpCheck)
    LwipRemoveTcpPcb                         0x00002ca5   Thumb Code   104  ch563sock.o(i.LwipRemoveTcpPcb)
    LwipUnreachPort                          0x00002d15   Thumb Code    22  ch563sock.o(i.LwipUnreachPort)
    MemShortCopy                             0x00002d31   Thumb Code    24  ch563sock.o(i.MemShortCopy)
    QuaryEthRxDma                            0x00002d49   Thumb Code    86  ethernetif.o(i.QuaryEthRxDma)
    QueryPingEnable                          0x00002db5   Thumb Code     6  ch563sock.o(i.QueryPingEnable)
    RemoveTimeWaiTCP                         0x00002dc1   Thumb Code    52  tcp.o(i.RemoveTimeWaiTCP)
    SetupNetif                               0x00002df9   Thumb Code   118  ethernetif.o(i.SetupNetif)
    SocketIPRAWReceive                       0x00002e8d   Thumb Code   178  ch563sock.o(i.SocketIPRAWReceive)
    SocketIPRawSend                          0x00002f41   Thumb Code   198  ch563sock.o(i.SocketIPRawSend)
    SocketTcpSend                            0x00003011   Thumb Code   248  ch563sock.o(i.SocketTcpSend)
    SocketUdpReceive                         0x00003111   Thumb Code   190  ch563sock.o(i.SocketUdpReceive)
    SocketUdpSend                            0x000031d1   Thumb Code   186  ch563sock.o(i.SocketUdpSend)
    __0printf$8                              0x00003295   Thumb Code    24  printf8.o(i.__0printf$8)
    __1printf$8                              0x00003295   Thumb Code     0  printf8.o(i.__0printf$8)
    __2printf                                0x00003295   Thumb Code     0  printf8.o(i.__0printf$8)
    __ARM_common_switch8                     0x000032b4   ARM Code      24  tcp.o(i.__ARM_common_switch8)
    __scatterload_copy                       0x000032cc   ARM Code      28  handlers.o(i.__scatterload_copy)
    __scatterload_null                       0x000032e8   ARM Code       4  handlers.o(i.__scatterload_null)
    __scatterload_zeroinit                   0x000032ec   ARM Code      24  handlers.o(i.__scatterload_zeroinit)
    etharp_arp_input                         0x00003865   Thumb Code   310  etharp.o(i.etharp_arp_input)
    etharp_ip_input                          0x000039a9   Thumb Code    46  etharp.o(i.etharp_ip_input)
    etharp_output                            0x000039d9   Thumb Code   198  etharp.o(i.etharp_output)
    etharp_query                             0x00003aa5   Thumb Code   170  etharp.o(i.etharp_query)
    etharp_request                           0x00003c11   Thumb Code    32  etharp.o(i.etharp_request)
    etharp_tmr                               0x00003c6d   Thumb Code    66  etharp.o(i.etharp_tmr)
    ethernet_input                           0x00003cb9   Thumb Code    90  etharp.o(i.ethernet_input)
    ethernetif_init                          0x00003d15   Thumb Code    32  ethernetif.o(i.ethernetif_init)
    ethernetif_input                         0x00003d3d   Thumb Code   160  ethernetif.o(i.ethernetif_input)
    ftmac110_isr                             0x00003f1d   Thumb Code    48  ftmac110.o(i.ftmac110_isr)
    htonl                                    0x000040c9   Thumb Code    26  inet.o(i.htonl)
    htons                                    0x000040e3   Thumb Code    10  inet.o(i.htons)
    icmp_dest_unreach                        0x000040ed   Thumb Code    12  icmp.o(i.icmp_dest_unreach)
    icmp_input                               0x000040f9   Thumb Code   488  icmp.o(i.icmp_input)
    icmp_time_exceeded                       0x0000434f   Thumb Code    12  icmp.o(i.icmp_time_exceeded)
    inet_chksum                              0x0000435b   Thumb Code    14  inet_chksum.o(i.inet_chksum)
    inet_chksum_pbuf                         0x00004369   Thumb Code    84  inet_chksum.o(i.inet_chksum_pbuf)
    inet_chksum_pseudo                       0x000043bd   Thumb Code   148  inet_chksum.o(i.inet_chksum_pseudo)
    ip_addr_isbroadcast                      0x00004451   Thumb Code    58  ip_addr.o(i.ip_addr_isbroadcast)
    ip_frag                                  0x0000448b   Thumb Code   354  ip_frag.o(i.ip_frag)
    ip_input                                 0x000045ed   Thumb Code   596  ip.o(i.ip_input)
    ip_output                                0x00004851   Thumb Code    50  ip.o(i.ip_output)
    ip_output_if                             0x00004885   Thumb Code   266  ip.o(i.ip_output_if)
    ip_reass                                 0x00004995   Thumb Code   464  ip_frag.o(i.ip_reass)
    ip_reass_tmr                             0x00004d85   Thumb Code    54  ip_frag.o(i.ip_reass_tmr)
    ip_route                                 0x00004dc1   Thumb Code    74  ip.o(i.ip_route)
    low_level_init                           0x00004e15   Thumb Code   150  ethernetif.o(i.low_level_init)
    lwip_init                                0x00005125   Thumb Code    22  init.o(i.lwip_init)
    malloc_ftmac110_device                   0x00005185   Thumb Code    52  ftmac110.o(i.malloc_ftmac110_device)
    mem_free                                 0x000051d5   Thumb Code    40  mem.o(i.mem_free)
    mem_init                                 0x00005201   Thumb Code    70  mem.o(i.mem_init)
    mem_malloc                               0x00005255   Thumb Code   174  mem.o(i.mem_malloc)
    mem_realloc                              0x00005311   Thumb Code   210  mem.o(i.mem_realloc)
    memp_free                                0x000053f1   Thumb Code    16  memp.o(i.memp_free)
    memp_init                                0x00005405   Thumb Code    80  memp.o(i.memp_init)
    memp_malloc                              0x0000545d   Thumb Code    24  memp.o(i.memp_malloc)
    netif_add                                0x00005479   Thumb Code    68  netif.o(i.netif_add)
    netif_is_up                              0x000054c1   Thumb Code    10  netif.o(i.netif_is_up)
    netif_set_addr                           0x000054cb   Thumb Code    30  netif.o(i.netif_set_addr)
    netif_set_default                        0x000054e9   Thumb Code     6  netif.o(i.netif_set_default)
    netif_set_gw                             0x000054f5   Thumb Code    22  netif.o(i.netif_set_gw)
    netif_set_ipaddr                         0x0000550d   Thumb Code   126  netif.o(i.netif_set_ipaddr)
    netif_set_netmask                        0x00005595   Thumb Code    22  netif.o(i.netif_set_netmask)
    ntohl                                    0x000055ab   Thumb Code     8  inet.o(i.ntohl)
    ntohs                                    0x000055b3   Thumb Code     8  inet.o(i.ntohs)
    pbuf_alloc                               0x000055bd   Thumb Code   276  pbuf.o(i.pbuf_alloc)
    pbuf_cat                                 0x000056d5   Thumb Code    40  pbuf.o(i.pbuf_cat)
    pbuf_chain                               0x000056fd   Thumb Code    16  pbuf.o(i.pbuf_chain)
    pbuf_clen                                0x0000570d   Thumb Code    20  pbuf.o(i.pbuf_clen)
    pbuf_copy                                0x00005721   Thumb Code   156  pbuf.o(i.pbuf_copy)
    pbuf_free                                0x000057bd   Thumb Code    70  pbuf.o(i.pbuf_free)
    pbuf_header                              0x00005803   Thumb Code   106  pbuf.o(i.pbuf_header)
    pbuf_realloc                             0x0000586d   Thumb Code    86  pbuf.o(i.pbuf_realloc)
    pbuf_ref                                 0x000058c3   Thumb Code    12  pbuf.o(i.pbuf_ref)
    raw_bind                                 0x0000595d   Thumb Code    24  raw.o(i.raw_bind)
    raw_connect                              0x00005975   Thumb Code    24  raw.o(i.raw_connect)
    raw_input                                0x0000598d   Thumb Code   108  raw.o(i.raw_input)
    raw_new                                  0x000059fd   Thumb Code    38  raw.o(i.raw_new)
    raw_recv                                 0x00005a29   Thumb Code     6  raw.o(i.raw_recv)
    raw_send                                 0x00005a2f   Thumb Code    10  raw.o(i.raw_send)
    raw_sendto                               0x00005a39   Thumb Code   146  raw.o(i.raw_sendto)
    rpkt_finish_handler                      0x00005acd   Thumb Code   126  ftmac110.o(i.rpkt_finish_handler)
    tcp_abandon                              0x00005b55   Thumb Code   162  tcp.o(i.tcp_abandon)
    tcp_alloc                                0x00005bfd   Thumb Code   268  tcp.o(i.tcp_alloc)
    tcp_arg                                  0x00005d19   Thumb Code     4  tcp.o(i.tcp_arg)
    tcp_bind                                 0x00005d1d   Thumb Code   268  tcp.o(i.tcp_bind)
    tcp_close                                0x00005e2d   Thumb Code   176  tcp.o(i.tcp_close)
    tcp_eff_send_mss                         0x00005ee1   Thumb Code    38  tcp.o(i.tcp_eff_send_mss)
    tcp_enqueue                              0x00005f09   Thumb Code   978  tcp_out.o(i.tcp_enqueue)
    tcp_err                                  0x000062e9   Thumb Code     6  tcp.o(i.tcp_err)
    tcp_fasttmr                              0x000062f1   Thumb Code   100  tcp.o(i.tcp_fasttmr)
    tcp_input                                0x00006359   Thumb Code   976  tcp_in.o(i.tcp_input)
    tcp_keepalive                            0x0000673d   Thumb Code    90  tcp_out.o(i.tcp_keepalive)
    tcp_new                                  0x00006895   Thumb Code    10  tcp.o(i.tcp_new)
    tcp_next_iss                             0x00006901   Thumb Code    12  tcp.o(i.tcp_next_iss)
    tcp_output                               0x000069c5   Thumb Code   498  tcp_out.o(i.tcp_output)
    tcp_pcb_purge                            0x00006de9   Thumb Code    68  tcp.o(i.tcp_pcb_purge)
    tcp_pcb_remove                           0x00006e2d   Thumb Code    88  tcp.o(i.tcp_pcb_remove)
    tcp_recv_null                            0x00007919   Thumb Code    38  tcp.o(i.tcp_recv_null)
    tcp_recved                               0x00007941   Thumb Code    58  tcp.o(i.tcp_recved)
    tcp_recved_socket                        0x00007981   Thumb Code    38  ch563sock.o(i.tcp_recved_socket)
    tcp_rexmit                               0x000079a7   Thumb Code    80  tcp_out.o(i.tcp_rexmit)
    tcp_rexmit_fast                          0x000079f7   Thumb Code    80  tcp_out.o(i.tcp_rexmit_fast)
    tcp_rexmit_rto                           0x00007a47   Thumb Code    48  tcp_out.o(i.tcp_rexmit_rto)
    tcp_rst                                  0x00007a79   Thumb Code   218  tcp_out.o(i.tcp_rst)
    tcp_seg_copy                             0x00007b5d   Thumb Code    36  tcp.o(i.tcp_seg_copy)
    tcp_seg_free                             0x00007b81   Thumb Code    34  tcp.o(i.tcp_seg_free)
    tcp_segs_free                            0x00007ba3   Thumb Code    28  tcp.o(i.tcp_segs_free)
    tcp_send_ctrl                            0x00007bbf   Thumb Code    22  tcp_out.o(i.tcp_send_ctrl)
    tcp_send_empty_ack                       0x00007bd5   Thumb Code   110  tcp_out.o(i.tcp_send_empty_ack)
    tcp_slowtmr                              0x00007c45   Thumb Code   612  tcp.o(i.tcp_slowtmr)
    tcp_tmr                                  0x00007f31   Thumb Code    24  tcp.o(i.tcp_tmr)
    tcp_update_rcv_ann_wnd                   0x00007f4d   Thumb Code    54  tcp.o(i.tcp_update_rcv_ann_wnd)
    tcp_write                                0x00007f89   Thumb Code    48  tcp_out.o(i.tcp_write)
    tcp_zero_window_probe                    0x00007fb9   Thumb Code   190  tcp_out.o(i.tcp_zero_window_probe)
    udp_bind                                 0x0000807d   Thumb Code   152  udp.o(i.udp_bind)
    udp_connect                              0x0000811d   Thumb Code   130  udp.o(i.udp_connect)
    udp_input                                0x000081a5   Thumb Code   526  udp.o(i.udp_input)
    udp_new                                  0x000083bd   Thumb Code    26  udp.o(i.udp_new)
    udp_recv                                 0x000083d7   Thumb Code     6  udp.o(i.udp_recv)
    udp_send                                 0x000083dd   Thumb Code    12  udp.o(i.udp_send)
    udp_sendto                               0x000083e9   Thumb Code    42  udp.o(i.udp_sendto)
    udp_sendto_if                            0x00008413   Thumb Code   234  udp.o(i.udp_sendto_if)
    MemNum                                   0x00008584   Data          16  ch563.o(.constdata)
    MemSize                                  0x00008594   Data          16  ch563.o(.constdata)
    MACAddr                                  0x000085a4   Data           6  ch563.o(.constdata)
    GWIPAddr                                 0x000085aa   Data           4  ch563.o(.constdata)
    IPMask                                   0x000085ae   Data           4  ch563.o(.constdata)
    DESIP                                    0x000085b2   Data           4  ch563.o(.constdata)
    ErrTable                                 0x000085b6   Data          16  ch563sock.o(.constdata)
    tcp_persist_backoff                      0x000085c6   Data           7  tcp.o(.constdata)
    tcp_backoff                              0x000085cd   Data          20  tcp.o(.constdata)
    ip_addr_any                              0x000085e1   Data           4  ip_addr.o(.constdata)
    ethbroadcast                             0x000085e5   Data           6  etharp.o(.constdata)
    ethzero                                  0x000085eb   Data           6  etharp.o(.constdata)
    Region$$Table$$Base                      0x0000865c   Number         0  anon$$obj.o(Region$$Table)
    Region$$Table$$Limit                     0x0000867c   Number         0  anon$$obj.o(Region$$Table)
    IPAddr                                   0x00810000   Data           4  ch563.o(.data)
    ID_Number                                0x00810004   Data           1  ch563.o(.data)
    Front                                    0x00810008   Data           4  ch563.o(.data)
    SocketId                                 0x0081000c   Data           1  ch563.o(.data)
    PLC_Count                                0x00810010   Data           1  main.o(.data)
    LENGH_TX                                 0x00810014   Data           4  main.o(.data)
    RxQueueEntries                           0x00810018   Data           1  ch563sock.o(.data)
    TxQueueEntries                           0x00810019   Data           1  ch563sock.o(.data)
    PingEnable                               0x0081001a   Data           1  ch563sock.o(.data)
    SocketNum                                0x0081001b   Data           1  ch563sock.o(.data)
    CH563NETConfig                           0x0081001c   Data           4  ch563sock.o(.data)
    tcppackt                                 0x00810020   Data           4  ch563sock.o(.data)
    netif_list                               0x00810028   Data           4  netif.o(.data)
    netif_default                            0x0081002c   Data           4  netif.o(.data)
    tcp_ticks                                0x00810038   Data           4  tcp.o(.data)
    tcp_bound_pcbs                           0x0081003c   Data           4  tcp.o(.data)
    tcp_listen_pcbs                          0x00810040   Data           4  tcp.o(.data)
    tcp_active_pcbs                          0x00810044   Data           4  tcp.o(.data)
    tcp_tw_pcbs                              0x00810048   Data           4  tcp.o(.data)
    tcp_tmp_pcb                              0x0081004c   Data           4  tcp.o(.data)
    tcp_state_str                            0x00810050   Data          44  tcp.o(.data)
    udp_pcbs                                 0x0081007c   Data           4  udp.o(.data)
    LocalTime                                0x00810084   Data           4  ethernetif.o(.data)
    TCPTimer                                 0x00810088   Data           4  ethernetif.o(.data)
    ARPTimer                                 0x0081008c   Data           4  ethernetif.o(.data)
    IPFragTimer                              0x00810090   Data           4  ethernetif.o(.data)
    DHCPfineTimer                            0x00810094   Data           4  ethernetif.o(.data)
    DHCPcoarseTimer                          0x00810098   Data           4  ethernetif.o(.data)
    DHCPTestTimer                            0x0081009c   Data           4  ethernetif.o(.data)
    DNSTimer                                 0x008100a0   Data           4  ethernetif.o(.data)
    CH563MACAddr                             0x008100a4   Data           4  ethernetif.o(.data)
    CH563IPAddr                              0x008100a8   Data           4  ethernetif.o(.data)
    CH563GWIPAddr                            0x008100ac   Data           4  ethernetif.o(.data)
    CH563IPMask                              0x008100b0   Data           4  ethernetif.o(.data)
    TX_BUF_ADDR                              0x008100b4   Data           4  ethernetif.o(.data)
    TX_DESC_ADDR                             0x008100b8   Data           4  ethernetif.o(.data)
    RX_BUF_ADDR                              0x008100bc   Data           4  ethernetif.o(.data)
    RX_DESC_ADDR                             0x008100c0   Data           4  ethernetif.o(.data)
    SuccessPackets                           0x008100d0   Data           4  ftmac110.o(.data)
    ftmac110_device                          0x008100d4   Data           4  ftmac110.o(.data)
    ftmac110_control                         0x008100d8   Data           4  ftmac110.o(.data)
    memp_sizes                               0x008100f0   Data           4  memp.o(.data)
    tcp_input_pcb                            0x00810114   Data           4  tcp_in.o(.data)
    current_netif                            0x0081011c   Data           4  ip.o(.data)
    current_header                           0x00810120   Data           4  ip.o(.data)
    __stdout                                 0x0081012c   Data           4  stdout.o(.data)
    CH563MACRxDesBuf                         0x00810130   Data         112  ch563.o(.bss)
    CH563MACRxBuf                            0x008101a0   Data       10612  ch563.o(.bss)
    SocketInf                                0x00812b14   Data         240  ch563.o(.bss)
    Memp_Memory                              0x00812c04   Data       11347  ch563.o(.bss)
    Mem_Heap_Memory                          0x00815858   Data        4620  ch563.o(.bss)
    Mem_ArpTable                             0x00816a64   Data         256  ch563.o(.bss)
    SocketRecvBuf                            0x00816b64   Data        1600  ch563.o(.bss)
    FirstBuf_Rx                              0x008171a4   Data        1600  ch563.o(.bss)
    SecondBuf_Rx                             0x008177e4   Data        1600  ch563.o(.bss)
    Buff_Rx                                  0x00817e24   Data         204  ch563.o(.bss)
    Buff_Tx                                  0x00817ef0   Data         204  main.o(.bss)
    FirstBuf_Tx                              0x00817fbc   Data        1000  main.o(.bss)
    EEPROM_CODE                              0x008183a4   Data        1024  main.o(.bss)
    EEPROM_BUFF                              0x008187a4   Data        1024  plc.o(.bss)
    CH563Inf                                 0x00818ba4   Data          68  ch563sock.o(.bss)
    CH563Cfg                                 0x00818be8   Data          20  ch563sock.o(.bss)
    KeepLiveCfg                              0x00818bfc   Data          12  ch563sock.o(.bss)
    DHCPCtrl                                 0x00818c10   Data          24  ethernetif.o(.bss)
    CH563NetIf                               0x00818c28   Data          52  ethernetif.o(.bss)
    CH563MACTxDesBuf                         0x00818c60   Data          32  ethernetif.o(.bss)
    CH563MACTxBuf                            0x00818c80   Data        1516  ethernetif.o(.bss)
    RxCtrl                                   0x0081926c   Data         196  ethernetif.o(.bss)
    TXCtrl                                   0x00819330   Data          20  ethernetif.o(.bss)
    pFTMAC_Device                            0x00819344   Data          20  ftmac110.o(.bss)
    pFTMAC_Ctrl                              0x00819358   Data          48  ftmac110.o(.bss)
    DNSInf                                   0x008193bc   Data          20  ch563net_nds.o(.bss)
    __heap_limit                             0x0081fc00   Data           0  startup.o ABSOLUTE
    __initial_sp                             0x0081fc00   Number         0  startup.o ABSOLUTE



==============================================================================

Memory Map of the image

  Image entry point : Not specified.

  Load Region ROM_LOAD (Base: 0x00000000, Size: 0x000087ac, Max: 0xffffffff, ABSOLUTE, COMPRESSED[0x000086c0])

    Execution Region FLASH_CODE (Base: 0x00000000, Size: 0x0000867c, Max: 0xffffffff, ABSOLUTE)

    Base Addr    Size         Type   Attr      Idx    E Section Name        Object

    0x00000000   0x00000090   Code   RO           97  * RESET               startup.o
    0x00000090   0x00000000   Code   RO          609  * .ARM.Collect$$$$00000000  mc_5.l(entry.o)
    0x00000090   0x00000004   Code   RO          887    .ARM.Collect$$$$00000001  mc_5.l(entry2.o)
    0x00000094   0x00000004   Code   RO          889    .ARM.Collect$$$$00000004  mc_5.l(entry5.o)
    0x00000098   0x0000000c   Code   RO          890    .ARM.Collect$$$$00000007  mc_5.l(entry7.o)
    0x000000a4   0x00000004   Code   RO          888    .ARM.Collect$$$$00002712  mc_5.l(entry2.o)
    0x000000a8   0x00000524   Code   RO            1    .text               ch563.o
    0x000005cc   0x00000918   Code   RO           41    .text               main.o
    0x00000ee4   0x00000b14   Code   RO           70    .text               plc.o
    0x000019f8   0x0000009c   Code   RO          101    .text               sysfreq.o
    0x00001a94   0x00000048   Code   RO          113    .text               ISPXT563.O(eeprom.o)
    0x00001adc   0x00000650   Code   RO          246    .text               ISPXT563.O(ISPXT563.O)
    0x0000212c   0x0000002c   Code   RO          612    .text               mc_5.l(uidiv.o)
    0x00002158   0x00000028   Code   RO          614    .text               mc_5.l(idiv.o)
    0x00002180   0x00000024   Code   RO          616    .text               mc_5.l(memcpya.o)
    0x000021a4   0x00000028   Code   RO          618    .text               mc_5.l(memseta.o)
    0x000021cc   0x00000014   Code   RO          883    .text               mc_5.l(uread4.o)
    0x000021e0   0x00000012   Code   RO          885    .text               mc_5.l(uwrite4.o)
    0x000021f2   0x00000060   Code   RO          892    .text               mc_5.l(uldiv.o)
    0x00002252   0x00000002   PAD
    0x00002254   0x00000020   Code   RO          905    .text               mc_5.l(init.o)
    0x00002274   0x00000020   Code   RO          907    .text               mc_5.l(llshl.o)
    0x00002294   0x00000022   Code   RO          909    .text               mc_5.l(llushr.o)
    0x000022b6   0x00000002   PAD
    0x000022b8   0x0000004c   Code   RO          925    .text               mc_5.l(__dczerorl.o)
    0x00002304   0x00000020   Code   RO          494    i.CH395MACTXDMARealloc  CH563NET.lib(ftmac110.o)
    0x00002324   0x00000014   Code   RO          129    i.CH563EtherNetIsr  CH563NET.lib(ch563sock.o)
    0x00002338   0x00000068   Code   RO          130    i.CH563FileCorrectTCBPcb  CH563NET.lib(ch563sock.o)
    0x000023a0   0x00000038   Code   RO          132    i.CH563IPSetSocketRecvInit  CH563NET.lib(ch563sock.o)
    0x000023d8   0x000000b8   Code   RO          430    i.CH563MACRxSuccHandle  CH563NET.lib(ethernetif.o)
    0x00002490   0x00000020   Code   RO          135    i.CH563NET_ConfigLIB  CH563NET.lib(ch563sock.o)
    0x000024b0   0x0000000a   Code   RO          136    i.CH563NET_ETHIsr   CH563NET.lib(ch563sock.o)
    0x000024ba   0x00000002   PAD
    0x000024bc   0x00000014   Code   RO          137    i.CH563NET_GetGlobalInt  CH563NET.lib(ch563sock.o)
    0x000024d0   0x00000010   Code   RO          138    i.CH563NET_GetPHYStatus  CH563NET.lib(ch563sock.o)
    0x000024e0   0x00000024   Code   RO          139    i.CH563NET_GetSocketInt  CH563NET.lib(ch563sock.o)
    0x00002504   0x00000004   Code   RO          140    i.CH563NET_GetVer   CH563NET.lib(ch563sock.o)
    0x00002508   0x000000fc   Code   RO          141    i.CH563NET_Init     CH563NET.lib(ch563sock.o)
    0x00002604   0x0000002c   Code   RO          142    i.CH563NET_MainTask  CH563NET.lib(ch563sock.o)
    0x00002630   0x00000040   Code   RO          147    i.CH563NET_QueryGlobalInt  CH563NET.lib(ch563sock.o)
    0x00002670   0x000001a4   Code   RO          153    i.CH563NET_SocketCreat  CH563NET.lib(ch563sock.o)
    0x00002814   0x000001a0   Code   RO          155    i.CH563NET_SocketRecv  CH563NET.lib(ch563sock.o)
    0x000029b4   0x00000018   Code   RO          156    i.CH563NET_SocketRecvLen  CH563NET.lib(ch563sock.o)
    0x000029cc   0x00000040   Code   RO          157    i.CH563NET_SocketSend  CH563NET.lib(ch563sock.o)
    0x00002a0c   0x00000010   Code   RO          160    i.CH563NET_TimeIsr  CH563NET.lib(ch563sock.o)
    0x00002a1c   0x00000048   Code   RO          161    i.CH563ScokedIntHandle  CH563NET.lib(ch563sock.o)
    0x00002a64   0x00000030   Code   RO          162    i.CH563SocketInit   CH563NET.lib(ch563sock.o)
    0x00002a94   0x00000002   Code   RO          165    i.CH563TCPError     CH563NET.lib(ch563sock.o)
    0x00002a96   0x00000002   PAD
    0x00002a98   0x0000000c   Code   RO          495    i.ClearMacInterrupt  CH563NET.lib(ftmac110.o)
    0x00002aa4   0x00000018   Code   RO          170    i.ErrorEncode       CH563NET.lib(ch563sock.o)
    0x00002abc   0x00000060   Code   RO          496    i.GetPHYStatus      CH563NET.lib(ftmac110.o)
    0x00002b1c   0x000000b0   Code   RO          528    i.InitCH563MAC      CH563NET.lib(hal.o)
    0x00002bcc   0x000000cc   Code   RO          431    i.LwIPPeriodicHandle  CH563NET.lib(ethernetif.o)
    0x00002c98   0x0000000c   Code   RO          171    i.LwipArpCheck      CH563NET.lib(ch563sock.o)
    0x00002ca4   0x00000070   Code   RO          172    i.LwipRemoveTcpPcb  CH563NET.lib(ch563sock.o)
    0x00002d14   0x0000001c   Code   RO          176    i.LwipUnreachPort   CH563NET.lib(ch563sock.o)
    0x00002d30   0x00000018   Code   RO          177    i.MemShortCopy      CH563NET.lib(ch563sock.o)
    0x00002d48   0x0000006c   Code   RO          432    i.QuaryEthRxDma     CH563NET.lib(ethernetif.o)
    0x00002db4   0x0000000c   Code   RO          178    i.QueryPingEnable   CH563NET.lib(ch563sock.o)
    0x00002dc0   0x00000038   Code   RO          297    i.RemoveTimeWaiTCP  CH563NET.lib(tcp.o)
    0x00002df8   0x00000094   Code   RO          433    i.SetupNetif        CH563NET.lib(ethernetif.o)
    0x00002e8c   0x000000b2   Code   RO          179    i.SocketIPRAWReceive  CH563NET.lib(ch563sock.o)
    0x00002f3e   0x00000002   PAD
    0x00002f40   0x000000d0   Code   RO          180    i.SocketIPRawSend   CH563NET.lib(ch563sock.o)
    0x00003010   0x00000100   Code   RO          181    i.SocketTcpSend     CH563NET.lib(ch563sock.o)
    0x00003110   0x000000be   Code   RO          182    i.SocketUdpReceive  CH563NET.lib(ch563sock.o)
    0x000031ce   0x00000002   PAD
    0x000031d0   0x000000c4   Code   RO          183    i.SocketUdpSend     CH563NET.lib(ch563sock.o)
    0x00003294   0x00000020   Code   RO          829    i.__0printf$8       mc_5.l(printf8.o)
    0x000032b4   0x00000018   Code   RO          362    i.__ARM_common_switch8  CH563NET.lib(tcp.o)
    0x000032cc   0x0000001c   Code   RO          919    i.__scatterload_copy  mc_5.l(handlers.o)
    0x000032e8   0x00000004   Code   RO          920    i.__scatterload_null  mc_5.l(handlers.o)
    0x000032ec   0x00000018   Code   RO          921    i.__scatterload_zeroinit  mc_5.l(handlers.o)
    0x00003304   0x00000434   Code   RO          836    i._printf_core      mc_5.l(printf8.o)
    0x00003738   0x00000020   Code   RO          837    i._printf_post_padding  mc_5.l(printf8.o)
    0x00003758   0x0000002a   Code   RO          838    i._printf_pre_padding  mc_5.l(printf8.o)
    0x00003782   0x00000002   PAD
    0x00003784   0x00000084   Code   RO          497    i.alloc_rxdes       CH563NET.lib(ftmac110.o)
    0x00003808   0x0000005c   Code   RO          498    i.alloc_txdes       CH563NET.lib(ftmac110.o)
    0x00003864   0x00000144   Code   RO          451    i.etharp_arp_input  CH563NET.lib(etharp.o)
    0x000039a8   0x0000002e   Code   RO          453    i.etharp_ip_input   CH563NET.lib(etharp.o)
    0x000039d6   0x00000002   PAD
    0x000039d8   0x000000cc   Code   RO          454    i.etharp_output     CH563NET.lib(etharp.o)
    0x00003aa4   0x000000b0   Code   RO          455    i.etharp_query      CH563NET.lib(etharp.o)
    0x00003b54   0x000000bc   Code   RO          456    i.etharp_raw        CH563NET.lib(etharp.o)
    0x00003c10   0x00000024   Code   RO          457    i.etharp_request    CH563NET.lib(etharp.o)
    0x00003c34   0x00000036   Code   RO          458    i.etharp_send_ip    CH563NET.lib(etharp.o)
    0x00003c6a   0x00000002   PAD
    0x00003c6c   0x0000004c   Code   RO          459    i.etharp_tmr        CH563NET.lib(etharp.o)
    0x00003cb8   0x0000005a   Code   RO          460    i.ethernet_input    CH563NET.lib(etharp.o)
    0x00003d12   0x00000002   PAD
    0x00003d14   0x00000028   Code   RO          434    i.ethernetif_init   CH563NET.lib(ethernetif.o)
    0x00003d3c   0x000000ac   Code   RO          435    i.ethernetif_input  CH563NET.lib(ethernetif.o)
    0x00003de8   0x00000120   Code   RO          461    i.find_entry        CH563NET.lib(etharp.o)
    0x00003f08   0x00000014   Code   RO          499    i.ftmac110_close    CH563NET.lib(ftmac110.o)
    0x00003f1c   0x00000034   Code   RO          500    i.ftmac110_isr      CH563NET.lib(ftmac110.o)
    0x00003f50   0x00000028   Code   RO          501    i.ftmac110_open     CH563NET.lib(ftmac110.o)
    0x00003f78   0x000000f0   Code   RO          502    i.ftmac110_open_control  CH563NET.lib(ftmac110.o)
    0x00004068   0x00000060   Code   RO          503    i.ftmac110_xmit     CH563NET.lib(ftmac110.o)
    0x000040c8   0x0000001a   Code   RO          411    i.htonl             CH563NET.lib(inet.o)
    0x000040e2   0x0000000a   Code   RO          412    i.htons             CH563NET.lib(inet.o)
    0x000040ec   0x0000000c   Code   RO          570    i.icmp_dest_unreach  CH563NET.lib(icmp.o)
    0x000040f8   0x000001ec   Code   RO          571    i.icmp_input        CH563NET.lib(icmp.o)
    0x000042e4   0x0000006a   Code   RO          572    i.icmp_send_response  CH563NET.lib(icmp.o)
    0x0000434e   0x0000000c   Code   RO          573    i.icmp_time_exceeded  CH563NET.lib(icmp.o)
    0x0000435a   0x0000000e   Code   RO          578    i.inet_chksum       CH563NET.lib(inet_chksum.o)
    0x00004368   0x00000054   Code   RO          579    i.inet_chksum_pbuf  CH563NET.lib(inet_chksum.o)
    0x000043bc   0x00000094   Code   RO          580    i.inet_chksum_pseudo  CH563NET.lib(inet_chksum.o)
    0x00004450   0x0000003a   Code   RO          426    i.ip_addr_isbroadcast  CH563NET.lib(ip_addr.o)
    0x0000448a   0x00000162   Code   RO          595    i.ip_frag           CH563NET.lib(ip_frag.o)
    0x000045ec   0x00000264   Code   RO          586    i.ip_input          CH563NET.lib(ip.o)
    0x00004850   0x00000032   Code   RO          587    i.ip_output         CH563NET.lib(ip.o)
    0x00004882   0x00000002   PAD
    0x00004884   0x00000110   Code   RO          588    i.ip_output_if      CH563NET.lib(ip.o)
    0x00004994   0x000001d8   Code   RO          596    i.ip_reass          CH563NET.lib(ip_frag.o)
    0x00004b6c   0x0000017c   Code   RO          597    i.ip_reass_chain_frag_into_datagram_and_validate  CH563NET.lib(ip_frag.o)
    0x00004ce8   0x00000024   Code   RO          598    i.ip_reass_dequeue_datagram  CH563NET.lib(ip_frag.o)
    0x00004d0c   0x00000078   Code   RO          599    i.ip_reass_free_complete_datagram  CH563NET.lib(ip_frag.o)
    0x00004d84   0x0000003c   Code   RO          600    i.ip_reass_tmr      CH563NET.lib(ip_frag.o)
    0x00004dc0   0x00000054   Code   RO          589    i.ip_route          CH563NET.lib(ip.o)
    0x00004e14   0x000000c0   Code   RO          436    i.low_level_init    CH563NET.lib(ethernetif.o)
    0x00004ed4   0x0000019c   Code   RO          437    i.low_level_input   CH563NET.lib(ethernetif.o)
    0x00005070   0x000000b4   Code   RO          438    i.low_level_output  CH563NET.lib(ethernetif.o)
    0x00005124   0x0000001c   Code   RO          531    i.lwip_init         CH563NET.lib(init.o)
    0x00005140   0x00000044   Code   RO          581    i.lwip_standard_chksum  CH563NET.lib(inet_chksum.o)
    0x00005184   0x00000050   Code   RO          506    i.malloc_ftmac110_device  CH563NET.lib(ftmac110.o)
    0x000051d4   0x0000002c   Code   RO          534    i.mem_free          CH563NET.lib(mem.o)
    0x00005200   0x00000054   Code   RO          535    i.mem_init          CH563NET.lib(mem.o)
    0x00005254   0x000000bc   Code   RO          536    i.mem_malloc        CH563NET.lib(mem.o)
    0x00005310   0x000000e0   Code   RO          537    i.mem_realloc       CH563NET.lib(mem.o)
    0x000053f0   0x00000014   Code   RO          546    i.memp_free         CH563NET.lib(memp.o)
    0x00005404   0x00000058   Code   RO          547    i.memp_init         CH563NET.lib(memp.o)
    0x0000545c   0x0000001c   Code   RO          548    i.memp_malloc       CH563NET.lib(memp.o)
    0x00005478   0x00000048   Code   RO          248    i.netif_add         CH563NET.lib(netif.o)
    0x000054c0   0x0000000a   Code   RO          250    i.netif_is_up       CH563NET.lib(netif.o)
    0x000054ca   0x0000001e   Code   RO          252    i.netif_set_addr    CH563NET.lib(netif.o)
    0x000054e8   0x0000000c   Code   RO          253    i.netif_set_default  CH563NET.lib(netif.o)
    0x000054f4   0x00000016   Code   RO          255    i.netif_set_gw      CH563NET.lib(netif.o)
    0x0000550a   0x00000002   PAD
    0x0000550c   0x00000088   Code   RO          256    i.netif_set_ipaddr  CH563NET.lib(netif.o)
    0x00005594   0x00000016   Code   RO          257    i.netif_set_netmask  CH563NET.lib(netif.o)
    0x000055aa   0x00000008   Code   RO          416    i.ntohl             CH563NET.lib(inet.o)
    0x000055b2   0x00000008   Code   RO          417    i.ntohs             CH563NET.lib(inet.o)
    0x000055ba   0x00000002   PAD
    0x000055bc   0x00000118   Code   RO          271    i.pbuf_alloc        CH563NET.lib(pbuf.o)
    0x000056d4   0x00000028   Code   RO          272    i.pbuf_cat          CH563NET.lib(pbuf.o)
    0x000056fc   0x00000010   Code   RO          273    i.pbuf_chain        CH563NET.lib(pbuf.o)
    0x0000570c   0x00000014   Code   RO          274    i.pbuf_clen         CH563NET.lib(pbuf.o)
    0x00005720   0x0000009c   Code   RO          276    i.pbuf_copy         CH563NET.lib(pbuf.o)
    0x000057bc   0x00000046   Code   RO          279    i.pbuf_free         CH563NET.lib(pbuf.o)
    0x00005802   0x0000006a   Code   RO          280    i.pbuf_header       CH563NET.lib(pbuf.o)
    0x0000586c   0x00000056   Code   RO          281    i.pbuf_realloc      CH563NET.lib(pbuf.o)
    0x000058c2   0x0000000c   Code   RO          282    i.pbuf_ref          CH563NET.lib(pbuf.o)
    0x000058ce   0x00000002   PAD
    0x000058d0   0x00000038   Code   RO          507    i.phyread16         CH563NET.lib(ftmac110.o)
    0x00005908   0x00000054   Code   RO          538    i.plug_holes        CH563NET.lib(mem.o)
    0x0000595c   0x00000018   Code   RO          477    i.raw_bind          CH563NET.lib(raw.o)
    0x00005974   0x00000018   Code   RO          478    i.raw_connect       CH563NET.lib(raw.o)
    0x0000598c   0x00000070   Code   RO          479    i.raw_input         CH563NET.lib(raw.o)
    0x000059fc   0x0000002c   Code   RO          480    i.raw_new           CH563NET.lib(raw.o)
    0x00005a28   0x00000006   Code   RO          481    i.raw_recv          CH563NET.lib(raw.o)
    0x00005a2e   0x0000000a   Code   RO          483    i.raw_send          CH563NET.lib(raw.o)
    0x00005a38   0x00000092   Code   RO          484    i.raw_sendto        CH563NET.lib(raw.o)
    0x00005aca   0x00000002   PAD
    0x00005acc   0x00000088   Code   RO          508    i.rpkt_finish_handler  CH563NET.lib(ftmac110.o)
    0x00005b54   0x000000a8   Code   RO          298    i.tcp_abandon       CH563NET.lib(tcp.o)
    0x00005bfc   0x0000011c   Code   RO          301    i.tcp_alloc         CH563NET.lib(tcp.o)
    0x00005d18   0x00000004   Code   RO          302    i.tcp_arg           CH563NET.lib(tcp.o)
    0x00005d1c   0x00000110   Code   RO          303    i.tcp_bind          CH563NET.lib(tcp.o)
    0x00005e2c   0x000000b4   Code   RO          304    i.tcp_close         CH563NET.lib(tcp.o)
    0x00005ee0   0x00000026   Code   RO          307    i.tcp_eff_send_mss  CH563NET.lib(tcp.o)
    0x00005f06   0x00000002   PAD
    0x00005f08   0x000003e0   Code   RO          364    i.tcp_enqueue       CH563NET.lib(tcp_out.o)
    0x000062e8   0x00000006   Code   RO          308    i.tcp_err           CH563NET.lib(tcp.o)
    0x000062ee   0x00000002   PAD
    0x000062f0   0x00000068   Code   RO          309    i.tcp_fasttmr       CH563NET.lib(tcp.o)
    0x00006358   0x000003e4   Code   RO          554    i.tcp_input         CH563NET.lib(tcp_in.o)
    0x0000673c   0x0000005a   Code   RO          365    i.tcp_keepalive     CH563NET.lib(tcp_out.o)
    0x00006796   0x00000002   PAD
    0x00006798   0x000000fc   Code   RO          555    i.tcp_listen_input  CH563NET.lib(tcp_in.o)
    0x00006894   0x0000000a   Code   RO          311    i.tcp_new           CH563NET.lib(tcp.o)
    0x0000689e   0x00000002   PAD
    0x000068a0   0x00000060   Code   RO          312    i.tcp_new_port      CH563NET.lib(tcp.o)
    0x00006900   0x00000010   Code   RO          313    i.tcp_next_iss      CH563NET.lib(tcp.o)
    0x00006910   0x000000b4   Code   RO          556    i.tcp_oos_insert_segment  CH563NET.lib(tcp_in.o)
    0x000069c4   0x000001f8   Code   RO          366    i.tcp_output        CH563NET.lib(tcp_out.o)
    0x00006bbc   0x000000e8   Code   RO          367    i.tcp_output_segment  CH563NET.lib(tcp_out.o)
    0x00006ca4   0x000000b0   Code   RO          368    i.tcp_output_set_header  CH563NET.lib(tcp_out.o)
    0x00006d54   0x00000094   Code   RO          557    i.tcp_parseopt      CH563NET.lib(tcp_in.o)
    0x00006de8   0x00000044   Code   RO          314    i.tcp_pcb_purge     CH563NET.lib(tcp.o)
    0x00006e2c   0x0000005c   Code   RO          315    i.tcp_pcb_remove    CH563NET.lib(tcp.o)
    0x00006e88   0x00000354   Code   RO          558    i.tcp_process       CH563NET.lib(tcp_in.o)
    0x000071dc   0x0000073c   Code   RO          559    i.tcp_receive       CH563NET.lib(tcp_in.o)
    0x00007918   0x00000026   Code   RO          318    i.tcp_recv_null     CH563NET.lib(tcp.o)
    0x0000793e   0x00000002   PAD
    0x00007940   0x00000040   Code   RO          319    i.tcp_recved        CH563NET.lib(tcp.o)
    0x00007980   0x00000026   Code   RO          185    i.tcp_recved_socket  CH563NET.lib(ch563sock.o)
    0x000079a6   0x00000050   Code   RO          369    i.tcp_rexmit        CH563NET.lib(tcp_out.o)
    0x000079f6   0x00000050   Code   RO          370    i.tcp_rexmit_fast   CH563NET.lib(tcp_out.o)
    0x00007a46   0x00000030   Code   RO          371    i.tcp_rexmit_rto    CH563NET.lib(tcp_out.o)
    0x00007a76   0x00000002   PAD
    0x00007a78   0x000000e4   Code   RO          372    i.tcp_rst           CH563NET.lib(tcp_out.o)
    0x00007b5c   0x00000024   Code   RO          320    i.tcp_seg_copy      CH563NET.lib(tcp.o)
    0x00007b80   0x00000022   Code   RO          321    i.tcp_seg_free      CH563NET.lib(tcp.o)
    0x00007ba2   0x0000001c   Code   RO          322    i.tcp_segs_free     CH563NET.lib(tcp.o)
    0x00007bbe   0x00000016   Code   RO          373    i.tcp_send_ctrl     CH563NET.lib(tcp_out.o)
    0x00007bd4   0x0000006e   Code   RO          374    i.tcp_send_empty_ack  CH563NET.lib(tcp_out.o)
    0x00007c42   0x00000002   PAD
    0x00007c44   0x00000274   Code   RO          325    i.tcp_slowtmr       CH563NET.lib(tcp.o)
    0x00007eb8   0x00000078   Code   RO          560    i.tcp_timewait_input  CH563NET.lib(tcp_in.o)
    0x00007f30   0x0000001c   Code   RO          326    i.tcp_tmr           CH563NET.lib(tcp.o)
    0x00007f4c   0x0000003c   Code   RO          327    i.tcp_update_rcv_ann_wnd  CH563NET.lib(tcp.o)
    0x00007f88   0x00000030   Code   RO          375    i.tcp_write         CH563NET.lib(tcp_out.o)
    0x00007fb8   0x000000c4   Code   RO          376    i.tcp_zero_window_probe  CH563NET.lib(tcp_out.o)
    0x0000807c   0x000000a0   Code   RO          390    i.udp_bind          CH563NET.lib(udp.o)
    0x0000811c   0x00000088   Code   RO          391    i.udp_connect       CH563NET.lib(udp.o)
    0x000081a4   0x00000218   Code   RO          393    i.udp_input         CH563NET.lib(udp.o)
    0x000083bc   0x0000001a   Code   RO          394    i.udp_new           CH563NET.lib(udp.o)
    0x000083d6   0x00000006   Code   RO          395    i.udp_recv          CH563NET.lib(udp.o)
    0x000083dc   0x0000000c   Code   RO          397    i.udp_send          CH563NET.lib(udp.o)
    0x000083e8   0x0000002a   Code   RO          398    i.udp_sendto        CH563NET.lib(udp.o)
    0x00008412   0x000000ea   Code   RO          399    i.udp_sendto_if     CH563NET.lib(udp.o)
    0x000084fc   0x00000088   Code   RO          462    i.update_arp_entry  CH563NET.lib(etharp.o)
    0x00008584   0x00000032   Data   RO            3    .constdata          ch563.o
    0x000085b6   0x00000010   Data   RO          187    .constdata          CH563NET.lib(ch563sock.o)
    0x000085c6   0x0000001b   Data   RO          328    .constdata          CH563NET.lib(tcp.o)
    0x000085e1   0x00000004   Data   RO          427    .constdata          CH563NET.lib(ip_addr.o)
    0x000085e5   0x0000000c   Data   RO          463    .constdata          CH563NET.lib(etharp.o)
    0x000085f1   0x00000068   Data   RO          329    .conststring        CH563NET.lib(tcp.o)
    0x00008659   0x00000003   PAD
    0x0000865c   0x00000020   Data   RO          917    Region$$Table       anon$$obj.o


    Execution Region SRAM_DATA (Base: 0x00810000, Size: 0x000093d0, Max: 0x0000fc00, ABSOLUTE, COMPRESSED[0x00000044])

    Base Addr    Size         Type   Attr      Idx    E Section Name        Object

    0x00810000   0x0000000d   Data   RW            4    .data               ch563.o
    0x0081000d   0x00000003   PAD
    0x00810010   0x00000008   Data   RW           43    .data               main.o
    0x00810018   0x0000000c   Data   RW          188    .data               CH563NET.lib(ch563sock.o)
    0x00810024   0x0000000c   Data   RW          259    .data               CH563NET.lib(netif.o)
    0x00810030   0x0000004c   Data   RW          330    .data               CH563NET.lib(tcp.o)
    0x0081007c   0x00000004   Data   RW          400    .data               CH563NET.lib(udp.o)
    0x00810080   0x00000044   Data   RW          440    .data               CH563NET.lib(ethernetif.o)
    0x008100c4   0x00000008   Data   RW          464    .data               CH563NET.lib(etharp.o)
    0x008100cc   0x00000004   Data   RW          485    .data               CH563NET.lib(raw.o)
    0x008100d0   0x0000000c   Data   RW          511    .data               CH563NET.lib(ftmac110.o)
    0x008100dc   0x00000014   Data   RW          539    .data               CH563NET.lib(mem.o)
    0x008100f0   0x0000000c   Data   RW          550    .data               CH563NET.lib(memp.o)
    0x008100fc   0x0000001c   Data   RW          562    .data               CH563NET.lib(tcp_in.o)
    0x00810118   0x0000000c   Data   RW          590    .data               CH563NET.lib(ip.o)
    0x00810124   0x00000008   Data   RW          601    .data               CH563NET.lib(ip_frag.o)
    0x0081012c   0x00000004   Data   RW          891    .data               mc_5.l(stdout.o)
    0x00810130   0x00007dc0   Zero   RW            2    .bss                ch563.o
    0x00817ef0   0x000008b4   Zero   RW           42    .bss                main.o
    0x008187a4   0x00000400   Zero   RW           71    .bss                plc.o
    0x00818ba4   0x00000064   Zero   RW          186    .bss                CH563NET.lib(ch563sock.o)
    0x00818c08   0x00000008   PAD
    0x00818c10   0x00000734   Zero   RW          439    .bss                CH563NET.lib(ethernetif.o)
    0x00819344   0x00000044   Zero   RW          509    .bss                CH563NET.lib(ftmac110.o)
    0x00819388   0x00000020   Zero   RW          549    .bss                CH563NET.lib(memp.o)
    0x008193a8   0x00000014   Zero   RW          561    .bss                CH563NET.lib(tcp_in.o)
    0x008193bc   0x00000014   Zero   RW          608    .bss                CH563NET.lib(ch563net_nds.o)


    Execution Region SRAM_HEAP (Base: 0x008193d0, Size: 0x00000000, Max: 0xffffffff, ABSOLUTE, UNINIT)

    **** No section assigned to this execution region ****


    Execution Region SRAM_STACK (Base: 0x00820000, Size: 0x00000400, Max: 0xffffffff, ABSOLUTE, UNINIT)

    Base Addr    Size         Type   Attr      Idx    E Section Name        Object

    0x00820000   0x00000400   Zero   RW           95    STACK               startup.o


==============================================================================

Image component sizes


      Code (inc. data)   RO Data    RW Data    ZI Data      Debug   Object Name

      1316        192         50         13      32192      15339   ch563.o
      2328         96          0          8       2228       5728   main.o
      2836         16          0          0       1024       6881   plc.o
       144          8          0          0       1024        300   startup.o
       156          4          0          0          0        772   sysfreq.o

    ----------------------------------------------------------------------
      6780        316         82         24      36468      29020   Object Totals
         0          0         32          0          0          0   (incl. Generated)
         0          0          0          3          0          3   (incl. Padding)

    ----------------------------------------------------------------------

      Code (inc. data)   RO Data    RW Data    ZI Data      Debug   Library Member Name

         0          0          0          0         20          0   ch563net_nds.o
      2998        214         16         12        100       2216   ch563sock.o
      1618         64         12          8          0        852   etharp.o
      1640        214          0         68       1844        664   ethernetif.o
      1084        134          0         12         68        892   ftmac110.o
       176         18          0          0          0         76   hal.o
       622          4          0          0          0        296   icmp.o
        52          0          0          0          0        256   inet.o
       314          0          0          0          0        292   inet_chksum.o
        28          6          0          0          0         68   init.o
      1018         32          0         12          0        324   ip.o
        58          0          4          0          0         68   ip_addr.o
      1422         32          0          8          0        468   ip_frag.o
       624         50          0         20          0        364   mem.o
       136         16          0         12         32        196   memp.o
       304         20          0         12          0        480   netif.o
       786          4          0          0          0        620   pbuf.o
       366         10          0          4          0        500   raw.o
      2334         96        131         76          0       1640   tcp.o
      4400        114          0         28         20        540   tcp_in.o
      2806         48          0          0          0        968   tcp_out.o
      1152         24          0          4          0        596   udp.o
      1616         12          0          0          0        653   ISPXT563.O
        72          0          0          0          0       3446   eeprom.o
        76          0          0          0          0          0   __dczerorl.o
         0          0          0          0          0          0   entry.o
         8          4          0          0          0          0   entry2.o
         4          0          0          0          0          0   entry5.o
        12          4          0          0          0          0   entry7.o
        56          0          0          0          0          0   handlers.o
        40          0          0          0          0         72   idiv.o
        32         10          0          0          0         68   init.o
        32          0          0          0          0         68   llshl.o
        34          0          0          0          0         68   llushr.o
        36          0          0          0          0         60   memcpya.o
        40          0          0          0          0        100   memseta.o
      1182         54          0          0          0        324   printf8.o
         0          0          0          4          0          0   stdout.o
        44          0          0          0          0         72   uidiv.o
        96          0          0          0          0         84   uldiv.o
        20          0          0          0          0         60   uread4.o
        18          0          0          0          0         60   uwrite4.o

    ----------------------------------------------------------------------
     27400       1184        166        280       2092      17511   Library Totals
        44          0          3          0          8          0   (incl. Padding)

    ----------------------------------------------------------------------

      Code (inc. data)   RO Data    RW Data    ZI Data      Debug   Library Name

     23938       1100        163        276       2084      12376   CH563NET.lib
      1688         12          0          0          0       4099   ISPXT563.O
      1730         72          0          4          0       1036   mc_5.l

    ----------------------------------------------------------------------
     27400       1184        166        280       2092      17511   Library Totals

    ----------------------------------------------------------------------

==============================================================================


      Code (inc. data)   RO Data    RW Data    ZI Data      Debug   

     34180       1500        248        304      38560      38340   Grand Totals
     34180       1500        248         68      38560      38340   ELF Image Totals (compressed)
     34180       1500        248         68          0          0   ROM Totals

==============================================================================

    Total RO  Size (Code + RO Data)                34428 (  33.62kB)
    Total RW  Size (RW Data + ZI Data)             38864 (  37.95kB)
    Total ROM Size (Code + RO Data + RW Data)      34496 (  33.69kB)

==============================================================================

