ARM Linker, 4.1 [Build 567] [Standard]

==============================================================================

Section Cross References

    ch563.o(.text) refers to printf8.o(i.__0printf$8) for __2printf
    ch563.o(.text) refers to ch563sock.o(i.CH563NET_SocketUdpSendTo) for CH563NET_SocketUdpSendTo
    ch563.o(.text) refers to sysfreq.o(.text) for Delay_ms
    ch563.o(.text) refers to main.o(.text) for UART1_SendStr
    ch563.o(.text) refers to ch563sock.o(i.CH563NET_ETHIsr) for CH563NET_ETHIsr
    ch563.o(.text) refers to ch563sock.o(i.CH563NET_TimeIsr) for CH563NET_TimeIsr
    ch563.o(.text) refers to plc.o(.text) for Proc_plc_code
    ch563.o(.text) refers to ch563.o(.data) for SocketId
    ch563.o(.text) refers to ch563.o(.bss) for Uart_Buf
    ch563.o(.text) refers to main.o(.data) for PLC_Count
    ch563.o(.text) refers to ch563sock.o(i.CH563NET_GetVer) for CH563NET_GetVer
    ch563.o(.text) refers to ch563sock.o(i.CH563NET_ConfigLIB) for CH563NET_ConfigLIB
    ch563.o(.text) refers to ch563sock.o(i.CH563NET_Init) for CH563NET_Init
    ch563.o(.text) refers to ch563sock.o(i.CH563NET_SocketRecvLen) for CH563NET_SocketRecvLen
    ch563.o(.text) refers to ch563sock.o(i.CH563NET_SocketRecv) for CH563NET_SocketRecv
    ch563.o(.text) refers to memcpya.o(.text) for __aeabi_memcpy
    ch563.o(.text) refers to memseta.o(.text) for __aeabi_memclr4
    ch563.o(.text) refers to ch563sock.o(i.CH563NET_SocketSend) for CH563NET_SocketSend
    ch563.o(.text) refers to ch563sock.o(.data) for CH563NETConfig
    ch563.o(.text) refers to main.o(.bss) for FirstBuf_Tx
    ch563.o(.text) refers to ch563sock.o(i.CH563NET_GetGlobalInt) for CH563NET_GetGlobalInt
    ch563.o(.text) refers to ch563sock.o(i.CH563NET_GetPHYStatus) for CH563NET_GetPHYStatus
    ch563.o(.text) refers to ch563sock.o(i.CH563NET_GetSocketInt) for CH563NET_GetSocketInt
    ch563.o(.text) refers to ch563sock.o(i.CH563NET_SocketCreat) for CH563NET_SocketCreat
    ch563.o(.text) refers to ch563sock.o(.bss) for CH563Inf
    ch563.o(.text) refers to ch563.o(.constdata) for DESIP
    main.o(.text) refers to uidiv.o(.text) for __aeabi_uidivmod
    main.o(.text) refers to memcpya.o(.text) for __aeabi_memcpy
    main.o(.text) refers to ch563sock.o(i.CH563NET_SocketUdpSendTo) for CH563NET_SocketUdpSendTo
    main.o(.text) refers to ch563.o(.data) for IPAddr
    main.o(.text) refers to ch563.o(.bss) for Uart_Buf
    main.o(.text) refers to memseta.o(.text) for __aeabi_memclr
    main.o(.text) refers to eeprom.o(.text) for CH563_EEPROM_ERASE
    main.o(.text) refers to main.o(.bss) for Buff_Tx
    main.o(.text) refers to plc.o(.data) for Control_PLC_End
    main.o(.text) refers to plc.o(.bss) for EEPROM_BUFF
    main.o(.text) refers to main.o(.data) for LENGH_TX
    main.o(.text) refers to printf8.o(i.__0printf$8) for __2printf
    main.o(.text) refers to ch563.o(.text) for CH563NET_LibInit
    main.o(.text) refers to ch563sock.o(i.CH563NET_MainTask) for CH563NET_MainTask
    main.o(.text) refers to ch563sock.o(i.CH563NET_QueryGlobalInt) for CH563NET_QueryGlobalInt
    main.o(.text) refers to ch563.o(.constdata) for IPMask
    plc.o(.text) refers to plc.o(.bss) for EEPROM_BUFF
    plc.o(.text) refers to main.o(.bss) for EEPROM_CODE
    plc.o(.text) refers to plc.o(.data) for Control_PLC_End
    startup.o(RESET) refers to ch563.o(.text) for IRQ_Handler
    startup.o(RESET) refers to sysfreq.o(.text) for SysFreq
    startup.o(RESET) refers to entry.o(.ARM.Collect$$$$00000000) for __main
    startup.o(RESET) refers to startup.o(STACK) for Stack_Top
    eeprom.o(.text) refers to ISPXT563.O(.text) for EEPROM_READ
    ch563sock.o(i.CH563EtherNetIsr) refers to ch563sock.o(.bss) for .bss
    ch563sock.o(i.CH563FileCorrectTCBPcb) refers to ch563.o(.bss) for SocketInf
    ch563sock.o(i.CH563FileCorrectTCBPcb) refers to ch563sock.o(.data) for .data
    ch563sock.o(i.CH563IPClose) refers to netif.o(i.netif_remove) for netif_remove
    ch563sock.o(i.CH563IPClose) refers to ethernetif.o(.bss) for CH563NetIf
    ch563sock.o(i.CH563IPSetSocketRecvInit) refers to ch563sock.o(i.CH563ScokedIntHandle) for CH563ScokedIntHandle
    ch563sock.o(i.CH563IPSetSocketRecvInit) refers to ch563.o(.bss) for SocketInf
    ch563sock.o(i.CH563IPSetSocketRecvInit) refers to ch563sock.o(.data) for .data
    ch563sock.o(i.CH563NET_Aton) refers to inet.o(i.inet_aton) for inet_aton
    ch563sock.o(i.CH563NET_ConfigKeepLive) refers to ch563sock.o(.bss) for .bss
    ch563sock.o(i.CH563NET_ConfigLIB) refers to ch563sock.o(.bss) for .bss
    ch563sock.o(i.CH563NET_ETHIsr) refers to ftmac110.o(i.ftmac110_isr) for ftmac110_isr
    ch563sock.o(i.CH563NET_GetGlobalInt) refers to ch563sock.o(i.CH563NET_QueryGlobalInt) for CH563NET_QueryGlobalInt
    ch563sock.o(i.CH563NET_GetGlobalInt) refers to ch563sock.o(.bss) for .bss
    ch563sock.o(i.CH563NET_GetPHYStatus) refers to ch563sock.o(.bss) for .bss
    ch563sock.o(i.CH563NET_GetSocketInt) refers to ch563sock.o(.data) for .data
[...]
    i.CH563IPSetSocketRecvInit               0x0000309c   Section        0  ch563sock.o(i.CH563IPSetSocketRecvInit)
    i.CH563MACRxSuccHandle                   0x000030d4   Section        0  ethernetif.o(i.CH563MACRxSuccHandle)
    i.CH563NET_ConfigLIB                     0x0000318c   Section        0  ch563sock.o(i.CH563NET_ConfigLIB)
    i.CH563NET_ETHIsr                        0x000031ac   Section        0  ch563sock.o(i.CH563NET_ETHIsr)
    i.CH563NET_GetGlobalInt                  0x000031b8   Section        0  ch563sock.o(i.CH563NET_GetGlobalInt)
    i.CH563NET_GetPHYStatus                  0x000031cc   Section        0  ch563sock.o(i.CH563NET_GetPHYStatus)
    i.CH563NET_GetSocketInt                  0x000031dc   Section        0  ch563sock.o(i.CH563NET_GetSocketInt)
    i.CH563NET_GetVer                        0x00003200   Section        0  ch563sock.o(i.CH563NET_GetVer)
    i.CH563NET_Init                          0x00003204   Section        0  ch563sock.o(i.CH563NET_Init)
    i.CH563NET_MainTask                      0x00003300   Section        0  ch563sock.o(i.CH563NET_MainTask)
    i.CH563NET_QueryGlobalInt                0x0000332c   Section        0  ch563sock.o(i.CH563NET_QueryGlobalInt)
    i.CH563NET_SocketCreat                   0x0000336c   Section        0  ch563sock.o(i.CH563NET_SocketCreat)
    i.CH563NET_SocketRecv                    0x00003510   Section        0  ch563sock.o(i.CH563NET_SocketRecv)
    i.CH563NET_SocketRecvLen                 0x000036b0   Section        0  ch563sock.o(i.CH563NET_SocketRecvLen)
    i.CH563NET_SocketSend                    0x000036c8   Section        0  ch563sock.o(i.CH563NET_SocketSend)
    i.CH563NET_SocketUdpSendTo               0x00003708   Section        0  ch563sock.o(i.CH563NET_SocketUdpSendTo)
    i.CH563NET_TimeIsr                       0x000037d8   Section        0  ch563sock.o(i.CH563NET_TimeIsr)
    i.CH563ScokedIntHandle                   0x000037e8   Section        0  ch563sock.o(i.CH563ScokedIntHandle)
    i.CH563SocketInit                        0x00003830   Section        0  ch563sock.o(i.CH563SocketInit)
    i.CH563TCPError                          0x00003860   Section        0  ch563sock.o(i.CH563TCPError)
    i.ClearMacInterrupt                      0x00003864   Section        0  ftmac110.o(i.ClearMacInterrupt)
    i.ErrorEncode                            0x00003870   Section        0  ch563sock.o(i.ErrorEncode)
    i.GetPHYStatus                           0x00003888   Section        0  ftmac110.o(i.GetPHYStatus)
    i.InitCH563MAC                           0x000038e8   Section        0  hal.o(i.InitCH563MAC)
    i.LwIPPeriodicHandle                     0x00003998   Section        0  ethernetif.o(i.LwIPPeriodicHandle)
    i.LwipArpCheck                           0x00003a64   Section        0  ch563sock.o(i.LwipArpCheck)
    i.LwipRemoveTcpPcb                       0x00003a70   Section        0  ch563sock.o(i.LwipRemoveTcpPcb)
    i.LwipUnreachPort                        0x00003ae0   Section        0  ch563sock.o(i.LwipUnreachPort)
    i.MemShortCopy                           0x00003afc   Section        0  ch563sock.o(i.MemShortCopy)
    i.QuaryEthRxDma                          0x00003b14   Section        0  ethernetif.o(i.QuaryEthRxDma)
    i.QueryPingEnable                        0x00003b80   Section        0  ch563sock.o(i.QueryPingEnable)
    i.RemoveTimeWaiTCP                       0x00003b8c   Section        0  tcp.o(i.RemoveTimeWaiTCP)
    i.SetupNetif                             0x00003bc4   Section        0  ethernetif.o(i.SetupNetif)
    i.SocketIPRAWReceive                     0x00003c58   Section        0  ch563sock.o(i.SocketIPRAWReceive)
    i.SocketIPRawSend                        0x00003d0c   Section        0  ch563sock.o(i.SocketIPRawSend)
    i.SocketTcpSend                          0x00003ddc   Section        0  ch563sock.o(i.SocketTcpSend)
    i.SocketUdpReceive                       0x00003edc   Section        0  ch563sock.o(i.SocketUdpReceive)
    i.SocketUdpSend                          0x00003f9c   Section        0  ch563sock.o(i.SocketUdpSend)
    i.__0printf$8                            0x00004060   Section        0  printf8.o(i.__0printf$8)
    i.__ARM_common_switch8                   0x00004080   Section        0  tcp.o(i.__ARM_common_switch8)
    i.__scatterload_copy                     0x00004098   Section       28  handlers.o(i.__scatterload_copy)
    i.__scatterload_null                     0x000040b4   Section        4  handlers.o(i.__scatterload_null)
    i.__scatterload_zeroinit                 0x000040b8   Section       24  handlers.o(i.__scatterload_zeroinit)
    i._printf_core                           0x000040d0   Section        0  printf8.o(i._printf_core)
    _printf_core                             0x000040d1   Thumb Code  1076  printf8.o(i._printf_core)
    i._printf_post_padding                   0x00004504   Section        0  printf8.o(i._printf_post_padding)
    _printf_post_padding                     0x00004505   Thumb Code    32  printf8.o(i._printf_post_padding)
    i._printf_pre_padding                    0x00004524   Section        0  printf8.o(i._printf_pre_padding)
    _printf_pre_padding                      0x00004525   Thumb Code    42  printf8.o(i._printf_pre_padding)
    i.alloc_rxdes                            0x00004550   Section        0  ftmac110.o(i.alloc_rxdes)
    alloc_rxdes                              0x00004551   Thumb Code   120  ftmac110.o(i.alloc_rxdes)
    i.alloc_txdes                            0x000045d4   Section        0  ftmac110.o(i.alloc_txdes)
    alloc_txdes                              0x000045d5   Thumb Code    84  ftmac110.o(i.alloc_txdes)
    i.etharp_arp_input                       0x00004630   Section        0  etharp.o(i.etharp_arp_input)
    i.etharp_ip_input                        0x00004774   Section        0  etharp.o(i.etharp_ip_input)
    i.etharp_output                          0x000047a4   Section        0  etharp.o(i.etharp_output)
    i.etharp_query                           0x00004870   Section        0  etharp.o(i.etharp_query)
    i.etharp_raw                             0x00004920   Section        0  etharp.o(i.etharp_raw)
    etharp_raw                               0x00004921   Thumb Code   178  etharp.o(i.etharp_raw)
    i.etharp_request                         0x000049dc   Section        0  etharp.o(i.etharp_request)
    i.etharp_send_ip                         0x00004a00   Section        0  etharp.o(i.etharp_send_ip)
    etharp_send_ip                           0x00004a01   Thumb Code    54  etharp.o(i.etharp_send_ip)
    i.etharp_tmr                             0x00004a38   Section        0  etharp.o(i.etharp_tmr)
    i.ethernet_input                         0x00004a84   Section        0  etharp.o(i.ethernet_input)
    i.ethernetif_init                        0x00004ae0   Section        0  ethernetif.o(i.ethernetif_init)
    i.ethernetif_input                       0x00004b08   Section        0  ethernetif.o(i.ethernetif_input)
    i.find_entry                             0x00004bb4   Section        0  etharp.o(i.find_entry)
    find_entry                               0x00004bb5   Thumb Code   280  etharp.o(i.find_entry)
    i.ftmac110_close                         0x00004cd4   Section        0  ftmac110.o(i.ftmac110_close)
    ftmac110_close                           0x00004cd5   Thumb Code    14  ftmac110.o(i.ftmac110_close)
    i.ftmac110_isr                           0x00004ce8   Section        0  ftmac110.o(i.ftmac110_isr)
    i.ftmac110_open                          0x00004d1c   Section        0  ftmac110.o(i.ftmac110_open)
    ftmac110_open                            0x00004d1d   Thumb Code    26  ftmac110.o(i.ftmac110_open)
    i.ftmac110_open_control                  0x00004d44   Section        0  ftmac110.o(i.ftmac110_open_control)
    ftmac110_open_control                    0x00004d45   Thumb Code   220  ftmac110.o(i.ftmac110_open_control)
    i.ftmac110_xmit                          0x00004e34   Section        0  ftmac110.o(i.ftmac110_xmit)
    ftmac110_xmit                            0x00004e35   Thumb Code    90  ftmac110.o(i.ftmac110_xmit)
    i.htonl                                  0x00004e94   Section        0  inet.o(i.htonl)
    i.htons                                  0x00004eae   Section        0  inet.o(i.htons)
    i.icmp_dest_unreach                      0x00004eb8   Section        0  icmp.o(i.icmp_dest_unreach)
    i.icmp_input                             0x00004ec4   Section        0  icmp.o(i.icmp_input)
    i.icmp_send_response                     0x000050b0   Section        0  icmp.o(i.icmp_send_response)
    icmp_send_response                       0x000050b1   Thumb Code   106  icmp.o(i.icmp_send_response)
    i.icmp_time_exceeded                     0x0000511a   Section        0  icmp.o(i.icmp_time_exceeded)
    i.inet_chksum                            0x00005126   Section        0  inet_chksum.o(i.inet_chksum)
    i.inet_chksum_pbuf                       0x00005134   Section        0  inet_chksum.o(i.inet_chksum_pbuf)
    i.inet_chksum_pseudo                     0x00005188   Section        0  inet_chksum.o(i.inet_chksum_pseudo)
    i.ip_addr_isbroadcast                    0x0000521c   Section        0  ip_addr.o(i.ip_addr_isbroadcast)
    i.ip_frag                                0x00005256   Section        0  ip_frag.o(i.ip_frag)
    i.ip_input                               0x000053b8   Section        0  ip.o(i.ip_input)
    i.ip_output                              0x0000561c   Section        0  ip.o(i.ip_output)
    i.ip_output_if                           0x00005650   Section        0  ip.o(i.ip_output_if)
    i.ip_reass                               0x00005760   Section        0  ip_frag.o(i.ip_reass)
    i.ip_reass_chain_frag_into_datagram_and_validate 0x00005938   Section        0  ip_frag.o(i.ip_reass_chain_frag_into_datagram_and_validate)
    ip_reass_chain_frag_into_datagram_and_validate 0x00005939   Thumb Code   374  ip_frag.o(i.ip_reass_chain_frag_into_datagram_and_validate)
    i.ip_reass_dequeue_datagram              0x00005ab4   Section        0  ip_frag.o(i.ip_reass_dequeue_datagram)
    ip_reass_dequeue_datagram                0x00005ab5   Thumb Code    30  ip_frag.o(i.ip_reass_dequeue_datagram)
    i.ip_reass_free_complete_datagram        0x00005ad8   Section        0  ip_frag.o(i.ip_reass_free_complete_datagram)
    ip_reass_free_complete_datagram          0x00005ad9   Thumb Code   114  ip_frag.o(i.ip_reass_free_complete_datagram)
    i.ip_reass_tmr                           0x00005b50   Section        0  ip_frag.o(i.ip_reass_tmr)
    i.ip_route                               0x00005b8c   Section        0  ip.o(i.ip_route)
    i.low_level_init                         0x00005be0   Section        0  ethernetif.o(i.low_level_init)
    i.low_level_input                        0x00005ca0   Section        0  ethernetif.o(i.low_level_input)
    low_level_input                          0x00005ca1   Thumb Code   390  ethernetif.o(i.low_level_input)
    i.low_level_output                       0x00005e3c   Section        0  ethernetif.o(i.low_level_output)
    low_level_output                         0x00005e3d   Thumb Code   152  ethernetif.o(i.low_level_output)
    i.lwip_init                              0x00005ef0   Section        0  init.o(i.lwip_init)
    i.lwip_standard_chksum                   0x00005f0c   Section        0  inet_chksum.o(i.lwip_standard_chksum)
    lwip_standard_chksum                     0x00005f0d   Thumb Code    68  inet_chksum.o(i.lwip_standard_chksum)
    i.malloc_ftmac110_device                 0x00005f50   Section        0  ftmac110.o(i.malloc_ftmac110_device)
    i.mem_free                               0x00005fa0   Section        0  mem.o(i.mem_free)
    i.mem_init                               0x00005fcc   Section        0  mem.o(i.mem_init)
    i.mem_malloc                             0x00006020   Section        0  mem.o(i.mem_malloc)
    i.mem_realloc                            0x000060dc   Section        0  mem.o(i.mem_realloc)
    i.memp_free                              0x000061bc   Section        0  memp.o(i.memp_free)
    i.memp_init                              0x000061d0   Section        0  memp.o(i.memp_init)
    i.memp_malloc                            0x00006228   Section        0  memp.o(i.memp_malloc)
    i.netif_add                              0x00006244   Section        0  netif.o(i.netif_add)
    i.netif_is_up                            0x0000628c   Section        0  netif.o(i.netif_is_up)
    i.netif_set_addr                         0x00006296   Section        0  netif.o(i.netif_set_addr)
    i.netif_set_default                      0x000062b4   Section        0  netif.o(i.netif_set_default)
    i.netif_set_gw                           0x000062c0   Section        0  netif.o(i.netif_set_gw)
    i.netif_set_ipaddr                       0x000062d8   Section        0  netif.o(i.netif_set_ipaddr)
    i.netif_set_netmask                      0x00006360   Section        0  netif.o(i.netif_set_netmask)
    i.ntohl                                  0x00006376   Section        0  inet.o(i.ntohl)
    i.ntohs                                  0x0000637e   Section        0  inet.o(i.ntohs)
    i.pbuf_alloc                             0x00006388   Section        0  pbuf.o(i.pbuf_alloc)
    i.pbuf_cat                               0x000064a0   Section        0  pbuf.o(i.pbuf_cat)
    i.pbuf_chain                             0x000064c8   Section        0  pbuf.o(i.pbuf_chain)
    i.pbuf_clen                              0x000064d8   Section        0  pbuf.o(i.pbuf_clen)
    i.pbuf_copy                              0x000064ec   Section        0  pbuf.o(i.pbuf_copy)
    i.pbuf_free                              0x00006588   Section        0  pbuf.o(i.pbuf_free)
    i.pbuf_header                            0x000065ce   Section        0  pbuf.o(i.pbuf_header)
    i.pbuf_realloc                           0x00006638   Section        0  pbuf.o(i.pbuf_realloc)
    i.pbuf_ref                               0x0000668e   Section        0  pbuf.o(i.pbuf_ref)
    i.phyread16                              0x0000669c   Section        0  ftmac110.o(i.phyread16)
    phyread16                                0x0000669d   Thumb Code    52  ftmac110.o(i.phyread16)
    i.plug_holes                             0x000066d4   Section        0  mem.o(i.plug_holes)
    plug_holes                               0x000066d5   Thumb Code    80  mem.o(i.plug_holes)
    i.raw_bind                               0x00006728   Section        0  raw.o(i.raw_bind)
    i.raw_connect                            0x00006740   Section        0  raw.o(i.raw_connect)
    i.raw_input                              0x00006758   Section        0  raw.o(i.raw_input)
    i.raw_new                                0x000067c8   Section        0  raw.o(i.raw_new)
    i.raw_recv                               0x000067f4   Section        0  raw.o(i.raw_recv)
    i.raw_send                               0x000067fa   Section        0  raw.o(i.raw_send)
    i.raw_sendto                             0x00006804   Section        0  raw.o(i.raw_sendto)
    i.rpkt_finish_handler                    0x00006898   Section        0  ftmac110.o(i.rpkt_finish_handler)
    i.tcp_abandon                            0x00006920   Section        0  tcp.o(i.tcp_abandon)
    i.tcp_alloc                              0x000069c8   Section        0  tcp.o(i.tcp_alloc)
    i.tcp_arg                                0x00006ae4   Section        0  tcp.o(i.tcp_arg)
    i.tcp_bind                               0x00006ae8   Section        0  tcp.o(i.tcp_bind)
    i.tcp_close                              0x00006bf8   Section        0  tcp.o(i.tcp_close)
    i.tcp_eff_send_mss                       0x00006cac   Section        0  tcp.o(i.tcp_eff_send_mss)
    i.tcp_enqueue                            0x00006cd4   Section        0  tcp_out.o(i.tcp_enqueue)
    i.tcp_err                                0x000070b4   Section        0  tcp.o(i.tcp_err)
    i.tcp_fasttmr                            0x000070bc   Section        0  tcp.o(i.tcp_fasttmr)
    i.tcp_input                              0x00007124   Section        0  tcp_in.o(i.tcp_input)
    i.tcp_keepalive                          0x00007508   Section        0  tcp_out.o(i.tcp_keepalive)
    i.tcp_listen_input                       0x00007564   Section        0  tcp_in.o(i.tcp_listen_input)
    tcp_listen_input                         0x00007565   Thumb Code   244  tcp_in.o(i.tcp_listen_input)
    i.tcp_new                                0x00007660   Section        0  tcp.o(i.tcp_new)
    i.tcp_new_port                           0x0000766c   Section        0  tcp.o(i.tcp_new_port)
    tcp_new_port                             0x0000766d   Thumb Code    88  tcp.o(i.tcp_new_port)
    i.tcp_next_iss                           0x000076cc   Section        0  tcp.o(i.tcp_next_iss)
    i.tcp_oos_insert_segment                 0x000076dc   Section        0  tcp_in.o(i.tcp_oos_insert_segment)
    tcp_oos_insert_segment                   0x000076dd   Thumb Code   172  tcp_in.o(i.tcp_oos_insert_segment)
    i.tcp_output                             0x00007790   Section        0  tcp_out.o(i.tcp_output)
    i.tcp_output_segment                     0x00007988   Section        0  tcp_out.o(i.tcp_output_segment)
    tcp_output_segment                       0x00007989   Thumb Code   224  tcp_out.o(i.tcp_output_segment)
    i.tcp_output_set_header                  0x00007a70   Section        0  tcp_out.o(i.tcp_output_set_header)
    tcp_output_set_header                    0x00007a71   Thumb Code   172  tcp_out.o(i.tcp_output_set_header)
    i.tcp_parseopt                           0x00007b20   Section        0  tcp_in.o(i.tcp_parseopt)
    tcp_parseopt                             0x00007b21   Thumb Code   138  tcp_in.o(i.tcp_parseopt)
    i.tcp_pcb_purge                          0x00007bb4   Section        0  tcp.o(i.tcp_pcb_purge)
    i.tcp_pcb_remove                         0x00007bf8   Section        0  tcp.o(i.tcp_pcb_remove)
    i.tcp_process                            0x00007c54   Section        0  tcp_in.o(i.tcp_process)
    tcp_process                              0x00007c55   Thumb Code   832  tcp_in.o(i.tcp_process)
    i.tcp_receive                            0x00007fa8   Section        0  tcp_in.o(i.tcp_receive)
    tcp_receive                              0x00007fa9   Thumb Code  1838  tcp_in.o(i.tcp_receive)
    i.tcp_recv_null                          0x000086e4   Section        0  tcp.o(i.tcp_recv_null)
    i.tcp_recved                             0x0000870c   Section        0  tcp.o(i.tcp_recved)
    i.tcp_recved_socket                      0x0000874c   Section        0  ch563sock.o(i.tcp_recved_socket)
    i.tcp_rexmit                             0x00008772   Section        0  tcp_out.o(i.tcp_rexmit)
    i.tcp_rexmit_fast                        0x000087c2   Section        0  tcp_out.o(i.tcp_rexmit_fast)
    i.tcp_rexmit_rto                         0x00008812   Section        0  tcp_out.o(i.tcp_rexmit_rto)
    i.tcp_rst                                0x00008844   Section        0  tcp_out.o(i.tcp_rst)
    i.tcp_seg_copy                           0x00008928   Section        0  tcp.o(i.tcp_seg_copy)
    i.tcp_seg_free                           0x0000894c   Section        0  tcp.o(i.tcp_seg_free)
    i.tcp_segs_free                          0x0000896e   Section        0  tcp.o(i.tcp_segs_free)
    i.tcp_send_ctrl                          0x0000898a   Section        0  tcp_out.o(i.tcp_send_ctrl)
    i.tcp_send_empty_ack                     0x000089a0   Section        0  tcp_out.o(i.tcp_send_empty_ack)
    i.tcp_slowtmr                            0x00008a10   Section        0  tcp.o(i.tcp_slowtmr)
    i.tcp_timewait_input                     0x00008c84   Section        0  tcp_in.o(i.tcp_timewait_input)
    tcp_timewait_input                       0x00008c85   Thumb Code   112  tcp_in.o(i.tcp_timewait_input)
    i.tcp_tmr                                0x00008cfc   Section        0  tcp.o(i.tcp_tmr)
    i.tcp_update_rcv_ann_wnd                 0x00008d18   Section        0  tcp.o(i.tcp_update_rcv_ann_wnd)
    i.tcp_write                              0x00008d54   Section        0  tcp_out.o(i.tcp_write)
    i.tcp_zero_window_probe                  0x00008d84   Section        0  tcp_out.o(i.tcp_zero_window_probe)
    i.udp_bind                               0x00008e48   Section        0  udp.o(i.udp_bind)
    i.udp_connect                            0x00008ee8   Section        0  udp.o(i.udp_connect)
    i.udp_input                              0x00008f70   Section        0  udp.o(i.udp_input)
    i.udp_new                                0x00009188   Section        0  udp.o(i.udp_new)
    i.udp_recv                               0x000091a2   Section        0  udp.o(i.udp_recv)
    i.udp_send                               0x000091a8   Section        0  udp.o(i.udp_send)
    i.udp_sendto                             0x000091b4   Section        0  udp.o(i.udp_sendto)
    i.udp_sendto_if                          0x000091de   Section        0  udp.o(i.udp_sendto_if)
    i.update_arp_entry                       0x000092c8   Section        0  etharp.o(i.update_arp_entry)
    update_arp_entry                         0x000092c9   Thumb Code   130  etharp.o(i.update_arp_entry)
    .constdata                               0x00009350   Section       44  ch563.o(.constdata)
    .constdata                               0x0000937c   Section       16  ch563sock.o(.constdata)
    .constdata                               0x0000938c   Section       27  tcp.o(.constdata)
    .constdata                               0x000093a7   Section        4  ip_addr.o(.constdata)
    .constdata                               0x000093ab   Section       12  etharp.o(.constdata)
    .conststring                             0x000093b7   Section      104  tcp.o(.conststring)
    .data                                    0x00810000   Section       46  ch563.o(.data)
    .data                                    0x00810030   Section       12  main.o(.data)
    .data                                    0x0081003c   Section        1  plc.o(.data)
    .data                                    0x00810040   Section       12  ch563sock.o(.data)
    .data                                    0x0081004c   Section       12  netif.o(.data)
    netifnum                                 0x0081004c   Data           1  netif.o(.data)
    .data                                    0x00810058   Section       76  tcp.o(.data)
    tcp_timer                                0x00810058   Data           1  tcp.o(.data)
    port                                     0x0081005a   Data           2  tcp.o(.data)
    iss                                      0x0081005c   Data           4  tcp.o(.data)
    .data                                    0x008100a4   Section        4  udp.o(.data)
    .data                                    0x008100a8   Section       68  ethernetif.o(.data)
    MacRevcNull                              0x008100a8   Data           1  ethernetif.o(.data)
    .data                                    0x008100ec   Section        8  etharp.o(.data)
    etharp_cached_entry                      0x008100ec   Data           1  etharp.o(.data)
    arp_table                                0x008100f0   Data           4  etharp.o(.data)
    .data                                    0x008100f4   Section        4  raw.o(.data)
    raw_pcbs                                 0x008100f4   Data           4  raw.o(.data)
    .data                                    0x008100f8   Section       12  ftmac110.o(.data)
    .data                                    0x00810104   Section       20  mem.o(.data)
    mem_sem                                  0x00810104   Data           1  mem.o(.data)
    ram_heap                                 0x00810108   Data           4  mem.o(.data)
    ram                                      0x0081010c   Data           4  mem.o(.data)
    ram_end                                  0x00810110   Data           4  mem.o(.data)
    lfree                                    0x00810114   Data           4  mem.o(.data)
    .data                                    0x00810118   Section       12  memp.o(.data)
    memp_num                                 0x0081011c   Data           4  memp.o(.data)
    memp_memory                              0x00810120   Data           4  memp.o(.data)
    .data                                    0x00810124   Section       28  tcp_in.o(.data)
    flags                                    0x00810124   Data           1  tcp_in.o(.data)
    recv_flags                               0x00810125   Data           1  tcp_in.o(.data)
    tcplen                                   0x00810126   Data           2  tcp_in.o(.data)
    tcphdr                                   0x00810128   Data           4  tcp_in.o(.data)
    iphdr                                    0x0081012c   Data           4  tcp_in.o(.data)
    seqno                                    0x00810130   Data           4  tcp_in.o(.data)
    ackno                                    0x00810134   Data           4  tcp_in.o(.data)
    recv_data                                0x00810138   Data           4  tcp_in.o(.data)
    .data                                    0x00810140   Section       12  ip.o(.data)
    ip_id                                    0x00810140   Data           2  ip.o(.data)
    .data                                    0x0081014c   Section        8  ip_frag.o(.data)
    ip_reass_pbufcount                       0x0081014c   Data           2  ip_frag.o(.data)
    reassdatagrams                           0x00810150   Data           4  ip_frag.o(.data)
    .data                                    0x00810154   Section        4  stdout.o(.data)
    .bss                                     0x00810160   Section    33526  ch563.o(.bss)
    .bss                                     0x00818456   Section     3062  main.o(.bss)
    .bss                                     0x0081904c   Section     1024  plc.o(.bss)
    .bss                                     0x0081944c   Section      100  ch563sock.o(.bss)
    .bss                                     0x008194b0   Section     1844  ethernetif.o(.bss)
    .bss                                     0x00819be4   Section       68  ftmac110.o(.bss)
    .bss                                     0x00819c28   Section       32  memp.o(.bss)
    memp_tab                                 0x00819c28   Data          32  memp.o(.bss)
    .bss                                     0x00819c48   Section       20  tcp_in.o(.bss)
    inseg                                    0x00819c48   Data          20  tcp_in.o(.bss)
    .bss                                     0x00819c5c   Section       20  ch563net_nds.o(.bss)
    STACK                                    0x00820000   Section     1024  startup.o(STACK)
    Stack_Top                                0x00820000   Data        1024  startup.o(STACK)

    Global Symbols

    Symbol Name                              Value     Ov Type        Size  Object(Section)

    BuildAttributes$$THM_ISAv2$ARM_ISAv5$E$P$S$PE$A:L22$X:L11$S22$IEEE1$IW$USESV6$~STKCKD$USESV7$~SHL$OSPACE$ROPI$EBA8$MICROLIB$REQ8$PRES8$EABIv2 0x00000000   Number         0  anon$$obj.o ABSOLUTE
    Reset                                    0x00000000   ARM Code       0  startup.o(RESET)
    __ARM_use_no_argv                        0x00000000   Number         0  main.o ABSOLUTE
    _printf_a                                0x00000000   Number         0  stubs.o ABSOLUTE
    _printf_c                                0x00000000   Number         0  stubs.o ABSOLUTE
    _printf_charcount                        0x00000000   Number         0  stubs.o ABSOLUTE
    _printf_d                                0x00000000   Number         0  stubs.o ABSOLUTE
    _printf_e                                0x00000000   Number         0  stubs.o ABSOLUTE
    _printf_f                                0x00000000   Number         0  stubs.o ABSOLUTE
    _printf_flags                            0x00000000   Number         0  stubs.o ABSOLUTE
    _printf_fp_dec                           0x00000000   Number         0  stubs.o ABSOLUTE
    _printf_fp_hex                           0x00000000   Number         0  stubs.o ABSOLUTE
    _printf_g                                0x00000000   Number         0  stubs.o ABSOLUTE
    _printf_i                                0x00000000   Number         0  stubs.o ABSOLUTE
    _printf_int_dec                          0x00000000   Number         0  stubs.o ABSOLUTE
    _printf_l                                0x00000000   Number         0  stubs.o ABSOLUTE
    _printf_lc                               0x00000000   Number         0  stubs.o ABSOLUTE
    _printf_ll                               0x00000000   Number         0  stubs.o ABSOLUTE
    _printf_lld                              0x00000000   Number         0  stubs.o ABSOLUTE
    _printf_lli                              0x00000000   Number         0  stubs.o ABSOLUTE
    _printf_llo                              0x00000000   Number         0  stubs.o ABSOLUTE
    _printf_llu                              0x00000000   Number         0  stubs.o ABSOLUTE
    _printf_llx                              0x00000000   Number         0  stubs.o ABSOLUTE
    _printf_longlong_dec                     0x00000000   Number         0  stubs.o ABSOLUTE
    _printf_longlong_hex                     0x00000000   Number         0  stubs.o ABSOLUTE
    _printf_longlong_oct                     0x00000000   Number         0  stubs.o ABSOLUTE
    _printf_ls                               0x00000000   Number         0  stubs.o ABSOLUTE
    _printf_mbtowc                           0x00000000   Number         0  stubs.o ABSOLUTE
    _printf_n                                0x00000000   Number         0  stubs.o ABSOLUTE
    _printf_o                                0x00000000   Number         0  stubs.o ABSOLUTE
    _printf_p                                0x00000000   Number         0  stubs.o ABSOLUTE
    _printf_percent                          0x00000000   Number         0  stubs.o ABSOLUTE
    _printf_pre_padding                      0x00000000   Number         0  stubs.o ABSOLUTE
    _printf_return_value                     0x00000000   Number         0  stubs.o ABSOLUTE
    _printf_s                                0x00000000   Number         0  stubs.o ABSOLUTE
    _printf_sizespec                         0x00000000   Number         0  stubs.o ABSOLUTE
    _printf_str                              0x00000000   Number         0  stubs.o ABSOLUTE
    _printf_truncate_signed                  0x00000000   Number         0  stubs.o ABSOLUTE
    _printf_truncate_unsigned                0x00000000   Number         0  stubs.o ABSOLUTE
    _printf_u                                0x00000000   Number         0  stubs.o ABSOLUTE
    _printf_wc                               0x00000000   Number         0  stubs.o ABSOLUTE
    _printf_wctomb                           0x00000000   Number         0  stubs.o ABSOLUTE
    _printf_widthprec                        0x00000000   Number         0  stubs.o ABSOLUTE
    _printf_x                                0x00000000   Number         0  stubs.o ABSOLUTE
    __rt_div0                                0x00000030   ARM Code       0  startup.o(RESET)
    __main                                   0x00000090   ARM Code       0  entry.o(.ARM.Collect$$$$00000000)
    _main_stk                                0x00000090   ARM Code       0  entry2.o(.ARM.Collect$$$$00000001)
    _main_scatterload                        0x00000094   ARM Code       0  entry5.o(.ARM.Collect$$$$00000004)
    __main_after_scatterload                 0x00000098   ARM Code       0  entry5.o(.ARM.Collect$$$$00000004)
    _main_init                               0x00000098   ARM Code       0  entry7.o(.ARM.Collect$$$$00000007)
    IRQ_Handler                              0x000000a8   ARM Code     652  ch563.o(.text)
    FIQ_Handler                              0x00000334   ARM Code       8  ch563.o(.text)
    SysTimeInit                              0x0000033c   ARM Code      56  ch563.o(.text)
    InitSysHal                               0x00000374   ARM Code      56  ch563.o(.text)
    mStopIfError                             0x000003ac   ARM Code      40  ch563.o(.text)
    CH563NET_LibInit                         0x000003d4   ARM Code     140  ch563.o(.text)
    CH563NET_HandleSockInt                   0x00000460   ARM Code     732  ch563.o(.text)
    CH563NET_HandleGlobalInt                 0x0000073c   ARM Code     164  ch563.o(.text)
    CH563NET_CreatUdpSocketToServer          0x000007e0   ARM Code     112  ch563.o(.text)
    CH563NET_UdpServerRecv                   0x00000850   ARM Code     720  ch563.o(.text)
    CH563NET_CreatUdpSocket                  0x00000b20   ARM Code     120  ch563.o(.text)
    Init_GPIO                                0x00000b9c   ARM Code     248  main.o(.text)
    mInitSTDIO                               0x00000c94   ARM Code     168  main.o(.text)
    fputc                                    0x00000d3c   ARM Code      32  main.o(.text)
    Uart1_Init                               0x00000d5c   ARM Code     208  main.o(.text)
    UART1_SendByte                           0x00000e2c   ARM Code      32  main.o(.text)
    UART1_SendStr                            0x00000e4c   ARM Code      48  main.o(.text)
    UART1_RcvByte                            0x00000e7c   ARM Code      64  main.o(.text)
    Seril1Send                               0x00000ebc   ARM Code      56  main.o(.text)
    Seril1Rcv                                0x00000ef4   ARM Code     104  main.o(.text)
    UART1Send_FIFO                           0x00000f5c   ARM Code     120  main.o(.text)
    CH563_EEPROM                             0x00000fd4   ARM Code       4  main.o(.text)
    BarCode_Upload                           0x00000fd8   ARM Code     300  main.o(.text)
    SetOutput                                0x00001104   ARM Code     512  main.o(.text)
    Data_Process                             0x00001304   ARM Code    1384  main.o(.text)
    Reverse                                  0x0000186c   ARM Code      64  main.o(.text)
    GetLocal_IP_ID                           0x000018ac   ARM Code     116  main.o(.text)
    PLC_PowerOn_Init                         0x00001920   ARM Code     232  main.o(.text)
    InitTIM1                                 0x00001a08   ARM Code      92  main.o(.text)
    IRQ_InitPD                               0x00001a64   ARM Code     144  main.o(.text)
    main                                     0x00001af4   ARM Code     144  main.o(.text)
    GetValue                                 0x00001bb4   ARM Code     164  plc.o(.text)
    SetValue                                 0x00001c58   ARM Code     516  plc.o(.text)
    CntProcess                               0x00001e5c   ARM Code     364  plc.o(.text)
    TimerProcess                             0x00001fc8   ARM Code     316  plc.o(.text)
    Proc_plc_code                            0x00002104   ARM Code    1496  plc.o(.text)
    SysFreq                                  0x000026f4   ARM Code      64  sysfreq.o(.text)
    Delay_us                                 0x00002734   ARM Code      44  sysfreq.o(.text)
    Delay_ms                                 0x00002760   ARM Code      44  sysfreq.o(.text)
    CH563_EEPROM_READ                        0x00002790   ARM Code      32  eeprom.o(.text)
    CH563_EEPROM_ERASE                       0x000027b0   ARM Code      20  eeprom.o(.text)
    CH563_EEPROM_WRITE                       0x000027c4   ARM Code      20  eeprom.o(.text)
    GET_UNIQUE_ID                            0x000028f4   ARM Code      72  ISPXT563.O(.text)
    FLASH_ROM_PWR_DOWN                       0x0000293c   ARM Code      20  ISPXT563.O(.text)
    FLASH_ROM_PWR_UP                         0x00002950   ARM Code      40  ISPXT563.O(.text)
    EEPROM_READ                              0x00002a50   ARM Code     108  ISPXT563.O(.text)
    EEPROM_ERASE                             0x00002abc   ARM Code      32  ISPXT563.O(.text)
    EEPROM_WRITE                             0x00002adc   ARM Code     164  ISPXT563.O(.text)
    FLASH_ROM_ERASE                          0x00002b80   ARM Code      32  ISPXT563.O(.text)
    FLASH_ROM_WRITE                          0x00002ba0   ARM Code     288  ISPXT563.O(.text)
    FLASH_ROM_VERIFY                         0x00002cc0   ARM Code     232  ISPXT563.O(.text)
    ERASE_RESERVED                           0x00002da8   ARM Code      48  ISPXT563.O(.text)
    FLASH_ROM_LOCK                           0x00002dd8   ARM Code      68  ISPXT563.O(.text)
    __aeabi_uidiv                            0x00002e29   Thumb Code     0  uidiv.o(.text)
    __aeabi_uidivmod                         0x00002e29   Thumb Code    44  uidiv.o(.text)
    __aeabi_idiv                             0x00002e55   Thumb Code     0  idiv.o(.text)
    __aeabi_idivmod                          0x00002e55   Thumb Code    40  idiv.o(.text)
    __aeabi_memcpy                           0x00002e7d   Thumb Code    36  memcpya.o(.text)
    __aeabi_memcpy4                          0x00002e7d   Thumb Code     0  memcpya.o(.text)
    __aeabi_memcpy8                          0x00002e7d   Thumb Code     0  memcpya.o(.text)
    __aeabi_memset                           0x00002ea1   Thumb Code    16  memseta.o(.text)
    __aeabi_memset4                          0x00002ea1   Thumb Code     0  memseta.o(.text)
    __aeabi_memset8                          0x00002ea1   Thumb Code     0  memseta.o(.text)
    __aeabi_memclr                           0x00002eb1   Thumb Code     4  memseta.o(.text)
    __aeabi_memclr4                          0x00002eb1   Thumb Code     0  memseta.o(.text)
    __aeabi_memclr8                          0x00002eb1   Thumb Code     0  memseta.o(.text)
    _memset$wrapper                          0x00002eb5   Thumb Code    20  memseta.o(.text)
    __aeabi_uread4                           0x00002ec9   Thumb Code    20  uread4.o(.text)
    __rt_uread4                              0x00002ec9   Thumb Code     0  uread4.o(.text)
    _uread4                                  0x00002ec9   Thumb Code     0  uread4.o(.text)
    __aeabi_uwrite4                          0x00002edd   Thumb Code    18  uwrite4.o(.text)
    __rt_uwrite4                             0x00002edd   Thumb Code     0  uwrite4.o(.text)
    _uwrite4                                 0x00002edd   Thumb Code     0  uwrite4.o(.text)
    __aeabi_uldivmod                         0x00002eef   Thumb Code    96  uldiv.o(.text)
    __scatterload                            0x00002f51   Thumb Code    22  init.o(.text)
    __scatterload_rt2                        0x00002f51   Thumb Code     0  init.o(.text)
    __aeabi_llsl                             0x00002f71   Thumb Code    32  llshl.o(.text)
    _ll_shift_l                              0x00002f71   Thumb Code     0  llshl.o(.text)
    __aeabi_llsr                             0x00002f91   Thumb Code    34  llushr.o(.text)
    _ll_ushift_r                             0x00002f91   Thumb Code     0  llushr.o(.text)
    __decompress                             0x00002fb4   ARM Code       0  __dczerorl.o(.text)
    __decompress0                            0x00002fb4   ARM Code      76  __dczerorl.o(.text)
    CH395MACTXDMARealloc                     0x00003001   Thumb Code    26  ftmac110.o(i.CH395MACTXDMARealloc)
    CH563EtherNetIsr                         0x00003021   Thumb Code    14  ch563sock.o(i.CH563EtherNetIsr)
    CH563FileCorrectTCBPcb                   0x00003035   Thumb Code    94  ch563sock.o(i.CH563FileCorrectTCBPcb)
    CH563IPSetSocketRecvInit                 0x0000309d   Thumb Code    48  ch563sock.o(i.CH563IPSetSocketRecvInit)
    CH563MACRxSuccHandle                     0x000030d5   Thumb Code   158  ethernetif.o(i.CH563MACRxSuccHandle)
    CH563NET_ConfigLIB                       0x0000318d   Thumb Code    26  ch563sock.o(i.CH563NET_ConfigLIB)
    CH563NET_ETHIsr                          0x000031ad   Thumb Code    10  ch563sock.o(i.CH563NET_ETHIsr)
    CH563NET_GetGlobalInt                    0x000031b9   Thumb Code    14  ch563sock.o(i.CH563NET_GetGlobalInt)
    CH563NET_GetPHYStatus                    0x000031cd   Thumb Code    10  ch563sock.o(i.CH563NET_GetPHYStatus)
    CH563NET_GetSocketInt                    0x000031dd   Thumb Code    26  ch563sock.o(i.CH563NET_GetSocketInt)
    CH563NET_GetVer                          0x00003201   Thumb Code     4  ch563sock.o(i.CH563NET_GetVer)
    CH563NET_Init                            0x00003205   Thumb Code   232  ch563sock.o(i.CH563NET_Init)
    CH563NET_MainTask                        0x00003301   Thumb Code    34  ch563sock.o(i.CH563NET_MainTask)
    CH563NET_QueryGlobalInt                  0x0000332d   Thumb Code    52  ch563sock.o(i.CH563NET_QueryGlobalInt)
    CH563NET_SocketCreat                     0x0000336d   Thumb Code   386  ch563sock.o(i.CH563NET_SocketCreat)
    CH563NET_SocketRecv                      0x00003511   Thumb Code   406  ch563sock.o(i.CH563NET_SocketRecv)
    CH563NET_SocketRecvLen                   0x000036b1   Thumb Code    20  ch563sock.o(i.CH563NET_SocketRecvLen)
    CH563NET_SocketSend                      0x000036c9   Thumb Code    60  ch563sock.o(i.CH563NET_SocketSend)
    CH563NET_SocketUdpSendTo                 0x00003709   Thumb Code   200  ch563sock.o(i.CH563NET_SocketUdpSendTo)
    CH563NET_TimeIsr                         0x000037d9   Thumb Code    10  ch563sock.o(i.CH563NET_TimeIsr)
    CH563ScokedIntHandle                     0x000037e9   Thumb Code    72  ch563sock.o(i.CH563ScokedIntHandle)
    CH563SocketInit                          0x00003831   Thumb Code    42  ch563sock.o(i.CH563SocketInit)
    CH563TCPError                            0x00003861   Thumb Code     2  ch563sock.o(i.CH563TCPError)
    ClearMacInterrupt                        0x00003865   Thumb Code     8  ftmac110.o(i.ClearMacInterrupt)
    ErrorEncode                              0x00003871   Thumb Code    20  ch563sock.o(i.ErrorEncode)
    GetPHYStatus                             0x00003889   Thumb Code    84  ftmac110.o(i.GetPHYStatus)
    InitCH563MAC                             0x000038e9   Thumb Code   158  hal.o(i.InitCH563MAC)
    LwIPPeriodicHandle                       0x00003999   Thumb Code   180  ethernetif.o(i.LwIPPeriodicHandle)
    LwipArpCheck                             0x00003a65   Thumb Code     8  ch563sock.o(i.LwipArpCheck)
    LwipRemoveTcpPcb                         0x00003a71   Thumb Code   104  ch563sock.o(i.LwipRemoveTcpPcb)
    LwipUnreachPort                          0x00003ae1   Thumb Code    22  ch563sock.o(i.LwipUnreachPort)
    MemShortCopy                             0x00003afd   Thumb Code    24  ch563sock.o(i.MemShortCopy)
    QuaryEthRxDma                            0x00003b15   Thumb Code    86  ethernetif.o(i.QuaryEthRxDma)
    QueryPingEnable                          0x00003b81   Thumb Code     6  ch563sock.o(i.QueryPingEnable)
    RemoveTimeWaiTCP                         0x00003b8d   Thumb Code    52  tcp.o(i.RemoveTimeWaiTCP)
    SetupNetif                               0x00003bc5   Thumb Code   118  ethernetif.o(i.SetupNetif)
    SocketIPRAWReceive                       0x00003c59   Thumb Code   178  ch563sock.o(i.SocketIPRAWReceive)
    SocketIPRawSend                          0x00003d0d   Thumb Code   198  ch563sock.o(i.SocketIPRawSend)
    SocketTcpSend                            0x00003ddd   Thumb Code   248  ch563sock.o(i.SocketTcpSend)
    SocketUdpReceive                         0x00003edd   Thumb Code   190  ch563sock.o(i.SocketUdpReceive)
    SocketUdpSend                            0x00003f9d   Thumb Code   186  ch563sock.o(i.SocketUdpSend)
    __0printf$8                              0x00004061   Thumb Code    24  printf8.o(i.__0printf$8)
    __1printf$8                              0x00004061   Thumb Code     0  printf8.o(i.__0printf$8)
    __2printf                                0x00004061   Thumb Code     0  printf8.o(i.__0printf$8)
    __ARM_common_switch8                     0x00004080   ARM Code      24  tcp.o(i.__ARM_common_switch8)
    __scatterload_copy                       0x00004098   ARM Code      28  handlers.o(i.__scatterload_copy)
    __scatterload_null                       0x000040b4   ARM Code       4  handlers.o(i.__scatterload_null)
    __scatterload_zeroinit                   0x000040b8   ARM Code      24  handlers.o(i.__scatterload_zeroinit)
    etharp_arp_input                         0x00004631   Thumb Code   310  etharp.o(i.etharp_arp_input)
    etharp_ip_input                          0x00004775   Thumb Code    46  etharp.o(i.etharp_ip_input)
    etharp_output                            0x000047a5   Thumb Code   198  etharp.o(i.etharp_output)
    etharp_query                             0x00004871   Thumb Code   170  etharp.o(i.etharp_query)
    etharp_request                           0x000049dd   Thumb Code    32  etharp.o(i.etharp_request)
    etharp_tmr                               0x00004a39   Thumb Code    66  etharp.o(i.etharp_tmr)
    ethernet_input                           0x00004a85   Thumb Code    90  etharp.o(i.ethernet_input)
    ethernetif_init                          0x00004ae1   Thumb Code    32  ethernetif.o(i.ethernetif_init)
    ethernetif_input                         0x00004b09   Thumb Code   160  ethernetif.o(i.ethernetif_input)
    ftmac110_isr                             0x00004ce9   Thumb Code    48  ftmac110.o(i.ftmac110_isr)
    htonl                                    0x00004e95   Thumb Code    26  inet.o(i.htonl)
    htons                                    0x00004eaf   Thumb Code    10  inet.o(i.htons)
    icmp_dest_unreach                        0x00004eb9   Thumb Code    12  icmp.o(i.icmp_dest_unreach)
    icmp_input                               0x00004ec5   Thumb Code   488  icmp.o(i.icmp_input)
    icmp_time_exceeded                       0x0000511b   Thumb Code    12  icmp.o(i.icmp_time_exceeded)
    inet_chksum                              0x00005127   Thumb Code    14  inet_chksum.o(i.inet_chksum)
    inet_chksum_pbuf                         0x00005135   Thumb Code    84  inet_chksum.o(i.inet_chksum_pbuf)
    inet_chksum_pseudo                       0x00005189   Thumb Code   148  inet_chksum.o(i.inet_chksum_pseudo)
    ip_addr_isbroadcast                      0x0000521d   Thumb Code    58  ip_addr.o(i.ip_addr_isbroadcast)
    ip_frag                                  0x00005257   Thumb Code   354  ip_frag.o(i.ip_frag)
    ip_input                                 0x000053b9   Thumb Code   596  ip.o(i.ip_input)
    ip_output                                0x0000561d   Thumb Code    50  ip.o(i.ip_output)
    ip_output_if                             0x00005651   Thumb Code   266  ip.o(i.ip_output_if)
    ip_reass                                 0x00005761   Thumb Code   464  ip_frag.o(i.ip_reass)
    ip_reass_tmr                             0x00005b51   Thumb Code    54  ip_frag.o(i.ip_reass_tmr)
    ip_route                                 0x00005b8d   Thumb Code    74  ip.o(i.ip_route)
    low_level_init                           0x00005be1   Thumb Code   150  ethernetif.o(i.low_level_init)
    lwip_init                                0x00005ef1   Thumb Code    22  init.o(i.lwip_init)
    malloc_ftmac110_device                   0x00005f51   Thumb Code    52  ftmac110.o(i.malloc_ftmac110_device)
    mem_free                                 0x00005fa1   Thumb Code    40  mem.o(i.mem_free)
    mem_init                                 0x00005fcd   Thumb Code    70  mem.o(i.mem_init)
    mem_malloc                               0x00006021   Thumb Code   174  mem.o(i.mem_malloc)
    mem_realloc                              0x000060dd   Thumb Code   210  mem.o(i.mem_realloc)
    memp_free                                0x000061bd   Thumb Code    16  memp.o(i.memp_free)
    memp_init                                0x000061d1   Thumb Code    80  memp.o(i.memp_init)
    memp_malloc                              0x00006229   Thumb Code    24  memp.o(i.memp_malloc)
    netif_add                                0x00006245   Thumb Code    68  netif.o(i.netif_add)
    netif_is_up                              0x0000628d   Thumb Code    10  netif.o(i.netif_is_up)
    netif_set_addr                           0x00006297   Thumb Code    30  netif.o(i.netif_set_addr)
    netif_set_default                        0x000062b5   Thumb Code     6  netif.o(i.netif_set_default)
    netif_set_gw                             0x000062c1   Thumb Code    22  netif.o(i.netif_set_gw)
    netif_set_ipaddr                         0x000062d9   Thumb Code   126  netif.o(i.netif_set_ipaddr)
    netif_set_netmask                        0x00006361   Thumb Code    22  netif.o(i.netif_set_netmask)
    ntohl                                    0x00006377   Thumb Code     8  inet.o(i.ntohl)
    ntohs                                    0x0000637f   Thumb Code     8  inet.o(i.ntohs)
    pbuf_alloc                               0x00006389   Thumb Code   276  pbuf.o(i.pbuf_alloc)
    pbuf_cat                                 0x000064a1   Thumb Code    40  pbuf.o(i.pbuf_cat)
    pbuf_chain                               0x000064c9   Thumb Code    16  pbuf.o(i.pbuf_chain)
    pbuf_clen                                0x000064d9   Thumb Code    20  pbuf.o(i.pbuf_clen)
    pbuf_copy                                0x000064ed   Thumb Code   156  pbuf.o(i.pbuf_copy)
    pbuf_free                                0x00006589   Thumb Code    70  pbuf.o(i.pbuf_free)
    pbuf_header                              0x000065cf   Thumb Code   106  pbuf.o(i.pbuf_header)
    pbuf_realloc                             0x00006639   Thumb Code    86  pbuf.o(i.pbuf_realloc)
    pbuf_ref                                 0x0000668f   Thumb Code    12  pbuf.o(i.pbuf_ref)
    raw_bind                                 0x00006729   Thumb Code    24  raw.o(i.raw_bind)
    raw_connect                              0x00006741   Thumb Code    24  raw.o(i.raw_connect)
    raw_input                                0x00006759   Thumb Code   108  raw.o(i.raw_input)
    raw_new                                  0x000067c9   Thumb Code    38  raw.o(i.raw_new)
    raw_recv                                 0x000067f5   Thumb Code     6  raw.o(i.raw_recv)
    raw_send                                 0x000067fb   Thumb Code    10  raw.o(i.raw_send)
    raw_sendto                               0x00006805   Thumb Code   146  raw.o(i.raw_sendto)
    rpkt_finish_handler                      0x00006899   Thumb Code   126  ftmac110.o(i.rpkt_finish_handler)
    tcp_abandon                              0x00006921   Thumb Code   162  tcp.o(i.tcp_abandon)
    tcp_alloc                                0x000069c9   Thumb Code   268  tcp.o(i.tcp_alloc)
    tcp_arg                                  0x00006ae5   Thumb Code     4  tcp.o(i.tcp_arg)
    tcp_bind                                 0x00006ae9   Thumb Code   268  tcp.o(i.tcp_bind)
    tcp_close                                0x00006bf9   Thumb Code   176  tcp.o(i.tcp_close)
    tcp_eff_send_mss                         0x00006cad   Thumb Code    38  tcp.o(i.tcp_eff_send_mss)
    tcp_enqueue                              0x00006cd5   Thumb Code   978  tcp_out.o(i.tcp_enqueue)
    tcp_err                                  0x000070b5   Thumb Code     6  tcp.o(i.tcp_err)
    tcp_fasttmr                              0x000070bd   Thumb Code   100  tcp.o(i.tcp_fasttmr)
    tcp_input                                0x00007125   Thumb Code   976  tcp_in.o(i.tcp_input)
    tcp_keepalive                            0x00007509   Thumb Code    90  tcp_out.o(i.tcp_keepalive)
    tcp_new                                  0x00007661   Thumb Code    10  tcp.o(i.tcp_new)
    tcp_next_iss                             0x000076cd   Thumb Code    12  tcp.o(i.tcp_next_iss)
    tcp_output                               0x00007791   Thumb Code   498  tcp_out.o(i.tcp_output)
    tcp_pcb_purge                            0x00007bb5   Thumb Code    68  tcp.o(i.tcp_pcb_purge)
    tcp_pcb_remove                           0x00007bf9   Thumb Code    88  tcp.o(i.tcp_pcb_remove)
    tcp_recv_null                            0x000086e5   Thumb Code    38  tcp.o(i.tcp_recv_null)
    tcp_recved                               0x0000870d   Thumb Code    58  tcp.o(i.tcp_recved)
    tcp_recved_socket                        0x0000874d   Thumb Code    38  ch563sock.o(i.tcp_recved_socket)
    tcp_rexmit                               0x00008773   Thumb Code    80  tcp_out.o(i.tcp_rexmit)
    tcp_rexmit_fast                          0x000087c3   Thumb Code    80  tcp_out.o(i.tcp_rexmit_fast)
    tcp_rexmit_rto                           0x00008813   Thumb Code    48  tcp_out.o(i.tcp_rexmit_rto)
    tcp_rst                                  0x00008845   Thumb Code   218  tcp_out.o(i.tcp_rst)
    tcp_seg_copy                             0x00008929   Thumb Code    36  tcp.o(i.tcp_seg_copy)
    tcp_seg_free                             0x0000894d   Thumb Code    34  tcp.o(i.tcp_seg_free)
    tcp_segs_free                            0x0000896f   Thumb Code    28  tcp.o(i.tcp_segs_free)
    tcp_send_ctrl                            0x0000898b   Thumb Code    22  tcp_out.o(i.tcp_send_ctrl)
    tcp_send_empty_ack                       0x000089a1   Thumb Code   110  tcp_out.o(i.tcp_send_empty_ack)
    tcp_slowtmr                              0x00008a11   Thumb Code   612  tcp.o(i.tcp_slowtmr)
    tcp_tmr                                  0x00008cfd   Thumb Code    24  tcp.o(i.tcp_tmr)
    tcp_update_rcv_ann_wnd                   0x00008d19   Thumb Code    54  tcp.o(i.tcp_update_rcv_ann_wnd)
    tcp_write                                0x00008d55   Thumb Code    48  tcp_out.o(i.tcp_write)
    tcp_zero_window_probe                    0x00008d85   Thumb Code   190  tcp_out.o(i.tcp_zero_window_probe)
    udp_bind                                 0x00008e49   Thumb Code   152  udp.o(i.udp_bind)
    udp_connect                              0x00008ee9   Thumb Code   130  udp.o(i.udp_connect)
    udp_input                                0x00008f71   Thumb Code   526  udp.o(i.udp_input)
    udp_new                                  0x00009189   Thumb Code    26  udp.o(i.udp_new)
    udp_recv                                 0x000091a3   Thumb Code     6  udp.o(i.udp_recv)
    udp_send                                 0x000091a9   Thumb Code    12  udp.o(i.udp_send)
    udp_sendto                               0x000091b5   Thumb Code    42  udp.o(i.udp_sendto)
    udp_sendto_if                            0x000091df   Thumb Code   234  udp.o(i.udp_sendto_if)
    MemNum                                   0x00009350   Data          16  ch563.o(.constdata)
    MemSize                                  0x00009360   Data          16  ch563.o(.constdata)
    GWIPAddr                                 0x00009370   Data           4  ch563.o(.constdata)
    IPMask                                   0x00009374   Data           4  ch563.o(.constdata)
    DESIP                                    0x00009378   Data           4  ch563.o(.constdata)
    ErrTable                                 0x0000937c   Data          16  ch563sock.o(.constdata)
    tcp_persist_backoff                      0x0000938c   Data           7  tcp.o(.constdata)
    tcp_backoff                              0x00009393   Data          20  tcp.o(.constdata)
    ip_addr_any                              0x000093a7   Data           4  ip_addr.o(.constdata)
    ethbroadcast                             0x000093ab   Data           6  etharp.o(.constdata)
    ethzero                                  0x000093b1   Data           6  etharp.o(.constdata)
    Region$$Table$$Base                      0x00009420   Number         0  anon$$obj.o(Region$$Table)
    Region$$Table$$Limit                     0x00009440   Number         0  anon$$obj.o(Region$$Table)
    MACAddr                                  0x00810000   Data           6  ch563.o(.data)
    IPAddr                                   0x00810006   Data           4  ch563.o(.data)
    ID_Number                                0x0081000a   Data           1  ch563.o(.data)
    Front                                    0x0081000c   Data           4  ch563.o(.data)
    SEND_STRING                              0x00810010   Data          14  ch563.o(.data)
    SEND_STRING1                             0x0081001e   Data          15  ch563.o(.data)
    SocketId                                 0x0081002d   Data           1  ch563.o(.data)
    PLC_Count                                0x00810030   Data           1  main.o(.data)
    PLC_PowerOn_Init_Flag                    0x00810031   Data           1  main.o(.data)
    PLC_PowerOn_Init_Count                   0x00810034   Data           4  main.o(.data)
    LENGH_TX                                 0x00810038   Data           4  main.o(.data)
    Control_PLC_End                          0x0081003c   Data           1  plc.o(.data)
    RxQueueEntries                           0x00810040   Data           1  ch563sock.o(.data)
    TxQueueEntries                           0x00810041   Data           1  ch563sock.o(.data)
    PingEnable                               0x00810042   Data           1  ch563sock.o(.data)
    SocketNum                                0x00810043   Data           1  ch563sock.o(.data)
    CH563NETConfig                           0x00810044   Data           4  ch563sock.o(.data)
    tcppackt                                 0x00810048   Data           4  ch563sock.o(.data)
    netif_list                               0x00810050   Data           4  netif.o(.data)
    netif_default                            0x00810054   Data           4  netif.o(.data)
    tcp_ticks                                0x00810060   Data           4  tcp.o(.data)
    tcp_bound_pcbs                           0x00810064   Data           4  tcp.o(.data)
    tcp_listen_pcbs                          0x00810068   Data           4  tcp.o(.data)
    tcp_active_pcbs                          0x0081006c   Data           4  tcp.o(.data)
    tcp_tw_pcbs                              0x00810070   Data           4  tcp.o(.data)
    tcp_tmp_pcb                              0x00810074   Data           4  tcp.o(.data)
    tcp_state_str                            0x00810078   Data          44  tcp.o(.data)
    udp_pcbs                                 0x008100a4   Data           4  udp.o(.data)
    LocalTime                                0x008100ac   Data           4  ethernetif.o(.data)
    TCPTimer                                 0x008100b0   Data           4  ethernetif.o(.data)
    ARPTimer                                 0x008100b4   Data           4  ethernetif.o(.data)
    IPFragTimer                              0x008100b8   Data           4  ethernetif.o(.data)
    DHCPfineTimer                            0x008100bc   Data           4  ethernetif.o(.data)
    DHCPcoarseTimer                          0x008100c0   Data           4  ethernetif.o(.data)
    DHCPTestTimer                            0x008100c4   Data           4  ethernetif.o(.data)
    DNSTimer                                 0x008100c8   Data           4  ethernetif.o(.data)
    CH563MACAddr                             0x008100cc   Data           4  ethernetif.o(.data)
    CH563IPAddr                              0x008100d0   Data           4  ethernetif.o(.data)
    CH563GWIPAddr                            0x008100d4   Data           4  ethernetif.o(.data)
    CH563IPMask                              0x008100d8   Data           4  ethernetif.o(.data)
    TX_BUF_ADDR                              0x008100dc   Data           4  ethernetif.o(.data)
    TX_DESC_ADDR                             0x008100e0   Data           4  ethernetif.o(.data)
    RX_BUF_ADDR                              0x008100e4   Data           4  ethernetif.o(.data)
    RX_DESC_ADDR                             0x008100e8   Data           4  ethernetif.o(.data)
    SuccessPackets                           0x008100f8   Data           4  ftmac110.o(.data)
    ftmac110_device                          0x008100fc   Data           4  ftmac110.o(.data)
    ftmac110_control                         0x00810100   Data           4  ftmac110.o(.data)
    memp_sizes                               0x00810118   Data           4  memp.o(.data)
    tcp_input_pcb                            0x0081013c   Data           4  tcp_in.o(.data)
    current_netif                            0x00810144   Data           4  ip.o(.data)
    current_header                           0x00810148   Data           4  ip.o(.data)
    __stdout                                 0x00810154   Data           4  stdout.o(.data)
    CH563MACRxDesBuf                         0x00810160   Data         112  ch563.o(.bss)
    CH563MACRxBuf                            0x008101d0   Data       10612  ch563.o(.bss)
    SocketInf                                0x00812b44   Data         240  ch563.o(.bss)
    Memp_Memory                              0x00812c34   Data       11347  ch563.o(.bss)
    Mem_Heap_Memory                          0x00815888   Data        4620  ch563.o(.bss)
    Mem_ArpTable                             0x00816a94   Data         256  ch563.o(.bss)
    SocketRecvBuf                            0x00816b94   Data        1600  ch563.o(.bss)
    FirstBuf_Rx                              0x008171d4   Data        1600  ch563.o(.bss)
    SecondBuf_Rx                             0x00817814   Data        1600  ch563.o(.bss)
    Buff_Rx                                  0x00817e54   Data        1038  ch563.o(.bss)
    Uart_Buf                                 0x00818262   Data         500  ch563.o(.bss)
    Buff_Tx                                  0x00818456   Data        1038  main.o(.bss)
    FirstBuf_Tx                              0x00818864   Data        1000  main.o(.bss)
    EEPROM_CODE                              0x00818c4c   Data        1024  main.o(.bss)
    EEPROM_BUFF                              0x0081904c   Data        1024  plc.o(.bss)
    CH563Inf                                 0x0081944c   Data          68  ch563sock.o(.bss)
    CH563Cfg                                 0x00819490   Data          20  ch563sock.o(.bss)
    KeepLiveCfg                              0x008194a4   Data          12  ch563sock.o(.bss)
    DHCPCtrl                                 0x008194b0   Data          24  ethernetif.o(.bss)
    CH563NetIf                               0x008194c8   Data          52  ethernetif.o(.bss)
    CH563MACTxDesBuf                         0x00819500   Data          32  ethernetif.o(.bss)
    CH563MACTxBuf                            0x00819520   Data        1516  ethernetif.o(.bss)
    RxCtrl                                   0x00819b0c   Data         196  ethernetif.o(.bss)
    TXCtrl                                   0x00819bd0   Data          20  ethernetif.o(.bss)
    pFTMAC_Device                            0x00819be4   Data          20  ftmac110.o(.bss)
    pFTMAC_Ctrl                              0x00819bf8   Data          48  ftmac110.o(.bss)
    DNSInf                                   0x00819c5c   Data          20  ch563net_nds.o(.bss)
    __heap_limit                             0x0081fc00   Data           0  startup.o ABSOLUTE
    __initial_sp                             0x0081fc00   Number         0  startup.o ABSOLUTE



==============================================================================

Memory Map of the image

  Image entry point : Not specified.

  Load Region ROM_LOAD (Base: 0x00000000, Size: 0x00009598, Max: 0xffffffff, ABSOLUTE, COMPRESSED[0x000094a8])

    Execution Region FLASH_CODE (Base: 0x00000000, Size: 0x00009440, Max: 0xffffffff, ABSOLUTE)

    Base Addr    Size         Type   Attr      Idx    E Section Name        Object

    0x00000000   0x00000090   Code   RO           98  * RESET               startup.o
    0x00000090   0x00000000   Code   RO          610  * .ARM.Collect$$$$00000000  mc_5.l(entry.o)
    0x00000090   0x00000004   Code   RO          888    .ARM.Collect$$$$00000001  mc_5.l(entry2.o)
    0x00000094   0x00000004   Code   RO          890    .ARM.Collect$$$$00000004  mc_5.l(entry5.o)
    0x00000098   0x0000000c   Code   RO          891    .ARM.Collect$$$$00000007  mc_5.l(entry7.o)
    0x000000a4   0x00000004   Code   RO          889    .ARM.Collect$$$$00002712  mc_5.l(entry2.o)
    0x000000a8   0x00000af4   Code   RO            1    .text               ch563.o
    0x00000b9c   0x00001018   Code   RO           41    .text               main.o
    0x00001bb4   0x00000b40   Code   RO           70    .text               plc.o
    0x000026f4   0x0000009c   Code   RO          102    .text               sysfreq.o
    0x00002790   0x00000048   Code   RO          114    .text               ISPXT563.O(eeprom.o)
    0x000027d8   0x00000650   Code   RO          247    .text               ISPXT563.O(ISPXT563.O)
    0x00002e28   0x0000002c   Code   RO          613    .text               mc_5.l(uidiv.o)
    0x00002e54   0x00000028   Code   RO          615    .text               mc_5.l(idiv.o)
    0x00002e7c   0x00000024   Code   RO          617    .text               mc_5.l(memcpya.o)
    0x00002ea0   0x00000028   Code   RO          619    .text               mc_5.l(memseta.o)
    0x00002ec8   0x00000014   Code   RO          884    .text               mc_5.l(uread4.o)
    0x00002edc   0x00000012   Code   RO          886    .text               mc_5.l(uwrite4.o)
    0x00002eee   0x00000060   Code   RO          893    .text               mc_5.l(uldiv.o)
    0x00002f4e   0x00000002   PAD
    0x00002f50   0x00000020   Code   RO          906    .text               mc_5.l(init.o)
    0x00002f70   0x00000020   Code   RO          908    .text               mc_5.l(llshl.o)
    0x00002f90   0x00000022   Code   RO          910    .text               mc_5.l(llushr.o)
    0x00002fb2   0x00000002   PAD
    0x00002fb4   0x0000004c   Code   RO          926    .text               mc_5.l(__dczerorl.o)
    0x00003000   0x00000020   Code   RO          495    i.CH395MACTXDMARealloc  CH563NET.lib(ftmac110.o)
    0x00003020   0x00000014   Code   RO          130    i.CH563EtherNetIsr  CH563NET.lib(ch563sock.o)
    0x00003034   0x00000068   Code   RO          131    i.CH563FileCorrectTCBPcb  CH563NET.lib(ch563sock.o)
    0x0000309c   0x00000038   Code   RO          133    i.CH563IPSetSocketRecvInit  CH563NET.lib(ch563sock.o)
    0x000030d4   0x000000b8   Code   RO          431    i.CH563MACRxSuccHandle  CH563NET.lib(ethernetif.o)
    0x0000318c   0x00000020   Code   RO          136    i.CH563NET_ConfigLIB  CH563NET.lib(ch563sock.o)
    0x000031ac   0x0000000a   Code   RO          137    i.CH563NET_ETHIsr   CH563NET.lib(ch563sock.o)
    0x000031b6   0x00000002   PAD
    0x000031b8   0x00000014   Code   RO          138    i.CH563NET_GetGlobalInt  CH563NET.lib(ch563sock.o)
    0x000031cc   0x00000010   Code   RO          139    i.CH563NET_GetPHYStatus  CH563NET.lib(ch563sock.o)
    0x000031dc   0x00000024   Code   RO          140    i.CH563NET_GetSocketInt  CH563NET.lib(ch563sock.o)
    0x00003200   0x00000004   Code   RO          141    i.CH563NET_GetVer   CH563NET.lib(ch563sock.o)
    0x00003204   0x000000fc   Code   RO          142    i.CH563NET_Init     CH563NET.lib(ch563sock.o)
    0x00003300   0x0000002c   Code   RO          143    i.CH563NET_MainTask  CH563NET.lib(ch563sock.o)
    0x0000332c   0x00000040   Code   RO          148    i.CH563NET_QueryGlobalInt  CH563NET.lib(ch563sock.o)
    0x0000336c   0x000001a4   Code   RO          154    i.CH563NET_SocketCreat  CH563NET.lib(ch563sock.o)
    0x00003510   0x000001a0   Code   RO          156    i.CH563NET_SocketRecv  CH563NET.lib(ch563sock.o)
    0x000036b0   0x00000018   Code   RO          157    i.CH563NET_SocketRecvLen  CH563NET.lib(ch563sock.o)
    0x000036c8   0x00000040   Code   RO          158    i.CH563NET_SocketSend  CH563NET.lib(ch563sock.o)
    0x00003708   0x000000d0   Code   RO          160    i.CH563NET_SocketUdpSendTo  CH563NET.lib(ch563sock.o)
    0x000037d8   0x00000010   Code   RO          161    i.CH563NET_TimeIsr  CH563NET.lib(ch563sock.o)
    0x000037e8   0x00000048   Code   RO          162    i.CH563ScokedIntHandle  CH563NET.lib(ch563sock.o)
    0x00003830   0x00000030   Code   RO          163    i.CH563SocketInit   CH563NET.lib(ch563sock.o)
    0x00003860   0x00000002   Code   RO          166    i.CH563TCPError     CH563NET.lib(ch563sock.o)
    0x00003862   0x00000002   PAD
    0x00003864   0x0000000c   Code   RO          496    i.ClearMacInterrupt  CH563NET.lib(ftmac110.o)
    0x00003870   0x00000018   Code   RO          171    i.ErrorEncode       CH563NET.lib(ch563sock.o)
    0x00003888   0x00000060   Code   RO          497    i.GetPHYStatus      CH563NET.lib(ftmac110.o)
    0x000038e8   0x000000b0   Code   RO          529    i.InitCH563MAC      CH563NET.lib(hal.o)
    0x00003998   0x000000cc   Code   RO          432    i.LwIPPeriodicHandle  CH563NET.lib(ethernetif.o)
    0x00003a64   0x0000000c   Code   RO          172    i.LwipArpCheck      CH563NET.lib(ch563sock.o)
    0x00003a70   0x00000070   Code   RO          173    i.LwipRemoveTcpPcb  CH563NET.lib(ch563sock.o)
    0x00003ae0   0x0000001c   Code   RO          177    i.LwipUnreachPort   CH563NET.lib(ch563sock.o)
    0x00003afc   0x00000018   Code   RO          178    i.MemShortCopy      CH563NET.lib(ch563sock.o)
    0x00003b14   0x0000006c   Code   RO          433    i.QuaryEthRxDma     CH563NET.lib(ethernetif.o)
    0x00003b80   0x0000000c   Code   RO          179    i.QueryPingEnable   CH563NET.lib(ch563sock.o)
    0x00003b8c   0x00000038   Code   RO          298    i.RemoveTimeWaiTCP  CH563NET.lib(tcp.o)
    0x00003bc4   0x00000094   Code   RO          434    i.SetupNetif        CH563NET.lib(ethernetif.o)
    0x00003c58   0x000000b2   Code   RO          180    i.SocketIPRAWReceive  CH563NET.lib(ch563sock.o)
    0x00003d0a   0x00000002   PAD
    0x00003d0c   0x000000d0   Code   RO          181    i.SocketIPRawSend   CH563NET.lib(ch563sock.o)
    0x00003ddc   0x00000100   Code   RO          182    i.SocketTcpSend     CH563NET.lib(ch563sock.o)
    0x00003edc   0x000000be   Code   RO          183    i.SocketUdpReceive  CH563NET.lib(ch563sock.o)
    0x00003f9a   0x00000002   PAD
    0x00003f9c   0x000000c4   Code   RO          184    i.SocketUdpSend     CH563NET.lib(ch563sock.o)
    0x00004060   0x00000020   Code   RO          830    i.__0printf$8       mc_5.l(printf8.o)
    0x00004080   0x00000018   Code   RO          363    i.__ARM_common_switch8  CH563NET.lib(tcp.o)
    0x00004098   0x0000001c   Code   RO          920    i.__scatterload_copy  mc_5.l(handlers.o)
    0x000040b4   0x00000004   Code   RO          921    i.__scatterload_null  mc_5.l(handlers.o)
    0x000040b8   0x00000018   Code   RO          922    i.__scatterload_zeroinit  mc_5.l(handlers.o)
    0x000040d0   0x00000434   Code   RO          837    i._printf_core      mc_5.l(printf8.o)
    0x00004504   0x00000020   Code   RO          838    i._printf_post_padding  mc_5.l(printf8.o)
    0x00004524   0x0000002a   Code   RO          839    i._printf_pre_padding  mc_5.l(printf8.o)
    0x0000454e   0x00000002   PAD
    0x00004550   0x00000084   Code   RO          498    i.alloc_rxdes       CH563NET.lib(ftmac110.o)
    0x000045d4   0x0000005c   Code   RO          499    i.alloc_txdes       CH563NET.lib(ftmac110.o)
    0x00004630   0x00000144   Code   RO          452    i.etharp_arp_input  CH563NET.lib(etharp.o)
    0x00004774   0x0000002e   Code   RO          454    i.etharp_ip_input   CH563NET.lib(etharp.o)
    0x000047a2   0x00000002   PAD
    0x000047a4   0x000000cc   Code   RO          455    i.etharp_output     CH563NET.lib(etharp.o)
    0x00004870   0x000000b0   Code   RO          456    i.etharp_query      CH563NET.lib(etharp.o)
    0x00004920   0x000000bc   Code   RO          457    i.etharp_raw        CH563NET.lib(etharp.o)
    0x000049dc   0x00000024   Code   RO          458    i.etharp_request    CH563NET.lib(etharp.o)
    0x00004a00   0x00000036   Code   RO          459    i.etharp_send_ip    CH563NET.lib(etharp.o)
    0x00004a36   0x00000002   PAD
    0x00004a38   0x0000004c   Code   RO          460    i.etharp_tmr        CH563NET.lib(etharp.o)
    0x00004a84   0x0000005a   Code   RO          461    i.ethernet_input    CH563NET.lib(etharp.o)
    0x00004ade   0x00000002   PAD
    0x00004ae0   0x00000028   Code   RO          435    i.ethernetif_init   CH563NET.lib(ethernetif.o)
    0x00004b08   0x000000ac   Code   RO          436    i.ethernetif_input  CH563NET.lib(ethernetif.o)
    0x00004bb4   0x00000120   Code   RO          462    i.find_entry        CH563NET.lib(etharp.o)
    0x00004cd4   0x00000014   Code   RO          500    i.ftmac110_close    CH563NET.lib(ftmac110.o)
    0x00004ce8   0x00000034   Code   RO          501    i.ftmac110_isr      CH563NET.lib(ftmac110.o)
    0x00004d1c   0x00000028   Code   RO          502    i.ftmac110_open     CH563NET.lib(ftmac110.o)
    0x00004d44   0x000000f0   Code   RO          503    i.ftmac110_open_control  CH563NET.lib(ftmac110.o)
    0x00004e34   0x00000060   Code   RO          504    i.ftmac110_xmit     CH563NET.lib(ftmac110.o)
    0x00004e94   0x0000001a   Code   RO          412    i.htonl             CH563NET.lib(inet.o)
    0x00004eae   0x0000000a   Code   RO          413    i.htons             CH563NET.lib(inet.o)
    0x00004eb8   0x0000000c   Code   RO          571    i.icmp_dest_unreach  CH563NET.lib(icmp.o)
    0x00004ec4   0x000001ec   Code   RO          572    i.icmp_input        CH563NET.lib(icmp.o)
    0x000050b0   0x0000006a   Code   RO          573    i.icmp_send_response  CH563NET.lib(icmp.o)
    0x0000511a   0x0000000c   Code   RO          574    i.icmp_time_exceeded  CH563NET.lib(icmp.o)
    0x00005126   0x0000000e   Code   RO          579    i.inet_chksum       CH563NET.lib(inet_chksum.o)
    0x00005134   0x00000054   Code   RO          580    i.inet_chksum_pbuf  CH563NET.lib(inet_chksum.o)
    0x00005188   0x00000094   Code   RO          581    i.inet_chksum_pseudo  CH563NET.lib(inet_chksum.o)
    0x0000521c   0x0000003a   Code   RO          427    i.ip_addr_isbroadcast  CH563NET.lib(ip_addr.o)
    0x00005256   0x00000162   Code   RO          596    i.ip_frag           CH563NET.lib(ip_frag.o)
    0x000053b8   0x00000264   Code   RO          587    i.ip_input          CH563NET.lib(ip.o)
    0x0000561c   0x00000032   Code   RO          588    i.ip_output         CH563NET.lib(ip.o)
    0x0000564e   0x00000002   PAD
    0x00005650   0x00000110   Code   RO          589    i.ip_output_if      CH563NET.lib(ip.o)
    0x00005760   0x000001d8   Code   RO          597    i.ip_reass          CH563NET.lib(ip_frag.o)
    0x00005938   0x0000017c   Code   RO          598    i.ip_reass_chain_frag_into_datagram_and_validate  CH563NET.lib(ip_frag.o)
    0x00005ab4   0x00000024   Code   RO          599    i.ip_reass_dequeue_datagram  CH563NET.lib(ip_frag.o)
    0x00005ad8   0x00000078   Code   RO          600    i.ip_reass_free_complete_datagram  CH563NET.lib(ip_frag.o)
    0x00005b50   0x0000003c   Code   RO          601    i.ip_reass_tmr      CH563NET.lib(ip_frag.o)
    0x00005b8c   0x00000054   Code   RO          590    i.ip_route          CH563NET.lib(ip.o)
    0x00005be0   0x000000c0   Code   RO          437    i.low_level_init    CH563NET.lib(ethernetif.o)
    0x00005ca0   0x0000019c   Code   RO          438    i.low_level_input   CH563NET.lib(ethernetif.o)
    0x00005e3c   0x000000b4   Code   RO          439    i.low_level_output  CH563NET.lib(ethernetif.o)
    0x00005ef0   0x0000001c   Code   RO          532    i.lwip_init         CH563NET.lib(init.o)
    0x00005f0c   0x00000044   Code   RO          582    i.lwip_standard_chksum  CH563NET.lib(inet_chksum.o)
    0x00005f50   0x00000050   Code   RO          507    i.malloc_ftmac110_device  CH563NET.lib(ftmac110.o)
    0x00005fa0   0x0000002c   Code   RO          535    i.mem_free          CH563NET.lib(mem.o)
    0x00005fcc   0x00000054   Code   RO          536    i.mem_init          CH563NET.lib(mem.o)
    0x00006020   0x000000bc   Code   RO          537    i.mem_malloc        CH563NET.lib(mem.o)
    0x000060dc   0x000000e0   Code   RO          538    i.mem_realloc       CH563NET.lib(mem.o)
    0x000061bc   0x00000014   Code   RO          547    i.memp_free         CH563NET.lib(memp.o)
    0x000061d0   0x00000058   Code   RO          548    i.memp_init         CH563NET.lib(memp.o)
    0x00006228   0x0000001c   Code   RO          549    i.memp_malloc       CH563NET.lib(memp.o)
    0x00006244   0x00000048   Code   RO          249    i.netif_add         CH563NET.lib(netif.o)
    0x0000628c   0x0000000a   Code   RO          251    i.netif_is_up       CH563NET.lib(netif.o)
    0x00006296   0x0000001e   Code   RO          253    i.netif_set_addr    CH563NET.lib(netif.o)
    0x000062b4   0x0000000c   Code   RO          254    i.netif_set_default  CH563NET.lib(netif.o)
    0x000062c0   0x00000016   Code   RO          256    i.netif_set_gw      CH563NET.lib(netif.o)
    0x000062d6   0x00000002   PAD
    0x000062d8   0x00000088   Code   RO          257    i.netif_set_ipaddr  CH563NET.lib(netif.o)
    0x00006360   0x00000016   Code   RO          258    i.netif_set_netmask  CH563NET.lib(netif.o)
    0x00006376   0x00000008   Code   RO          417    i.ntohl             CH563NET.lib(inet.o)
    0x0000637e   0x00000008   Code   RO          418    i.ntohs             CH563NET.lib(inet.o)
    0x00006386   0x00000002   PAD
    0x00006388   0x00000118   Code   RO          272    i.pbuf_alloc        CH563NET.lib(pbuf.o)
    0x000064a0   0x00000028   Code   RO          273    i.pbuf_cat          CH563NET.lib(pbuf.o)
    0x000064c8   0x00000010   Code   RO          274    i.pbuf_chain        CH563NET.lib(pbuf.o)
    0x000064d8   0x00000014   Code   RO          275    i.pbuf_clen         CH563NET.lib(pbuf.o)
    0x000064ec   0x0000009c   Code   RO          277    i.pbuf_copy         CH563NET.lib(pbuf.o)
    0x00006588   0x00000046   Code   RO          280    i.pbuf_free         CH563NET.lib(pbuf.o)
    0x000065ce   0x0000006a   Code   RO          281    i.pbuf_header       CH563NET.lib(pbuf.o)
    0x00006638   0x00000056   Code   RO          282    i.pbuf_realloc      CH563NET.lib(pbuf.o)
    0x0000668e   0x0000000c   Code   RO          283    i.pbuf_ref          CH563NET.lib(pbuf.o)
    0x0000669a   0x00000002   PAD
    0x0000669c   0x00000038   Code   RO          508    i.phyread16         CH563NET.lib(ftmac110.o)
    0x000066d4   0x00000054   Code   RO          539    i.plug_holes        CH563NET.lib(mem.o)
    0x00006728   0x00000018   Code   RO          478    i.raw_bind          CH563NET.lib(raw.o)
    0x00006740   0x00000018   Code   RO          479    i.raw_connect       CH563NET.lib(raw.o)
    0x00006758   0x00000070   Code   RO          480    i.raw_input         CH563NET.lib(raw.o)
    0x000067c8   0x0000002c   Code   RO          481    i.raw_new           CH563NET.lib(raw.o)
    0x000067f4   0x00000006   Code   RO          482    i.raw_recv          CH563NET.lib(raw.o)
    0x000067fa   0x0000000a   Code   RO          484    i.raw_send          CH563NET.lib(raw.o)
    0x00006804   0x00000092   Code   RO          485    i.raw_sendto        CH563NET.lib(raw.o)
    0x00006896   0x00000002   PAD
    0x00006898   0x00000088   Code   RO          509    i.rpkt_finish_handler  CH563NET.lib(ftmac110.o)
    0x00006920   0x000000a8   Code   RO          299    i.tcp_abandon       CH563NET.lib(tcp.o)
    0x000069c8   0x0000011c   Code   RO          302    i.tcp_alloc         CH563NET.lib(tcp.o)
    0x00006ae4   0x00000004   Code   RO          303    i.tcp_arg           CH563NET.lib(tcp.o)
    0x00006ae8   0x00000110   Code   RO          304    i.tcp_bind          CH563NET.lib(tcp.o)
    0x00006bf8   0x000000b4   Code   RO          305    i.tcp_close         CH563NET.lib(tcp.o)
    0x00006cac   0x00000026   Code   RO          308    i.tcp_eff_send_mss  CH563NET.lib(tcp.o)
    0x00006cd2   0x00000002   PAD
    0x00006cd4   0x000003e0   Code   RO          365    i.tcp_enqueue       CH563NET.lib(tcp_out.o)
    0x000070b4   0x00000006   Code   RO          309    i.tcp_err           CH563NET.lib(tcp.o)
    0x000070ba   0x00000002   PAD
    0x000070bc   0x00000068   Code   RO          310    i.tcp_fasttmr       CH563NET.lib(tcp.o)
    0x00007124   0x000003e4   Code   RO          555    i.tcp_input         CH563NET.lib(tcp_in.o)
    0x00007508   0x0000005a   Code   RO          366    i.tcp_keepalive     CH563NET.lib(tcp_out.o)
    0x00007562   0x00000002   PAD
    0x00007564   0x000000fc   Code   RO          556    i.tcp_listen_input  CH563NET.lib(tcp_in.o)
    0x00007660   0x0000000a   Code   RO          312    i.tcp_new           CH563NET.lib(tcp.o)
    0x0000766a   0x00000002   PAD
    0x0000766c   0x00000060   Code   RO          313    i.tcp_new_port      CH563NET.lib(tcp.o)
    0x000076cc   0x00000010   Code   RO          314    i.tcp_next_iss      CH563NET.lib(tcp.o)
    0x000076dc   0x000000b4   Code   RO          557    i.tcp_oos_insert_segment  CH563NET.lib(tcp_in.o)
    0x00007790   0x000001f8   Code   RO          367    i.tcp_output        CH563NET.lib(tcp_out.o)
    0x00007988   0x000000e8   Code   RO          368    i.tcp_output_segment  CH563NET.lib(tcp_out.o)
    0x00007a70   0x000000b0   Code   RO          369    i.tcp_output_set_header  CH563NET.lib(tcp_out.o)
    0x00007b20   0x00000094   Code   RO          558    i.tcp_parseopt      CH563NET.lib(tcp_in.o)
    0x00007bb4   0x00000044   Code   RO          315    i.tcp_pcb_purge     CH563NET.lib(tcp.o)
    0x00007bf8   0x0000005c   Code   RO          316    i.tcp_pcb_remove    CH563NET.lib(tcp.o)
    0x00007c54   0x00000354   Code   RO          559    i.tcp_process       CH563NET.lib(tcp_in.o)
    0x00007fa8   0x0000073c   Code   RO          560    i.tcp_receive       CH563NET.lib(tcp_in.o)
    0x000086e4   0x00000026   Code   RO          319    i.tcp_recv_null     CH563NET.lib(tcp.o)
    0x0000870a   0x00000002   PAD
    0x0000870c   0x00000040   Code   RO          320    i.tcp_recved        CH563NET.lib(tcp.o)
    0x0000874c   0x00000026   Code   RO          186    i.tcp_recved_socket  CH563NET.lib(ch563sock.o)
    0x00008772   0x00000050   Code   RO          370    i.tcp_rexmit        CH563NET.lib(tcp_out.o)
    0x000087c2   0x00000050   Code   RO          371    i.tcp_rexmit_fast   CH563NET.lib(tcp_out.o)
    0x00008812   0x00000030   Code   RO          372    i.tcp_rexmit_rto    CH563NET.lib(tcp_out.o)
    0x00008842   0x00000002   PAD
    0x00008844   0x000000e4   Code   RO          373    i.tcp_rst           CH563NET.lib(tcp_out.o)
    0x00008928   0x00000024   Code   RO          321    i.tcp_seg_copy      CH563NET.lib(tcp.o)
    0x0000894c   0x00000022   Code   RO          322    i.tcp_seg_free      CH563NET.lib(tcp.o)
    0x0000896e   0x0000001c   Code   RO          323    i.tcp_segs_free     CH563NET.lib(tcp.o)
    0x0000898a   0x00000016   Code   RO          374    i.tcp_send_ctrl     CH563NET.lib(tcp_out.o)
    0x000089a0   0x0000006e   Code   RO          375    i.tcp_send_empty_ack  CH563NET.lib(tcp_out.o)
    0x00008a0e   0x00000002   PAD
    0x00008a10   0x00000274   Code   RO          326    i.tcp_slowtmr       CH563NET.lib(tcp.o)
    0x00008c84   0x00000078   Code   RO          561    i.tcp_timewait_input  CH563NET.lib(tcp_in.o)
    0x00008cfc   0x0000001c   Code   RO          327    i.tcp_tmr           CH563NET.lib(tcp.o)
    0x00008d18   0x0000003c   Code   RO          328    i.tcp_update_rcv_ann_wnd  CH563NET.lib(tcp.o)
    0x00008d54   0x00000030   Code   RO          376    i.tcp_write         CH563NET.lib(tcp_out.o)
    0x00008d84   0x000000c4   Code   RO          377    i.tcp_zero_window_probe  CH563NET.lib(tcp_out.o)
    0x00008e48   0x000000a0   Code   RO          391    i.udp_bind          CH563NET.lib(udp.o)
    0x00008ee8   0x00000088   Code   RO          392    i.udp_connect       CH563NET.lib(udp.o)
    0x00008f70   0x00000218   Code   RO          394    i.udp_input         CH563NET.lib(udp.o)
    0x00009188   0x0000001a   Code   RO          395    i.udp_new           CH563NET.lib(udp.o)
    0x000091a2   0x00000006   Code   RO          396    i.udp_recv          CH563NET.lib(udp.o)
    0x000091a8   0x0000000c   Code   RO          398    i.udp_send          CH563NET.lib(udp.o)
    0x000091b4   0x0000002a   Code   RO          399    i.udp_sendto        CH563NET.lib(udp.o)
    0x000091de   0x000000ea   Code   RO          400    i.udp_sendto_if     CH563NET.lib(udp.o)
    0x000092c8   0x00000088   Code   RO          463    i.update_arp_entry  CH563NET.lib(etharp.o)
    0x00009350   0x0000002c   Data   RO            3    .constdata          ch563.o
    0x0000937c   0x00000010   Data   RO          188    .constdata          CH563NET.lib(ch563sock.o)
    0x0000938c   0x0000001b   Data   RO          329    .constdata          CH563NET.lib(tcp.o)
    0x000093a7   0x00000004   Data   RO          428    .constdata          CH563NET.lib(ip_addr.o)
    0x000093ab   0x0000000c   Data   RO          464    .constdata          CH563NET.lib(etharp.o)
    0x000093b7   0x00000068   Data   RO          330    .conststring        CH563NET.lib(tcp.o)
    0x0000941f   0x00000001   PAD
    0x00009420   0x00000020   Data   RO          918    Region$$Table       anon$$obj.o


    Execution Region SRAM_DATA (Base: 0x00810000, Size: 0x00009c70, Max: 0x0000fc00, ABSOLUTE, COMPRESSED[0x00000068])

    Base Addr    Size         Type   Attr      Idx    E Section Name        Object

    0x00810000   0x0000002e   Data   RW            4    .data               ch563.o
    0x0081002e   0x00000002   PAD
    0x00810030   0x0000000c   Data   RW           43    .data               main.o
    0x0081003c   0x00000001   Data   RW           72    .data               plc.o
    0x0081003d   0x00000003   PAD
    0x00810040   0x0000000c   Data   RW          189    .data               CH563NET.lib(ch563sock.o)
    0x0081004c   0x0000000c   Data   RW          260    .data               CH563NET.lib(netif.o)
    0x00810058   0x0000004c   Data   RW          331    .data               CH563NET.lib(tcp.o)
    0x008100a4   0x00000004   Data   RW          401    .data               CH563NET.lib(udp.o)
    0x008100a8   0x00000044   Data   RW          441    .data               CH563NET.lib(ethernetif.o)
    0x008100ec   0x00000008   Data   RW          465    .data               CH563NET.lib(etharp.o)
    0x008100f4   0x00000004   Data   RW          486    .data               CH563NET.lib(raw.o)
    0x008100f8   0x0000000c   Data   RW          512    .data               CH563NET.lib(ftmac110.o)
    0x00810104   0x00000014   Data   RW          540    .data               CH563NET.lib(mem.o)
    0x00810118   0x0000000c   Data   RW          551    .data               CH563NET.lib(memp.o)
    0x00810124   0x0000001c   Data   RW          563    .data               CH563NET.lib(tcp_in.o)
    0x00810140   0x0000000c   Data   RW          591    .data               CH563NET.lib(ip.o)
    0x0081014c   0x00000008   Data   RW          602    .data               CH563NET.lib(ip_frag.o)
    0x00810154   0x00000004   Data   RW          892    .data               mc_5.l(stdout.o)
    0x00810158   0x00000008   PAD
    0x00810160   0x000082f6   Zero   RW            2    .bss                ch563.o
    0x00818456   0x00000bf6   Zero   RW           42    .bss                main.o
    0x0081904c   0x00000400   Zero   RW           71    .bss                plc.o
    0x0081944c   0x00000064   Zero   RW          187    .bss                CH563NET.lib(ch563sock.o)
    0x008194b0   0x00000734   Zero   RW          440    .bss                CH563NET.lib(ethernetif.o)
    0x00819be4   0x00000044   Zero   RW          510    .bss                CH563NET.lib(ftmac110.o)
    0x00819c28   0x00000020   Zero   RW          550    .bss                CH563NET.lib(memp.o)
    0x00819c48   0x00000014   Zero   RW          562    .bss                CH563NET.lib(tcp_in.o)
    0x00819c5c   0x00000014   Zero   RW          609    .bss                CH563NET.lib(ch563net_nds.o)


    Execution Region SRAM_HEAP (Base: 0x00819c70, Size: 0x00000000, Max: 0xffffffff, ABSOLUTE, UNINIT)

    **** No section assigned to this execution region ****


    Execution Region SRAM_STACK (Base: 0x00820000, Size: 0x00000400, Max: 0xffffffff, ABSOLUTE, UNINIT)

    Base Addr    Size         Type   Attr      Idx    E Section Name        Object

    0x00820000   0x00000400   Zero   RW           96    STACK               startup.o


==============================================================================

Image component sizes


      Code (inc. data)   RO Data    RW Data    ZI Data      Debug   Object Name

      2804        260         44         46      33526      18165   ch563.o
      4120        176          0         12       3062       9312   main.o
      2880         24          0          1       1024       7483   plc.o
       144          8          0          0       1024        304   startup.o
       156          4          0          0          0        776   sysfreq.o

    ----------------------------------------------------------------------
     10104        472         76         64      38636      36040   Object Totals
         0          0         32          0          0          0   (incl. Generated)
         0          0          0          5          0          3   (incl. Padding)

    ----------------------------------------------------------------------

      Code (inc. data)   RO Data    RW Data    ZI Data      Debug   Library Member Name

         0          0          0          0         20          0   ch563net_nds.o
      3206        222         16         12        100       2300   ch563sock.o
      1618         64         12          8          0        852   etharp.o
      1640        214          0         68       1844        664   ethernetif.o
      1084        134          0         12         68        892   ftmac110.o
       176         18          0          0          0         76   hal.o
       622          4          0          0          0        296   icmp.o
        52          0          0          0          0        256   inet.o
       314          0          0          0          0        292   inet_chksum.o
        28          6          0          0          0         68   init.o
      1018         32          0         12          0        324   ip.o
        58          0          4          0          0         68   ip_addr.o
      1422         32          0          8          0        468   ip_frag.o
       624         50          0         20          0        364   mem.o
       136         16          0         12         32        196   memp.o
       304         20          0         12          0        480   netif.o
       786          4          0          0          0        620   pbuf.o
       366         10          0          4          0        500   raw.o
      2334         96        131         76          0       1640   tcp.o
      4400        114          0         28         20        540   tcp_in.o
      2806         48          0          0          0        968   tcp_out.o
      1152         24          0          4          0        596   udp.o
      1616         12          0          0          0        653   ISPXT563.O
        72          0          0          0          0       3446   eeprom.o
        76          0          0          0          0          0   __dczerorl.o
         0          0          0          0          0          0   entry.o
         8          4          0          0          0          0   entry2.o
         4          0          0          0          0          0   entry5.o
        12          4          0          0          0          0   entry7.o
        56          0          0          0          0          0   handlers.o
        40          0          0          0          0         72   idiv.o
        32         10          0          0          0         68   init.o
        32          0          0          0          0         68   llshl.o
        34          0          0          0          0         68   llushr.o
        36          0          0          0          0         60   memcpya.o
        40          0          0          0          0        100   memseta.o
      1182         54          0          0          0        324   printf8.o
         0          0          0          4          0          0   stdout.o
        44          0          0          0          0         72   uidiv.o
        96          0          0          0          0         84   uldiv.o
        20          0          0          0          0         60   uread4.o
        18          0          0          0          0         60   uwrite4.o

    ----------------------------------------------------------------------
     27608       1192        164        280       2092      17595   Library Totals
        44          0          1          0          8          0   (incl. Padding)

    ----------------------------------------------------------------------

      Code (inc. data)   RO Data    RW Data    ZI Data      Debug   Library Name

     24146       1108        163        276       2084      12460   CH563NET.lib
      1688         12          0          0          0       4099   ISPXT563.O
      1730         72          0          4          0       1036   mc_5.l

    ----------------------------------------------------------------------
     27608       1192        164        280       2092      17595   Library Totals

    ----------------------------------------------------------------------

==============================================================================


      Code (inc. data)   RO Data    RW Data    ZI Data      Debug   

     37712       1664        240        344      40728      45400   Grand Totals
     37712       1664        240        104      40728      45400   ELF Image Totals (compressed)
     37712       1664        240        104          0          0   ROM Totals

==============================================================================

    Total RO  Size (Code + RO Data)                37952 (  37.06kB)
    Total RW  Size (RW Data + ZI Data)             41072 (  40.11kB)
    Total ROM Size (Code + RO Data + RW Data)      38056 (  37.16kB)

==============================================================================

