<html>
<body>
<pre>
<h1>µVision Build Log</h1>
<h2>Project:</h2>
C:\Users\Administrator\Desktop\CH563_UDP_CLIENT_ ¶–÷ ‰ÀÕœﬂøŒÃ‚2.3\MDK4\CH563.uvproj
Project File Date:  03/03/2018

<h2>Output:</h2>
compiling main.c...
..\User\main.c - 0 Error(s), 0 Warning(s).
compiling main.c...
..\User\main.c - 0 Error(s), 0 Warning(s).
Build target 'CH563'
linking...
..\Obj\CH563.axf: Warning: L6305W: Image does not have an entry point. (Not specified or not set due to multiple choices.)
..\SRC\CH563D64.SCF(20): warning: L6329W: Pattern STARTUP.O(HEAP) only matches removed unused sections.
Program Size: Code=37712 RO-data=240 RW-data=344 ZI-data=40728  
FromELF: creating hex file...
"..\Obj\CH563.axf" - 0 Error(s), 2 Warning(s).
Build target 'CH563'
compiling CH563.C...
compiling main.c...
compiling PLC.c...
assembling STARTUP.S...
compiling SYSFREQ.C...
linking...
..\Obj\CH563.axf: Warning: L6305W: Image does not have an entry point. (Not specified or not set due to multiple choices.)
..\SRC\CH563D64.SCF(20): warning: L6329W: Pattern STARTUP.O(HEAP) only matches removed unused sections.
Program Size: Code=37712 RO-data=240 RW-data=344 ZI-data=40728  
FromELF: creating hex file...
"..\Obj\CH563.axf" - 0 Error(s), 2 Warning(s).
compiling main.c...
..\User\main.c - 0 Error(s), 0 Warning(s).
Build target 'CH563'
linking...
..\Obj\CH563.axf: Warning: L6305W: Image does not have an entry point. (Not specified or not set due to multiple choices.)
..\SRC\CH563D64.SCF(20): warning: L6329W: Pattern STARTUP.O(HEAP) only matches removed unused sections.
Program Size: Code=37712 RO-data=240 RW-data=344 ZI-data=40728  
FromELF: creating hex file...
"..\Obj\CH563.axf" - 0 Error(s), 2 Warning(s).
Build target 'CH563'
compiling CH563.C...
compiling main.c...
compiling PLC.c...
assembling STARTUP.S...
compiling SYSFREQ.C...
linking...
..\Obj\CH563.axf: Warning: L6305W: Image does not have an entry point. (Not specified or not set due to multiple choices.)
..\SRC\CH563D64.SCF(20): warning: L6329W: Pattern STARTUP.O(HEAP) only matches removed unused sections.
Program Size: Code=37712 RO-data=240 RW-data=344 ZI-data=40728  
FromELF: creating hex file...
"..\Obj\CH563.axf" - 0 Error(s), 2 Warning(s).
compiling CH563.C...
..\User\CH563.C - 0 Error(s), 0 Warning(s).
Build target 'CH563'
linking...
..\Obj\CH563.axf: Warning: L6305W: Image does not have an entry point. (Not specified or not set due to multiple choices.)
..\SRC\CH563D64.SCF(20): warning: L6329W: Pattern STARTUP.O(HEAP) only matches removed unused sections.
Program Size: Code=37712 RO-data=240 RW-data=344 ZI-data=40728  
FromELF: creating hex file...
"..\Obj\CH563.axf" - 0 Error(s), 2 Warning(s).
Build target 'CH563'
compiling CH563.C...
compiling main.c...
compiling PLC.c...
assembling STARTUP.S...
compiling SYSFREQ.C...
linking...
..\Obj\CH563.axf: Warning: L6305W: Image does not have an entry point. (Not specified or not set due to multiple choices.)
..\SRC\CH563D64.SCF(20): warning: L6329W: Pattern STARTUP.O(HEAP) only matches removed unused sections.
Program Size: Code=37712 RO-data=240 RW-data=344 ZI-data=40728  
FromELF: creating hex file...
"..\Obj\CH563.axf" - 0 Error(s), 2 Warning(s).
compiling CH563.C...
..\User\CH563.C - 0 Error(s), 0 Warning(s).
Build target 'CH563'
linking...
..\Obj\CH563.axf: Warning: L6305W: Image does not have an entry point. (Not specified or not set due to multiple choices.)
..\SRC\CH563D64.SCF(20): warning: L6329W: Pattern STARTUP.O(HEAP) only matches removed unused sections.
Program Size: Code=37712 RO-data=240 RW-data=344 ZI-data=40728  
FromELF: creating hex file...
"..\Obj\CH563.axf" - 0 Error(s), 2 Warning(s).
Build target 'CH563'
compiling CH563.C...
compiling main.c...
compiling PLC.c...
assembling STARTUP.S...
compiling SYSFREQ.C...
linking...
..\Obj\CH563.axf: Warning: L6305W: Image does not have an entry point. (Not specified or not set due to multiple choices.)
..\SRC\CH563D64.SCF(20): warning: L6329W: Pattern STARTUP.O(HEAP) only matches removed unused sections.
Program Size: Code=37712 RO-data=240 RW-data=344 ZI-data=40728  
FromELF: creating hex file...
"..\Obj\CH563.axf" - 0 Error(s), 2 Warning(s).
